This is pdfTeX, Version 3.141592653-2.6-1.40.26 (TeX Live 2025/dev/Debian) (preloaded format=pdflatex 2026.2.15)  14 MAY 2026 22:49
entering extended mode
 restricted \write18 enabled.
 %&-line parsing enabled.
**RC_Car_Report.tex
(./RC_Car_Report.tex
LaTeX2e <2024-11-01> patch level 2
L3 programming layer <2025-01-18>
(/usr/share/texlive/texmf-dist/tex/latex/ieeetran/IEEEtran.cls
Document Class: IEEEtran 2015/08/26 V1.8b by Michael Shell
-- See the "IEEEtran_HOWTO" manual for usage information.
-- http://www.michaelshell.org/tex/ieeetran/
\@IEEEtrantmpdimenA=\dimen141
\@IEEEtrantmpdimenB=\dimen142
\@IEEEtrantmpdimenC=\dimen143
\@IEEEtrantmpcountA=\count196
\@IEEEtrantmpcountB=\count197
\@IEEEtrantmpcountC=\count198
\@IEEEtrantmptoksA=\toks17
LaTeX Font Info:    Trying to load font information for OT1+ptm on input line 5
03.
(/usr/share/texlive/texmf-dist/tex/latex/psnfss/ot1ptm.fd
File: ot1ptm.fd 2001/06/04 font definitions for OT1/ptm.
)
-- Using 8.5in x 11in (letter) paper.
-- Using PDF output.
\@IEEEnormalsizeunitybaselineskip=\dimen144
-- This is a 10 point document.
\CLASSINFOnormalsizebaselineskip=\dimen145
\CLASSINFOnormalsizeunitybaselineskip=\dimen146
\IEEEnormaljot=\dimen147
LaTeX Font Info:    Font shape `OT1/ptm/bx/n' in size <5> not available
(Font)              Font shape `OT1/ptm/b/n' tried instead on input line 1090.
LaTeX Font Info:    Font shape `OT1/ptm/bx/it' in size <5> not available
(Font)              Font shape `OT1/ptm/b/it' tried instead on input line 1090.

LaTeX Font Info:    Font shape `OT1/ptm/bx/n' in size <7> not available
(Font)              Font shape `OT1/ptm/b/n' tried instead on input line 1090.
LaTeX Font Info:    Font shape `OT1/ptm/bx/it' in size <7> not available
(Font)              Font shape `OT1/ptm/b/it' tried instead on input line 1090.

LaTeX Font Info:    Font shape `OT1/ptm/bx/n' in size <8> not available
(Font)              Font shape `OT1/ptm/b/n' tried instead on input line 1090.
LaTeX Font Info:    Font shape `OT1/ptm/bx/it' in size <8> not available
(Font)              Font shape `OT1/ptm/b/it' tried instead on input line 1090.

LaTeX Font Info:    Font shape `OT1/ptm/bx/n' in size <9> not available
(Font)              Font shape `OT1/ptm/b/n' tried instead on input line 1090.
LaTeX Font Info:    Font shape `OT1/ptm/bx/it' in size <9> not available
(Font)              Font shape `OT1/ptm/b/it' tried instead on input line 1090.

LaTeX Font Info:    Font shape `OT1/ptm/bx/n' in size <10> not available
(Font)              Font shape `OT1/ptm/b/n' tried instead on input line 1090.
LaTeX Font Info:    Font shape `OT1/ptm/bx/it' in size <10> not available
(Font)              Font shape `OT1/ptm/b/it' tried instead on input line 1090.

LaTeX Font Info:    Font shape `OT1/ptm/bx/n' in size <11> not available
(Font)              Font shape `OT1/ptm/b/n' tried instead on input line 1090.
LaTeX Font Info:    Font shape `OT1/ptm/bx/it' in size <11> not available
(Font)              Font shape `OT1/ptm/b/it' tried instead on input line 1090.

LaTeX Font Info:    Font shape `OT1/ptm/bx/n' in size <12> not available
(Font)              Font shape `OT1/ptm/b/n' tried instead on input line 1090.
LaTeX Font Info:    Font shape `OT1/ptm/bx/it' in size <12> not available
(Font)              Font shape `OT1/ptm/b/it' tried instead on input line 1090.

LaTeX Font Info:    Font shape `OT1/ptm/bx/n' in size <17> not available
(Font)              Font shape `OT1/ptm/b/n' tried instead on input line 1090.
LaTeX Font Info:    Font shape `OT1/ptm/bx/it' in size <17> not available
(Font)              Font shape `OT1/ptm/b/it' tried instead on input line 1090.

LaTeX Font Info:    Font shape `OT1/ptm/bx/n' in size <20> not available
(Font)              Font shape `OT1/ptm/b/n' tried instead on input line 1090.
LaTeX Font Info:    Font shape `OT1/ptm/bx/it' in size <20> not available
(Font)              Font shape `OT1/ptm/b/it' tried instead on input line 1090.

LaTeX Font Info:    Font shape `OT1/ptm/bx/n' in size <24> not available
(Font)              Font shape `OT1/ptm/b/n' tried instead on input line 1090.
LaTeX Font Info:    Font shape `OT1/ptm/bx/it' in size <24> not available
(Font)              Font shape `OT1/ptm/b/it' tried instead on input line 1090.

\IEEEquantizedlength=\dimen148
\IEEEquantizedlengthdiff=\dimen149
\IEEEquantizedtextheightdiff=\dimen150
\IEEEilabelindentA=\dimen151
\IEEEilabelindentB=\dimen152
\IEEEilabelindent=\dimen153
\IEEEelabelindent=\dimen154
\IEEEdlabelindent=\dimen155
\IEEElabelindent=\dimen156
\IEEEiednormlabelsep=\dimen157
\IEEEiedmathlabelsep=\dimen158
\IEEEiedtopsep=\skip49
\c@section=\count199
\c@subsection=\count266
\c@subsubsection=\count267
\c@paragraph=\count268
\c@IEEEsubequation=\count269
\abovecaptionskip=\skip50
\belowcaptionskip=\skip51
\c@figure=\count270
\c@table=\count271
\@IEEEeqnnumcols=\count272
\@IEEEeqncolcnt=\count273
\@IEEEsubeqnnumrollback=\count274
\@IEEEquantizeheightA=\dimen159
\@IEEEquantizeheightB=\dimen160
\@IEEEquantizeheightC=\dimen161
\@IEEEquantizeprevdepth=\dimen162
\@IEEEquantizemultiple=\count275
\@IEEEquantizeboxA=\box52
\@IEEEtmpitemindent=\dimen163
\IEEEPARstartletwidth=\dimen164
\c@IEEEbiography=\count276
\@IEEEtranrubishbin=\box53
) (/usr/share/texlive/texmf-dist/tex/latex/base/fontenc.sty
Package: fontenc 2021/04/29 v2.0v Standard LaTeX package
LaTeX Font Info:    Trying to load font information for T1+ptm on input line 11
6.

(/usr/share/texlive/texmf-dist/tex/latex/psnfss/t1ptm.fd
File: t1ptm.fd 2001/06/04 font definitions for T1/ptm.
))
(/usr/share/texlive/texmf-dist/tex/latex/base/inputenc.sty
Package: inputenc 2024/02/08 v1.3d Input encoding file
\inpenc@prehook=\toks18
\inpenc@posthook=\toks19
)
(/usr/share/texlive/texmf-dist/tex/latex/amsmath/amsmath.sty
Package: amsmath 2024/11/05 v2.17t AMS math features
\@mathmargin=\skip52

For additional information on amsmath, use the `?' option.
(/usr/share/texlive/texmf-dist/tex/latex/amsmath/amstext.sty
Package: amstext 2021/08/26 v2.01 AMS text

(/usr/share/texlive/texmf-dist/tex/latex/amsmath/amsgen.sty
File: amsgen.sty 1999/11/30 v2.0 generic functions
\@emptytoks=\toks20
\ex@=\dimen165
))
(/usr/share/texlive/texmf-dist/tex/latex/amsmath/amsbsy.sty
Package: amsbsy 1999/11/29 v1.2d Bold Symbols
\pmbraise@=\dimen166
)
(/usr/share/texlive/texmf-dist/tex/latex/amsmath/amsopn.sty
Package: amsopn 2022/04/08 v2.04 operator names
)
\inf@bad=\count277
LaTeX Info: Redefining \frac on input line 233.
\uproot@=\count278
\leftroot@=\count279
LaTeX Info: Redefining \overline on input line 398.
LaTeX Info: Redefining \colon on input line 409.
\classnum@=\count280
\DOTSCASE@=\count281
LaTeX Info: Redefining \ldots on input line 495.
LaTeX Info: Redefining \dots on input line 498.
LaTeX Info: Redefining \cdots on input line 619.
\Mathstrutbox@=\box54
\strutbox@=\box55
LaTeX Info: Redefining \big on input line 721.
LaTeX Info: Redefining \Big on input line 722.
LaTeX Info: Redefining \bigg on input line 723.
LaTeX Info: Redefining \Bigg on input line 724.
\big@size=\dimen167
LaTeX Font Info:    Redeclaring font encoding OML on input line 742.
LaTeX Font Info:    Redeclaring font encoding OMS on input line 743.
\macc@depth=\count282
LaTeX Info: Redefining \bmod on input line 904.
LaTeX Info: Redefining \pmod on input line 909.
LaTeX Info: Redefining \smash on input line 939.
LaTeX Info: Redefining \relbar on input line 969.
LaTeX Info: Redefining \Relbar on input line 970.
\c@MaxMatrixCols=\count283
\dotsspace@=\muskip17
\c@parentequation=\count284
\dspbrk@lvl=\count285
\tag@help=\toks21
\row@=\count286
\column@=\count287
\maxfields@=\count288
\andhelp@=\toks22
\eqnshift@=\dimen168
\alignsep@=\dimen169
\tagshift@=\dimen170
\tagwidth@=\dimen171
\totwidth@=\dimen172
\lineht@=\dimen173
\@envbody=\toks23
\multlinegap=\skip53
\multlinetaggap=\skip54
\mathdisplay@stack=\toks24
LaTeX Info: Redefining \[ on input line 2953.
LaTeX Info: Redefining \] on input line 2954.
)
(/usr/share/texlive/texmf-dist/tex/latex/amsfonts/amssymb.sty
Package: amssymb 2013/01/14 v3.01 AMS font symbols

(/usr/share/texlive/texmf-dist/tex/latex/amsfonts/amsfonts.sty
Package: amsfonts 2013/01/14 v3.01 Basic AMSFonts support
\symAMSa=\mathgroup4
\symAMSb=\mathgroup5
LaTeX Font Info:    Redeclaring math symbol \hbar on input line 98.
LaTeX Font Info:    Overwriting math alphabet `\mathfrak' in version `bold'
(Font)                  U/euf/m/n --> U/euf/b/n on input line 106.
))
(/usr/share/texlive/texmf-dist/tex/latex/graphics/graphicx.sty
Package: graphicx 2021/09/16 v1.2d Enhanced LaTeX Graphics (DPC,SPQR)

(/usr/share/texlive/texmf-dist/tex/latex/graphics/keyval.sty
Package: keyval 2022/05/29 v1.15 key=value parser (DPC)
\KV@toks@=\toks25
)
(/usr/share/texlive/texmf-dist/tex/latex/graphics/graphics.sty
Package: graphics 2024/08/06 v1.4g Standard LaTeX Graphics (DPC,SPQR)

(/usr/share/texlive/texmf-dist/tex/latex/graphics/trig.sty
Package: trig 2023/12/02 v1.11 sin cos tan (DPC)
)
(/usr/share/texlive/texmf-dist/tex/latex/graphics-cfg/graphics.cfg
File: graphics.cfg 2016/06/04 v1.11 sample graphics configuration
)
Package graphics Info: Driver file: pdftex.def on input line 106.

(/usr/share/texlive/texmf-dist/tex/latex/graphics-def/pdftex.def
File: pdftex.def 2024/04/13 v1.2c Graphics/color driver for pdftex
))
\Gin@req@height=\dimen174
\Gin@req@width=\dimen175
)
(/usr/share/texlive/texmf-dist/tex/latex/booktabs/booktabs.sty
Package: booktabs 2020/01/12 v1.61803398 Publication quality tables
\heavyrulewidth=\dimen176
\lightrulewidth=\dimen177
\cmidrulewidth=\dimen178
\belowrulesep=\dimen179
\belowbottomsep=\dimen180
\aboverulesep=\dimen181
\abovetopsep=\dimen182
\cmidrulesep=\dimen183
\cmidrulekern=\dimen184
\defaultaddspace=\dimen185
\@cmidla=\count289
\@cmidlb=\count290
\@aboverulesep=\dimen186
\@belowrulesep=\dimen187
\@thisruleclass=\count291
\@lastruleclass=\count292
\@thisrulewidth=\dimen188
)
(/usr/share/texlive/texmf-dist/tex/latex/cite/cite.sty
LaTeX Info: Redefining \cite on input line 302.
LaTeX Info: Redefining \nocite on input line 332.
Package: cite 2015/02/27  v 5.5
)
(/usr/share/texlive/texmf-dist/tex/latex/listings/listings.sty
\lst@mode=\count293
\lst@gtempboxa=\box56
\lst@token=\toks26
\lst@length=\count294
\lst@currlwidth=\dimen189
\lst@column=\count295
\lst@pos=\count296
\lst@lostspace=\dimen190
\lst@width=\dimen191
\lst@newlines=\count297
\lst@lineno=\count298
\lst@maxwidth=\dimen192

(/usr/share/texlive/texmf-dist/tex/latex/listings/lstpatch.sty
File: lstpatch.sty 2024/09/23 1.10c (Carsten Heinz)
)
(/usr/share/texlive/texmf-dist/tex/latex/listings/lstmisc.sty
File: lstmisc.sty 2024/09/23 1.10c (Carsten Heinz)
\c@lstnumber=\count299
\lst@skipnumbers=\count300
\lst@framebox=\box57
)
(/usr/share/texlive/texmf-dist/tex/latex/listings/listings.cfg
File: listings.cfg 2024/09/23 1.10c listings configuration
))
Package: listings 2024/09/23 1.10c (Carsten Heinz)

(/usr/share/texlive/texmf-dist/tex/latex/xcolor/xcolor.sty
Package: xcolor 2024/09/29 v3.02 LaTeX color extensions (UK)

(/usr/share/texlive/texmf-dist/tex/latex/graphics-cfg/color.cfg
File: color.cfg 2016/01/02 v1.6 sample color configuration
)
Package xcolor Info: Driver file: pdftex.def on input line 274.

(/usr/share/texlive/texmf-dist/tex/latex/graphics/mathcolor.ltx)
Package xcolor Info: Model `cmy' substituted by `cmy0' on input line 1349.
Package xcolor Info: Model `hsb' substituted by `rgb' on input line 1353.
Package xcolor Info: Model `RGB' extended on input line 1365.
Package xcolor Info: Model `HTML' substituted by `rgb' on input line 1367.
Package xcolor Info: Model `Hsb' substituted by `hsb' on input line 1368.
Package xcolor Info: Model `tHsb' substituted by `hsb' on input line 1369.
Package xcolor Info: Model `HSB' substituted by `hsb' on input line 1370.
Package xcolor Info: Model `Gray' substituted by `gray' on input line 1371.
Package xcolor Info: Model `wave' substituted by `hsb' on input line 1372.
)
(/usr/share/texlive/texmf-dist/tex/latex/float/float.sty
Package: float 2001/11/08 v1.3d Float enhancements (AL)
\c@float@type=\count301
\float@exts=\toks27
\float@box=\box58
\@float@everytoks=\toks28
\@floatcapt=\box59
)
(/usr/share/texlive/texmf-dist/tex/latex/hyperref/hyperref.sty
Package: hyperref 2024-11-05 v7.01l Hypertext links for LaTeX

(/usr/share/texlive/texmf-dist/tex/generic/iftex/iftex.sty
Package: iftex 2024/12/12 v1.0g TeX engine tests
)
(/usr/share/texlive/texmf-dist/tex/latex/kvsetkeys/kvsetkeys.sty
Package: kvsetkeys 2022-10-05 v1.19 Key value parser (HO)
)
(/usr/share/texlive/texmf-dist/tex/generic/kvdefinekeys/kvdefinekeys.sty
Package: kvdefinekeys 2019-12-19 v1.6 Define keys (HO)
)
(/usr/share/texlive/texmf-dist/tex/generic/pdfescape/pdfescape.sty
Package: pdfescape 2019/12/09 v1.15 Implements pdfTeX's escape features (HO)

(/usr/share/texlive/texmf-dist/tex/generic/ltxcmds/ltxcmds.sty
Package: ltxcmds 2023-12-04 v1.26 LaTeX kernel commands for general use (HO)
)
(/usr/share/texlive/texmf-dist/tex/generic/pdftexcmds/pdftexcmds.sty
Package: pdftexcmds 2020-06-27 v0.33 Utility functions of pdfTeX for LuaTeX (HO
)

(/usr/share/texlive/texmf-dist/tex/generic/infwarerr/infwarerr.sty
Package: infwarerr 2019/12/03 v1.5 Providing info/warning/error messages (HO)
)
Package pdftexcmds Info: \pdf@primitive is available.
Package pdftexcmds Info: \pdf@ifprimitive is available.
Package pdftexcmds Info: \pdfdraftmode found.
))
(/usr/share/texlive/texmf-dist/tex/latex/hycolor/hycolor.sty
Package: hycolor 2020-01-27 v1.10 Color options for hyperref/bookmark (HO)
)
(/usr/share/texlive/texmf-dist/tex/latex/hyperref/nameref.sty
Package: nameref 2023-11-26 v2.56 Cross-referencing by name of section

(/usr/share/texlive/texmf-dist/tex/latex/refcount/refcount.sty
Package: refcount 2019/12/15 v3.6 Data extraction from label references (HO)
)
(/usr/share/texlive/texmf-dist/tex/generic/gettitlestring/gettitlestring.sty
Package: gettitlestring 2019/12/15 v1.6 Cleanup title references (HO)

(/usr/share/texlive/texmf-dist/tex/latex/kvoptions/kvoptions.sty
Package: kvoptions 2022-06-15 v3.15 Key value format for package options (HO)
))
\c@section@level=\count302
)
(/usr/share/texlive/texmf-dist/tex/latex/etoolbox/etoolbox.sty
Package: etoolbox 2025/02/11 v2.5l e-TeX tools for LaTeX (JAW)
\etb@tempcnta=\count303
)
(/usr/share/texlive/texmf-dist/tex/generic/stringenc/stringenc.sty
Package: stringenc 2019/11/29 v1.12 Convert strings between diff. encodings (HO
)
)
\@linkdim=\dimen193
\Hy@linkcounter=\count304
\Hy@pagecounter=\count305

(/usr/share/texlive/texmf-dist/tex/latex/hyperref/pd1enc.def
File: pd1enc.def 2024-11-05 v7.01l Hyperref: PDFDocEncoding definition (HO)
Now handling font encoding PD1 ...
... no UTF-8 mapping file for font encoding PD1
)
(/usr/share/texlive/texmf-dist/tex/generic/intcalc/intcalc.sty
Package: intcalc 2019/12/15 v1.3 Expandable calculations with integers (HO)
)
\Hy@SavedSpaceFactor=\count306

(/usr/share/texlive/texmf-dist/tex/latex/hyperref/puenc.def
File: puenc.def 2024-11-05 v7.01l Hyperref: PDF Unicode definition (HO)
Now handling font encoding PU ...
... no UTF-8 mapping file for font encoding PU
)
Package hyperref Info: Hyper figures OFF on input line 4157.
Package hyperref Info: Link nesting OFF on input line 4162.
Package hyperref Info: Hyper index ON on input line 4165.
Package hyperref Info: Plain pages OFF on input line 4172.
Package hyperref Info: Backreferencing OFF on input line 4177.
Package hyperref Info: Implicit mode ON; LaTeX internals redefined.
Package hyperref Info: Bookmarks ON on input line 4424.
\c@Hy@tempcnt=\count307

(/usr/share/texlive/texmf-dist/tex/latex/url/url.sty
\Urlmuskip=\muskip18
Package: url 2013/09/16  ver 3.4  Verb mode for urls, etc.
)
LaTeX Info: Redefining \url on input line 4763.
\XeTeXLinkMargin=\dimen194

(/usr/share/texlive/texmf-dist/tex/generic/bitset/bitset.sty
Package: bitset 2019/12/09 v1.3 Handle bit-vector datatype (HO)

(/usr/share/texlive/texmf-dist/tex/generic/bigintcalc/bigintcalc.sty
Package: bigintcalc 2019/12/15 v1.5 Expandable calculations on big integers (HO
)
))
\Fld@menulength=\count308
\Field@Width=\dimen195
\Fld@charsize=\dimen196
Package hyperref Info: Hyper figures OFF on input line 6042.
Package hyperref Info: Link nesting OFF on input line 6047.
Package hyperref Info: Hyper index ON on input line 6050.
Package hyperref Info: backreferencing OFF on input line 6057.
Package hyperref Info: Link coloring OFF on input line 6062.
Package hyperref Info: Link coloring with OCG OFF on input line 6067.
Package hyperref Info: PDF/A mode OFF on input line 6072.

(/usr/share/texlive/texmf-dist/tex/latex/base/atbegshi-ltx.sty
Package: atbegshi-ltx 2021/01/10 v1.0c Emulation of the original atbegshi
package with kernel methods
)
\Hy@abspage=\count309
\c@Item=\count310
\c@Hfootnote=\count311
)
Package hyperref Info: Driver (autodetected): hpdftex.

(/usr/share/texlive/texmf-dist/tex/latex/hyperref/hpdftex.def
File: hpdftex.def 2024-11-05 v7.01l Hyperref driver for pdfTeX

(/usr/share/texlive/texmf-dist/tex/latex/base/atveryend-ltx.sty
Package: atveryend-ltx 2020/08/19 v1.0a Emulation of the original atveryend pac
kage
with kernel methods
)
\Fld@listcount=\count312
\c@bookmark@seq@number=\count313

(/usr/share/texlive/texmf-dist/tex/latex/rerunfilecheck/rerunfilecheck.sty
Package: rerunfilecheck 2022-07-10 v1.10 Rerun checks for auxiliary files (HO)

(/usr/share/texlive/texmf-dist/tex/generic/uniquecounter/uniquecounter.sty
Package: uniquecounter 2019/12/15 v1.4 Provide unlimited unique counter (HO)
)
Package uniquecounter Info: New unique counter `rerunfilecheck' on input line 2
85.
)
\Hy@SectionHShift=\skip55
)
(/usr/share/texlive/texmf-dist/tex/latex/sttools/stfloats.sty
Package: stfloats 2017/03/27 v3.3 Improve float mechanism and baselineskip sett
ings
\@dblbotnum=\count314
\c@dblbotnumber=\count315
)
(/usr/share/texlive/texmf-dist/tex/latex/l3backend/l3backend-pdftex.def
File: l3backend-pdftex.def 2024-05-08 L3 backend support: PDF output (pdfTeX)
\l__color_backend_stack_int=\count316
\l__pdf_internal_box=\box60
)
(./RC_Car_Report.aux)
\openout1 = `RC_Car_Report.aux'.

LaTeX Font Info:    Checking defaults for OML/cmm/m/it on input line 45.
LaTeX Font Info:    ... okay on input line 45.
LaTeX Font Info:    Checking defaults for OMS/cmsy/m/n on input line 45.
LaTeX Font Info:    ... okay on input line 45.
LaTeX Font Info:    Checking defaults for OT1/cmr/m/n on input line 45.
LaTeX Font Info:    ... okay on input line 45.
LaTeX Font Info:    Checking defaults for T1/cmr/m/n on input line 45.
LaTeX Font Info:    ... okay on input line 45.
LaTeX Font Info:    Checking defaults for TS1/cmr/m/n on input line 45.
LaTeX Font Info:    ... okay on input line 45.
LaTeX Font Info:    Checking defaults for OMX/cmex/m/n on input line 45.
LaTeX Font Info:    ... okay on input line 45.
LaTeX Font Info:    Checking defaults for U/cmr/m/n on input line 45.
LaTeX Font Info:    ... okay on input line 45.
LaTeX Font Info:    Checking defaults for PD1/pdf/m/n on input line 45.
LaTeX Font Info:    ... okay on input line 45.
LaTeX Font Info:    Checking defaults for PU/pdf/m/n on input line 45.
LaTeX Font Info:    ... okay on input line 45.

-- Lines per column: 56 (exact).
(/usr/share/texlive/texmf-dist/tex/context/base/mkii/supp-pdf.mkii
[Loading MPS to PDF converter (version 2006.09.02).]
\scratchcounter=\count317
\scratchdimen=\dimen197
\scratchbox=\box61
\nofMPsegments=\count318
\nofMParguments=\count319
\everyMPshowfont=\toks29
\MPscratchCnt=\count320
\MPscratchDim=\dimen198
\MPnumerator=\count321
\makeMPintoPDFobject=\count322
\everyMPtoPDFconversion=\toks30
) (/usr/share/texlive/texmf-dist/tex/latex/epstopdf-pkg/epstopdf-base.sty
Package: epstopdf-base 2020-01-24 v2.11 Base part for package epstopdf
Package epstopdf-base Info: Redefining graphics rule for `.eps' on input line 4
85.

(/usr/share/texlive/texmf-dist/tex/latex/latexconfig/epstopdf-sys.cfg
File: epstopdf-sys.cfg 2010/07/13 v1.3 Configuration of (r)epstopdf for TeX Liv
e
))
\c@lstlisting=\count323
Package hyperref Info: Link coloring OFF on input line 45.

(./RC_Car_Report.out) (./RC_Car_Report.out)
\@outlinefile=\write3
\openout3 = `RC_Car_Report.out'.

<docs/images/blockDiagrams/blockDiagramHighlLevelProject.png, id=49, 947.03813p
t x 188.20313pt>
File: docs/images/blockDiagrams/blockDiagramHighlLevelProject.png Graphic file 
(type png)
<use docs/images/blockDiagrams/blockDiagramHighlLevelProject.png>
Package pdftex.def Info: docs/images/blockDiagrams/blockDiagramHighlLevelProjec
t.png  used on input line 95.
(pdftex.def)             Requested size: 247.6778pt x 49.21883pt.


LaTeX Font Info:    Trying to load font information for U+msa on input line 107
.
(/usr/share/texlive/texmf-dist/tex/latex/amsfonts/umsa.fd
File: umsa.fd 2013/01/14 v3.01 AMS symbols A
)
LaTeX Font Info:    Trying to load font information for U+msb on input line 107
.

(/usr/share/texlive/texmf-dist/tex/latex/amsfonts/umsb.fd
File: umsb.fd 2013/01/14 v3.01 AMS symbols B
)
LaTeX Font Info:    Trying to load font information for T1+pcr on input line 10
9.

(/usr/share/texlive/texmf-dist/tex/latex/psnfss/t1pcr.fd
File: t1pcr.fd 2001/06/04 font definitions for T1/pcr.
)
<docs/images/picturesGeneral/ACC_Functionality.png, id=56, 457.71pt x 185.19188
pt>
File: docs/images/picturesGeneral/ACC_Functionality.png Graphic file (type png)

<use docs/images/picturesGeneral/ACC_Functionality.png>
Package pdftex.def Info: docs/images/picturesGeneral/ACC_Functionality.png  use
d on input line 117.
(pdftex.def)             Requested size: 232.19843pt x 93.94925pt.

Underfull \hbox (badness 6542) in paragraph at lines 106--120
[]\T1/ptm/m/n/10 Based on a sim-u-la-tion study con-ducted in MAT-
 []



[1{/var/lib/texmf/fonts/map/pdftex/updmap/pdftex.map}{/usr/share/texlive/texmf-
dist/fonts/enc/dvips/base/8r.enc}


 <./docs/images/blockDiagrams/blockDiagramHighlLevelProject.png> <./docs/images
/picturesGeneral/ACC_Functionality.png>]
<docs/images/picturesGeneral/transmitterAndPythonUserInterface.jpg, id=79, 971.
3088pt x 728.4816pt>
File: docs/images/picturesGeneral/transmitterAndPythonUserInterface.jpg Graphic
 file (type jpg)
<use docs/images/picturesGeneral/transmitterAndPythonUserInterface.jpg>
Package pdftex.def Info: docs/images/picturesGeneral/transmitterAndPythonUserIn
terface.jpg  used on input line 146.
(pdftex.def)             Requested size: 247.6778pt x 185.75479pt.
<docs/images/picturesGeneral/transmitterAndRC_Car.jpg, id=80, 971.3088pt x 728.
4816pt>
File: docs/images/picturesGeneral/transmitterAndRC_Car.jpg Graphic file (type j
pg)
<use docs/images/picturesGeneral/transmitterAndRC_Car.jpg>
Package pdftex.def Info: docs/images/picturesGeneral/transmitterAndRC_Car.jpg  
used on input line 153.
(pdftex.def)             Requested size: 247.6778pt x 185.75479pt.
<docs/images/picturesGeneral/ACC_SimulinkModel.png, id=81, 478.03593pt x 272.51
813pt>
File: docs/images/picturesGeneral/ACC_SimulinkModel.png Graphic file (type png)

<use docs/images/picturesGeneral/ACC_SimulinkModel.png>
Package pdftex.def Info: docs/images/picturesGeneral/ACC_SimulinkModel.png  use
d on input line 163.
(pdftex.def)             Requested size: 464.39685pt x 264.74146pt.

[2 <./docs/images/picturesGeneral/transmitterAndPythonUserInterface.jpg> <./doc
s/images/picturesGeneral/transmitterAndRC_Car.jpg> <./docs/images/picturesGener
al/ACC_SimulinkModel.png>]
<docs/images/blockDiagrams/blockDiagramHighlLevelACC_Model.png, id=87, 1508.636
25pt x 666.23906pt>
File: docs/images/blockDiagrams/blockDiagramHighlLevelACC_Model.png Graphic fil
e (type png)
<use docs/images/blockDiagrams/blockDiagramHighlLevelACC_Model.png>
Package pdftex.def Info: docs/images/blockDiagrams/blockDiagramHighlLevelACC_Mo
del.png  used on input line 174.
(pdftex.def)             Requested size: 516.0pt x 227.87035pt.
<docs/images/blockDiagrams/EgoSensorModel.png, id=88, 1148.03906pt x 796.47563p
t>
File: docs/images/blockDiagrams/EgoSensorModel.png Graphic file (type png)
<use docs/images/blockDiagrams/EgoSensorModel.png>
Package pdftex.def Info: docs/images/blockDiagrams/EgoSensorModel.png  used on 
input line 182.
(pdftex.def)             Requested size: 438.60315pt x 304.28026pt.

Underfull \vbox (badness 10000) has occurred while \output is active []





[3


 <./docs/images/blockDiagrams/blockDiagramHighlLevelACC_Model.png>]

<docs/images/picturesGeneral/RC_CarLabeled.png, id=99, 495.35063pt x 658.71094p
t>
File: docs/images/picturesGeneral/RC_CarLabeled.png Graphic file (type png)
<use docs/images/picturesGeneral/RC_CarLabeled.png>
Package pdftex.def Info: docs/images/picturesGeneral/RC_CarLabeled.png  used on
 input line 216.
(pdftex.def)             Requested size: 154.80157pt x 205.84665pt.


[4 <./docs/images/blockDiagrams/EgoSensorModel.png> <./docs/images/picturesGene
ral/RC_CarLabeled.png>]
<docs/schematics/RC_Car_Schematic.png, id=107, 1389.69188pt x 730.22812pt>
File: docs/schematics/RC_Car_Schematic.png Graphic file (type png)
<use docs/schematics/RC_Car_Schematic.png>
Package pdftex.def Info: docs/schematics/RC_Car_Schematic.png  used on input li
ne 228.
(pdftex.def)             Requested size: 490.19843pt x 257.57816pt.


<docs/images/picturesGeneral/transmitterZoomedIn.png, id=110, 736.25063pt x 516
.42938pt>
File: docs/images/picturesGeneral/transmitterZoomedIn.png Graphic file (type pn
g)
<use docs/images/picturesGeneral/transmitterZoomedIn.png>
Package pdftex.def Info: docs/images/picturesGeneral/transmitterZoomedIn.png  u
sed on input line 248.
(pdftex.def)             Requested size: 180.60315pt x 126.67996pt.


[5

 <./docs/schematics/RC_Car_Schematic.png> <./docs/images/picturesGeneral/transm
itterZoomedIn.png>]
<docs/schematics/TransmitterSchematic.png, id=119, 1234.6125pt x 791.95876pt>
File: docs/schematics/TransmitterSchematic.png Graphic file (type png)
<use docs/schematics/TransmitterSchematic.png>
Package pdftex.def Info: docs/schematics/TransmitterSchematic.png  used on inpu
t line 256.
(pdftex.def)             Requested size: 490.19843pt x 314.44562pt.


<docs/images/blockDiagrams/RC_CarStateDiagram.png, id=121, 785.18344pt x 933.48
75pt>
File: docs/images/blockDiagrams/RC_CarStateDiagram.png Graphic file (type png)
<use docs/images/blockDiagrams/RC_CarStateDiagram.png>
Package pdftex.def Info: docs/images/blockDiagrams/RC_CarStateDiagram.png  used
 on input line 285.
(pdftex.def)             Requested size: 516.0pt x 613.49704pt.


[6

 <./docs/schematics/TransmitterSchematic.png>] [7 <./docs/images/blockDiagrams/
RC_CarStateDiagram.png>]
Overfull \hbox (12.0pt too wide) in paragraph at lines 292--293
 \T1/pcr/m/n/10 timestamp_ms,distance_cm,ax_mg,ay_mg,az_mg\n 
 []

<docs/images/blockDiagrams/transmitterStateDiagram.png, id=134, 883.04906pt x 6
63.98062pt>
File: docs/images/blockDiagrams/transmitterStateDiagram.png Graphic file (type 
png)
<use docs/images/blockDiagrams/transmitterStateDiagram.png>
Package pdftex.def Info: docs/images/blockDiagrams/transmitterStateDiagram.png 
 used on input line 301.
(pdftex.def)             Requested size: 412.80157pt x 310.3891pt.




[8

 <./docs/images/blockDiagrams/transmitterStateDiagram.png>]
<docs/images/picturesGeneral/PythonGUI.png, id=146, 1221.81468pt x 703.12688pt>

File: docs/images/picturesGeneral/PythonGUI.png Graphic file (type png)
<use docs/images/picturesGeneral/PythonGUI.png>
Package pdftex.def Info: docs/images/picturesGeneral/PythonGUI.png  used on inp
ut line 323.
(pdftex.def)             Requested size: 438.60315pt x 252.40665pt.
<docs/images/pythonGUI/DisplayDataTextBoxThreadStateDiagram.png, id=147, 915.42
pt x 571.38469pt>
File: docs/images/pythonGUI/DisplayDataTextBoxThreadStateDiagram.png Graphic fi
le (type png)
<use docs/images/pythonGUI/DisplayDataTextBoxThreadStateDiagram.png>
Package pdftex.def Info: docs/images/pythonGUI/DisplayDataTextBoxThreadStateDia
gram.png  used on input line 329.
(pdftex.def)             Requested size: 350.87622pt x 219.01166pt.



Underfull \vbox (badness 10000) has occurred while \output is active []



[9

 <./docs/images/picturesGeneral/PythonGUI.png> <./docs/images/pythonGUI/Display
DataTextBoxThreadStateDiagram.png>]
<docs/images/picturesGeneral/RC_Car_VidTestGUI.png, id=161, 718.18312pt x 587.1
9376pt>
File: docs/images/picturesGeneral/RC_Car_VidTestGUI.png Graphic file (type png)

<use docs/images/picturesGeneral/RC_Car_VidTestGUI.png>
Package pdftex.def Info: docs/images/picturesGeneral/RC_Car_VidTestGUI.png  use
d on input line 360.
(pdftex.def)             Requested size: 438.60315pt x 358.61774pt.
<docs/images/picturesGeneral/RC_Car_VidTestGUI_VelocityZoomed.png, id=162, 712.
91344pt x 590.205pt>
File: docs/images/picturesGeneral/RC_Car_VidTestGUI_VelocityZoomed.png Graphic 
file (type png)
<use docs/images/picturesGeneral/RC_Car_VidTestGUI_VelocityZoomed.png>
Package pdftex.def Info: docs/images/picturesGeneral/RC_Car_VidTestGUI_Velocity
Zoomed.png  used on input line 367.
(pdftex.def)             Requested size: 438.60315pt x 363.1045pt.
<docs/images/picturesGeneral/NoCalibrationWF.png, id=163, 826.58812pt x 697.104
37pt>
File: docs/images/picturesGeneral/NoCalibrationWF.png Graphic file (type png)
<use docs/images/picturesGeneral/NoCalibrationWF.png>
Package pdftex.def Info: docs/images/picturesGeneral/NoCalibrationWF.png  used 
on input line 374.
(pdftex.def)             Requested size: 438.60315pt x 369.89967pt.
<docs/images/picturesGeneral/CalibrationWF.png, id=164, 834.86906pt x 700.11563
pt>
File: docs/images/picturesGeneral/CalibrationWF.png Graphic file (type png)
<use docs/images/picturesGeneral/CalibrationWF.png>
Package pdftex.def Info: docs/images/picturesGeneral/CalibrationWF.png  used on
 input line 381.
(pdftex.def)             Requested size: 438.60315pt x 367.81192pt.


** Conference Paper **
Before submitting the final camera ready copy, remember to:

 1. Manually equalize the lengths of two columns on the last page
 of your paper;

 2. Ensure that any PostScript and/or PDF output post-processing
 uses only Type 1 fonts and that every step in the generation
 process uses the appropriate paper size.





[10

] [11 <./docs/images/picturesGeneral/RC_Car_VidTestGUI.png>] [12 <./docs/images
/picturesGeneral/RC_Car_VidTestGUI_VelocityZoomed.png>] [13 <./docs/images/pict
uresGeneral/NoCalibrationWF.png>] [14 <./docs/images/picturesGeneral/Calibratio
nWF.png>] (./RC_Car_Report.aux)
 ***********
LaTeX2e <2024-11-01> patch level 2
L3 programming layer <2025-01-18>
 ***********
Package rerunfilecheck Info: File `RC_Car_Report.out' has not changed.
(rerunfilecheck)             Checksum: 1DA3D664A65C31BC9E9E230982982475;1569.
 ) 
Here is how much of TeX's memory you used:
 13155 strings out of 473197
 206606 string characters out of 5718605
 622101 words of memory out of 5000000
 36186 multiletter control sequences out of 15000+600000
 671020 words of font info for 153 fonts, out of 8000000 for 9000
 1141 hyphenation exceptions out of 8191
 75i,10n,79p,1102b,492s stack positions out of 10000i,1000n,20000p,200000b,200000s
</usr/share/texlive/texmf-dist/fonts/type1/public/amsfonts/cm/cmmi10.pfb></us
r/share/texlive/texmf-dist/fonts/type1/public/amsfonts/cm/cmmi7.pfb></usr/share
/texlive/texmf-dist/fonts/type1/public/amsfonts/cm/cmr10.pfb></usr/share/texliv
e/texmf-dist/fonts/type1/public/amsfonts/cm/cmr7.pfb></usr/share/texlive/texmf-
dist/fonts/type1/public/amsfonts/cm/cmsy10.pfb></usr/share/texlive/texmf-dist/f
onts/type1/public/amsfonts/cm/cmsy7.pfb></usr/share/texlive/texmf-dist/fonts/ty
pe1/urw/courier/ucrr8a.pfb></usr/share/texlive/texmf-dist/fonts/type1/urw/times
/utmb8a.pfb></usr/share/texlive/texmf-dist/fonts/type1/urw/times/utmbi8a.pfb></
usr/share/texlive/texmf-dist/fonts/type1/urw/times/utmr8a.pfb></usr/share/texli
ve/texmf-dist/fonts/type1/urw/times/utmri8a.pfb>
Output written on RC_Car_Report.pdf (14 pages, 13313476 bytes).
PDF statistics:
 263 PDF objects out of 1000 (max. 8388607)
 187 compressed objects within 2 object streams
 49 named destinations out of 1000 (max. 500000)
 184 words of extra memory for PDF output out of 10000 (max. 10000000)

