Archive member included to satisfy reference by file (symbol)

/opt/st/stm32cubeide_1.19.0/plugins/com.st.stm32cube.ide.mcu.externaltools.gnu-tools-for-stm32.13.3.rel1.linux64_1.0.0.202410170706/tools/bin/../lib/gcc/arm-none-eabi/13.3.1/../../../../arm-none-eabi/lib/thumb/v7e-m+fp/hard/libc_nano.a(libc_a-atoi.o)
                              ./Core/Src/main.o (atoi)
/opt/st/stm32cubeide_1.19.0/plugins/com.st.stm32cube.ide.mcu.externaltools.gnu-tools-for-stm32.13.3.rel1.linux64_1.0.0.202410170706/tools/bin/../lib/gcc/arm-none-eabi/13.3.1/../../../../arm-none-eabi/lib/thumb/v7e-m+fp/hard/libc_nano.a(libc_a-exit.o)
                              /opt/st/stm32cubeide_1.19.0/plugins/com.st.stm32cube.ide.mcu.externaltools.gnu-tools-for-stm32.13.3.rel1.linux64_1.0.0.202410170706/tools/bin/../lib/gcc/arm-none-eabi/13.3.1/../../../../arm-none-eabi/lib/thumb/v7e-m+fp/hard/crt0.o (exit)
/opt/st/stm32cubeide_1.19.0/plugins/com.st.stm32cube.ide.mcu.externaltools.gnu-tools-for-stm32.13.3.rel1.linux64_1.0.0.202410170706/tools/bin/../lib/gcc/arm-none-eabi/13.3.1/../../../../arm-none-eabi/lib/thumb/v7e-m+fp/hard/libc_nano.a(libc_a-strtol.o)
                              /opt/st/stm32cubeide_1.19.0/plugins/com.st.stm32cube.ide.mcu.externaltools.gnu-tools-for-stm32.13.3.rel1.linux64_1.0.0.202410170706/tools/bin/../lib/gcc/arm-none-eabi/13.3.1/../../../../arm-none-eabi/lib/thumb/v7e-m+fp/hard/libc_nano.a(libc_a-atoi.o) (_strtol_r)
/opt/st/stm32cubeide_1.19.0/plugins/com.st.stm32cube.ide.mcu.externaltools.gnu-tools-for-stm32.13.3.rel1.linux64_1.0.0.202410170706/tools/bin/../lib/gcc/arm-none-eabi/13.3.1/../../../../arm-none-eabi/lib/thumb/v7e-m+fp/hard/libc_nano.a(libc_a-ctype_.o)
                              /opt/st/stm32cubeide_1.19.0/plugins/com.st.stm32cube.ide.mcu.externaltools.gnu-tools-for-stm32.13.3.rel1.linux64_1.0.0.202410170706/tools/bin/../lib/gcc/arm-none-eabi/13.3.1/../../../../arm-none-eabi/lib/thumb/v7e-m+fp/hard/libc_nano.a(libc_a-strtol.o) (_ctype_)
/opt/st/stm32cubeide_1.19.0/plugins/com.st.stm32cube.ide.mcu.externaltools.gnu-tools-for-stm32.13.3.rel1.linux64_1.0.0.202410170706/tools/bin/../lib/gcc/arm-none-eabi/13.3.1/../../../../arm-none-eabi/lib/thumb/v7e-m+fp/hard/libc_nano.a(libc_a-findfp.o)
                              /opt/st/stm32cubeide_1.19.0/plugins/com.st.stm32cube.ide.mcu.externaltools.gnu-tools-for-stm32.13.3.rel1.linux64_1.0.0.202410170706/tools/bin/../lib/gcc/arm-none-eabi/13.3.1/../../../../arm-none-eabi/lib/thumb/v7e-m+fp/hard/libc_nano.a(libc_a-exit.o) (__stdio_exit_handler)
/opt/st/stm32cubeide_1.19.0/plugins/com.st.stm32cube.ide.mcu.externaltools.gnu-tools-for-stm32.13.3.rel1.linux64_1.0.0.202410170706/tools/bin/../lib/gcc/arm-none-eabi/13.3.1/../../../../arm-none-eabi/lib/thumb/v7e-m+fp/hard/libc_nano.a(libc_a-fwalk.o)
                              /opt/st/stm32cubeide_1.19.0/plugins/com.st.stm32cube.ide.mcu.externaltools.gnu-tools-for-stm32.13.3.rel1.linux64_1.0.0.202410170706/tools/bin/../lib/gcc/arm-none-eabi/13.3.1/../../../../arm-none-eabi/lib/thumb/v7e-m+fp/hard/libc_nano.a(libc_a-findfp.o) (_fwalk_sglue)
/opt/st/stm32cubeide_1.19.0/plugins/com.st.stm32cube.ide.mcu.externaltools.gnu-tools-for-stm32.13.3.rel1.linux64_1.0.0.202410170706/tools/bin/../lib/gcc/arm-none-eabi/13.3.1/../../../../arm-none-eabi/lib/thumb/v7e-m+fp/hard/libc_nano.a(libc_a-stdio.o)
                              /opt/st/stm32cubeide_1.19.0/plugins/com.st.stm32cube.ide.mcu.externaltools.gnu-tools-for-stm32.13.3.rel1.linux64_1.0.0.202410170706/tools/bin/../lib/gcc/arm-none-eabi/13.3.1/../../../../arm-none-eabi/lib/thumb/v7e-m+fp/hard/libc_nano.a(libc_a-findfp.o) (__sread)
/opt/st/stm32cubeide_1.19.0/plugins/com.st.stm32cube.ide.mcu.externaltools.gnu-tools-for-stm32.13.3.rel1.linux64_1.0.0.202410170706/tools/bin/../lib/gcc/arm-none-eabi/13.3.1/../../../../arm-none-eabi/lib/thumb/v7e-m+fp/hard/libc_nano.a(libc_a-memset.o)
                              /opt/st/stm32cubeide_1.19.0/plugins/com.st.stm32cube.ide.mcu.externaltools.gnu-tools-for-stm32.13.3.rel1.linux64_1.0.0.202410170706/tools/bin/../lib/gcc/arm-none-eabi/13.3.1/../../../../arm-none-eabi/lib/thumb/v7e-m+fp/hard/crt0.o (memset)
/opt/st/stm32cubeide_1.19.0/plugins/com.st.stm32cube.ide.mcu.externaltools.gnu-tools-for-stm32.13.3.rel1.linux64_1.0.0.202410170706/tools/bin/../lib/gcc/arm-none-eabi/13.3.1/../../../../arm-none-eabi/lib/thumb/v7e-m+fp/hard/libc_nano.a(libc_a-closer.o)
                              /opt/st/stm32cubeide_1.19.0/plugins/com.st.stm32cube.ide.mcu.externaltools.gnu-tools-for-stm32.13.3.rel1.linux64_1.0.0.202410170706/tools/bin/../lib/gcc/arm-none-eabi/13.3.1/../../../../arm-none-eabi/lib/thumb/v7e-m+fp/hard/libc_nano.a(libc_a-stdio.o) (_close_r)
/opt/st/stm32cubeide_1.19.0/plugins/com.st.stm32cube.ide.mcu.externaltools.gnu-tools-for-stm32.13.3.rel1.linux64_1.0.0.202410170706/tools/bin/../lib/gcc/arm-none-eabi/13.3.1/../../../../arm-none-eabi/lib/thumb/v7e-m+fp/hard/libc_nano.a(libc_a-reent.o)
[...]
Memory Configuration

Name             Origin             Length             Attributes
RAM              0x20000000         0x0000c000         xrw
RAM2             0x10000000         0x00004000         xrw
FLASH            0x08000000         0x00040000         xr
*default*        0x00000000         0xffffffff

Linker script and memory map

LOAD /opt/st/stm32cubeide_1.19.0/plugins/com.st.stm32cube.ide.mcu.externaltools.gnu-tools-for-stm32.13.3.rel1.linux64_1.0.0.202410170706/tools/bin/../lib/gcc/arm-none-eabi/13.3.1/thumb/v7e-m+fp/hard/crti.o
LOAD /opt/st/stm32cubeide_1.19.0/plugins/com.st.stm32cube.ide.mcu.externaltools.gnu-tools-for-stm32.13.3.rel1.linux64_1.0.0.202410170706/tools/bin/../lib/gcc/arm-none-eabi/13.3.1/thumb/v7e-m+fp/hard/crtbegin.o
LOAD /opt/st/stm32cubeide_1.19.0/plugins/com.st.stm32cube.ide.mcu.externaltools.gnu-tools-for-stm32.13.3.rel1.linux64_1.0.0.202410170706/tools/bin/../lib/gcc/arm-none-eabi/13.3.1/../../../../arm-none-eabi/lib/thumb/v7e-m+fp/hard/crt0.o
LOAD ./Core/Src/NRF24.o
LOAD ./Core/Src/commandReader.o
LOAD ./Core/Src/delay.o
LOAD ./Core/Src/main.o
LOAD ./Core/Src/stm32l4xx_hal_msp.o
LOAD ./Core/Src/stm32l4xx_it.o
LOAD ./Core/Src/syscalls.o
LOAD ./Core/Src/sysmem.o
LOAD ./Core/Src/system_stm32l4xx.o
LOAD ./Core/Startup/startup_stm32l432kcux.o
LOAD ./Drivers/STM32L4xx_HAL_Driver/Src/stm32l4xx_hal.o
LOAD ./Drivers/STM32L4xx_HAL_Driver/Src/stm32l4xx_hal_cortex.o
LOAD ./Drivers/STM32L4xx_HAL_Driver/Src/stm32l4xx_hal_dma.o
LOAD ./Drivers/STM32L4xx_HAL_Driver/Src/stm32l4xx_hal_dma_ex.o
LOAD ./Drivers/STM32L4xx_HAL_Driver/Src/stm32l4xx_hal_exti.o
LOAD ./Drivers/STM32L4xx_HAL_Driver/Src/stm32l4xx_hal_flash.o
LOAD ./Drivers/STM32L4xx_HAL_Driver/Src/stm32l4xx_hal_flash_ex.o
LOAD ./Drivers/STM32L4xx_HAL_Driver/Src/stm32l4xx_hal_flash_ramfunc.o
LOAD ./Drivers/STM32L4xx_HAL_Driver/Src/stm32l4xx_hal_gpio.o
LOAD ./Drivers/STM32L4xx_HAL_Driver/Src/stm32l4xx_hal_i2c.o
LOAD ./Drivers/STM32L4xx_HAL_Driver/Src/stm32l4xx_hal_i2c_ex.o
LOAD ./Drivers/STM32L4xx_HAL_Driver/Src/stm32l4xx_hal_pwr.o
LOAD ./Drivers/STM32L4xx_HAL_Driver/Src/stm32l4xx_hal_pwr_ex.o
LOAD ./Drivers/STM32L4xx_HAL_Driver/Src/stm32l4xx_hal_rcc.o
LOAD ./Drivers/STM32L4xx_HAL_Driver/Src/stm32l4xx_hal_rcc_ex.o
LOAD ./Drivers/STM32L4xx_HAL_Driver/Src/stm32l4xx_hal_spi.o
LOAD ./Drivers/STM32L4xx_HAL_Driver/Src/stm32l4xx_hal_spi_ex.o
LOAD ./Drivers/STM32L4xx_HAL_Driver/Src/stm32l4xx_hal_tim.o
LOAD ./Drivers/STM32L4xx_HAL_Driver/Src/stm32l4xx_hal_tim_ex.o
LOAD ./Drivers/STM32L4xx_HAL_Driver/Src/stm32l4xx_hal_uart.o
LOAD ./Drivers/STM32L4xx_HAL_Driver/Src/stm32l4xx_hal_uart_ex.o
START GROUP
LOAD /opt/st/stm32cubeide_1.19.0/plugins/com.st.stm32cube.ide.mcu.externaltools.gnu-tools-for-stm32.13.3.rel1.linux64_1.0.0.202410170706/tools/bin/../lib/gcc/arm-none-eabi/13.3.1/../../../../arm-none-eabi/lib/thumb/v7e-m+fp/hard/libc_nano.a
LOAD /opt/st/stm32cubeide_1.19.0/plugins/com.st.stm32cube.ide.mcu.externaltools.gnu-tools-for-stm32.13.3.rel1.linux64_1.0.0.202410170706/tools/bin/../lib/gcc/arm-none-eabi/13.3.1/../../../../arm-none-eabi/lib/thumb/v7e-m+fp/hard/libm.a
END GROUP
START GROUP
LOAD /opt/st/stm32cubeide_1.19.0/plugins/com.st.stm32cube.ide.mcu.externaltools.gnu-tools-for-stm32.13.3.rel1.linux64_1.0.0.202410170706/tools/bin/../lib/gcc/arm-none-eabi/13.3.1/thumb/v7e-m+fp/hard/libgcc.a
LOAD /opt/st/stm32cubeide_1.19.0/plugins/com.st.stm32cube.ide.mcu.externaltools.gnu-tools-for-stm32.13.3.rel1.linux64_1.0.0.202410170706/tools/bin/../lib/gcc/arm-none-eabi/13.3.1/../../../../arm-none-eabi/lib/thumb/v7e-m+fp/hard/libc_nano.a
END GROUP
START GROUP
LOAD /opt/st/stm32cubeide_1.19.0/plugins/com.st.stm32cube.ide.mcu.externaltools.gnu-tools-for-stm32.13.3.rel1.linux64_1.0.0.202410170706/tools/bin/../lib/gcc/arm-none-eabi/13.3.1/thumb/v7e-m+fp/hard/libgcc.a
LOAD /opt/st/stm32cubeide_1.19.0/plugins/com.st.stm32cube.ide.mcu.externaltools.gnu-tools-for-stm32.13.3.rel1.linux64_1.0.0.202410170706/tools/bin/../lib/gcc/arm-none-eabi/13.3.1/../../../../arm-none-eabi/lib/thumb/v7e-m+fp/hard/libc_nano.a
LOAD /opt/st/stm32cubeide_1.19.0/plugins/com.st.stm32cube.ide.mcu.externaltools.gnu-tools-for-stm32.13.3.rel1.linux64_1.0.0.202410170706/tools/bin/../lib/gcc/arm-none-eabi/13.3.1/../../../../arm-none-eabi/lib/thumb/v7e-m+fp/hard/libnosys.a
END GROUP
START GROUP
LOAD /opt/st/stm32cubeide_1.19.0/plugins/com.st.stm32cube.ide.mcu.externaltools.gnu-tools-for-stm32.13.3.rel1.linux64_1.0.0.202410170706/tools/bin/../lib/gcc/arm-none-eabi/13.3.1/thumb/v7e-m+fp/hard/libgcc.a
LOAD /opt/st/stm32cubeide_1.19.0/plugins/com.st.stm32cube.ide.mcu.externaltools.gnu-tools-for-stm32.13.3.rel1.linux64_1.0.0.202410170706/tools/bin/../lib/gcc/arm-none-eabi/13.3.1/../../../../arm-none-eabi/lib/thumb/v7e-m+fp/hard/libc_nano.a
LOAD /opt/st/stm32cubeide_1.19.0/plugins/com.st.stm32cube.ide.mcu.externaltools.gnu-tools-for-stm32.13.3.rel1.linux64_1.0.0.202410170706/tools/bin/../lib/gcc/arm-none-eabi/13.3.1/../../../../arm-none-eabi/lib/thumb/v7e-m+fp/hard/libnosys.a
END GROUP
LOAD /opt/st/stm32cubeide_1.19.0/plugins/com.st.stm32cube.ide.mcu.externaltools.gnu-tools-for-stm32.13.3.rel1.linux64_1.0.0.202410170706/tools/bin/../lib/gcc/arm-none-eabi/13.3.1/thumb/v7e-m+fp/hard/crtend.o
LOAD /opt/st/stm32cubeide_1.19.0/plugins/com.st.stm32cube.ide.mcu.externaltools.gnu-tools-for-stm32.13.3.rel1.linux64_1.0.0.202410170706/tools/bin/../lib/gcc/arm-none-eabi/13.3.1/thumb/v7e-m+fp/hard/crtn.o
                0x2000c000                        _estack = (ORIGIN (RAM) + LENGTH (RAM))
                0x00000200                        _Min_Heap_Size = 0x200
                0x00000400                        _Min_Stack_Size = 0x400

.isr_vector     0x08000000      0x18c
                0x08000000                        . = ALIGN (0x4)
 *(.isr_vector)
 .isr_vector    0x08000000      0x18c ./Core/Startup/startup_stm32l432kcux.o
                0x08000000                g_pfnVectors
                0x0800018c                        . = ALIGN (0x4)

.text           0x0800018c     0x626c
                0x0800018c                        . = ALIGN (0x4)
 *(.text)
 .text          0x0800018c       0x40 /opt/st/stm32cubeide_1.19.0/plugins/com.st.stm32cube.ide.mcu.externaltools.gnu-tools-for-stm32.13.3.rel1.linux64_1.0.0.202410170706/tools/bin/../lib/gcc/arm-none-eabi/13.3.1/thumb/v7e-m+fp/hard/crtbegin.o
 .text          0x080001cc       0x10 /opt/st/stm32cubeide_1.19.0/plugins/com.st.stm32cube.ide.mcu.externaltools.gnu-tools-for-stm32.13.3.rel1.linux64_1.0.0.202410170706/tools/bin/../lib/gcc/arm-none-eabi/13.3.1/../../../../arm-none-eabi/lib/thumb/v7e-m+fp/hard/libc_nano.a(libc_a-strlen.o)
                0x080001cc                strlen
 .text          0x080001dc       0x30 /opt/st/stm32cubeide_1.19.0/plugins/com.st.stm32cube.ide.mcu.externaltools.gnu-tools-for-stm32.13.3.rel1.linux64_1.0.0.202410170706/tools/bin/../lib/gcc/arm-none-eabi/13.3.1/thumb/v7e-m+fp/hard/libgcc.a(_aeabi_uldivmod.o)
                0x080001dc                __aeabi_uldivmod
 .text          0x0800020c      0x2f8 /opt/st/stm32cubeide_1.19.0/plugins/com.st.stm32cube.ide.mcu.externaltools.gnu-tools-for-stm32.13.3.rel1.linux64_1.0.0.202410170706/tools/bin/../lib/gcc/arm-none-eabi/13.3.1/thumb/v7e-m+fp/hard/libgcc.a(_udivmoddi4.o)
                0x0800020c                __udivmoddi4
 .text          0x08000504        0x4 /opt/st/stm32cubeide_1.19.0/plugins/com.st.stm32cube.ide.mcu.externaltools.gnu-tools-for-stm32.13.3.rel1.linux64_1.0.0.202410170706/tools/bin/../lib/gcc/arm-none-eabi/13.3.1/thumb/v7e-m+fp/hard/libgcc.a(_dvmd_tls.o)
                0x08000504                __aeabi_ldiv0
                0x08000504                __aeabi_idiv0
 *(.text*)
 .text.csn_high
                0x08000508       0x14 ./Core/Src/NRF24.o
                0x08000508                csn_high
 .text.csn_low  0x0800051c       0x14 ./Core/Src/NRF24.o
                0x0800051c                csn_low
 .text.ce_high  0x08000530       0x14 ./Core/Src/NRF24.o
                0x08000530                ce_high
 .text.ce_low   0x08000544       0x14 ./Core/Src/NRF24.o
                0x08000544                ce_low
 .text.nrf24_w_reg
                0x08000558       0x50 ./Core/Src/NRF24.o
                0x08000558                nrf24_w_reg
 .text.nrf24_r_reg
                0x080005a8       0x50 ./Core/Src/NRF24.o
                0x080005a8                nrf24_r_reg
 .text.nrf24_w_spec_cmd
                0x080005f8       0x24 ./Core/Src/NRF24.o
                0x080005f8                nrf24_w_spec_cmd
 .text.nrf24_pwr_up
                0x0800061c       0x34 ./Core/Src/NRF24.o
                0x0800061c                nrf24_pwr_up
 .text.nrf24_tx_pwr
                0x08000650       0x4e ./Core/Src/NRF24.o
                0x08000650                nrf24_tx_pwr
 .text.nrf24_data_rate
                0x0800069e       0x5c ./Core/Src/NRF24.o
                0x0800069e                nrf24_data_rate
 .text.nrf24_set_channel
                0x080006fa       0x1e ./Core/Src/NRF24.o
                0x080006fa                nrf24_set_channel
 .text.nrf24_open_tx_pipe
                0x08000718       0x1a ./Core/Src/NRF24.o
                0x08000718                nrf24_open_tx_pipe
 *fill*         0x08000732        0x2 
 .text.nrf24_pipe_pld_size
                0x08000734       0x9c ./Core/Src/NRF24.o
                0x08000734                nrf24_pipe_pld_size
 .text.nrf24_open_rx_pipe
                0x080007d0       0xdc ./Core/Src/NRF24.o
                0x080007d0                nrf24_open_rx_pipe
 .text.nrf24_set_crc
                0x080008ac       0x5c ./Core/Src/NRF24.o
                0x080008ac                nrf24_set_crc
 .text.nrf24_set_addr_width
                0x08000908       0x26 ./Core/Src/NRF24.o
                0x08000908                nrf24_set_addr_width
 .text.nrf24_flush_tx
                0x0800092e       0x16 ./Core/Src/NRF24.o
                0x0800092e                nrf24_flush_tx
 .text.nrf24_flush_rx
                0x08000944       0x16 ./Core/Src/NRF24.o
                0x08000944                nrf24_flush_rx
 *fill*         0x0800095a        0x2 
 .text.nrf24_r_status
                0x0800095c       0x38 ./Core/Src/NRF24.o
                0x0800095c                nrf24_r_status
 .text.nrf24_clear_rx_dr
                0x08000994       0x30 ./Core/Src/NRF24.o
                0x08000994                nrf24_clear_rx_dr
 .text.nrf24_clear_tx_ds
                0x080009c4       0x30 ./Core/Src/NRF24.o
                0x080009c4                nrf24_clear_tx_ds
 .text.nrf24_clear_max_rt
                0x080009f4       0x30 ./Core/Src/NRF24.o
                0x080009f4                nrf24_clear_max_rt
 .text.nrf24_listen
                0x08000a24       0x38 ./Core/Src/NRF24.o
                0x08000a24                nrf24_listen
 .text.nrf24_stop_listen
                0x08000a5c       0x34 ./Core/Src/NRF24.o
                0x08000a5c                nrf24_stop_listen
 .text.nrf24_dpl
                0x08000a90       0x48 ./Core/Src/NRF24.o
                0x08000a90                nrf24_dpl
 .text.nrf24_set_rx_dpl
                0x08000ad8       0x74 ./Core/Src/NRF24.o
                0x08000ad8                nrf24_set_rx_dpl
 .text.nrf24_auto_ack_all
                0x08000b4c       0x3c ./Core/Src/NRF24.o
                0x08000b4c                nrf24_auto_ack_all
 .text.nrf24_en_ack_pld
                0x08000b88       0x48 ./Core/Src/NRF24.o
                0x08000b88                nrf24_en_ack_pld
 .text.nrf24_auto_retr_delay
                0x08000bd0       0x4a ./Core/Src/NRF24.o
                0x08000bd0                nrf24_auto_retr_delay
 .text.nrf24_auto_retr_limit
                0x08000c1a       0x40 ./Core/Src/NRF24.o
                0x08000c1a                nrf24_auto_retr_limit
 *fill*         0x08000c5a        0x2 
 .text.nrf24_transmit
                0x08000c5c       0x74 ./Core/Src/NRF24.o
                0x08000c5c                nrf24_transmit
 .text.nrf24_data_available
                0x08000cd0       0x2a ./Core/Src/NRF24.o
                0x08000cd0                nrf24_data_available
 *fill*         0x08000cfa        0x2 
 .text.nrf24_receive
                0x08000cfc       0x48 ./Core/Src/NRF24.o
                0x08000cfc                nrf24_receive
 .text.nrf24_init
                0x08000d44       0x20 ./Core/Src/NRF24.o
                0x08000d44                nrf24_init
 .text.parse_uart_value
                0x08000d64       0x60 ./Core/Src/commandReader.o
                0x08000d64                parse_uart_value
 .text.delay_us
                0x08000dc4       0x38 ./Core/Src/delay.o
                0x08000dc4                delay_us
 .text.adjusteTimeForTicks
                0x08000dfc       0x20 ./Core/Src/delay.o
                0x08000dfc                adjusteTimeForTicks
 .text.main     0x08000e1c      0x2c0 ./Core/Src/main.o
                0x08000e1c                main
 .text.SystemClock_Config
                0x080010dc       0xc4 ./Core/Src/main.o
                0x080010dc                SystemClock_Config
 .text.MX_SPI1_Init
                0x080011a0       0x7c ./Core/Src/main.o
 .text.MX_TIM6_Init
                0x0800121c       0x7c ./Core/Src/main.o
 .text.MX_TIM7_Init
                0x08001298       0x6c ./Core/Src/main.o
 .text.MX_USART2_UART_Init
                0x08001304       0x60 ./Core/Src/main.o
 .text.MX_DMA_Init
                0x08001364       0x3c ./Core/Src/main.o
 .text.MX_GPIO_Init
                0x080013a0       0xdc ./Core/Src/main.o
 .text.HAL_TIM_PeriodElapsedCallback
                0x0800147c       0x54 ./Core/Src/main.o
                0x0800147c                HAL_TIM_PeriodElapsedCallback
 .text.HAL_UART_RxCpltCallback
                0x080014d0       0x6c ./Core/Src/main.o
                0x080014d0                HAL_UART_RxCpltCallback
 .text.shift_register_send
                0x0800153c       0x3c ./Core/Src/main.o
                0x0800153c                shift_register_send
 .text.nrf24_setup
                0x08001578       0xac ./Core/Src/main.o
                0x08001578                nrf24_setup
 .text.Error_Handler
                0x08001624        0xc ./Core/Src/main.o
                0x08001624                Error_Handler
 .text.HAL_MspInit
                0x08001630       0x48 ./Core/Src/stm32l4xx_hal_msp.o
                0x08001630                HAL_MspInit
 .text.HAL_SPI_MspInit
                0x08001678       0x84 ./Core/Src/stm32l4xx_hal_msp.o
                0x08001678                HAL_SPI_MspInit
 .text.HAL_TIM_Base_MspInit
                0x080016fc       0x74 ./Core/Src/stm32l4xx_hal_msp.o
                0x080016fc                HAL_TIM_Base_MspInit
 .text.HAL_UART_MspInit
                0x08001770      0x13c ./Core/Src/stm32l4xx_hal_msp.o
                0x08001770                HAL_UART_MspInit
 .text.NMI_Handler
                0x080018ac        0x8 ./Core/Src/stm32l4xx_it.o
                0x080018ac                NMI_Handler
 .text.HardFault_Handler
                0x080018b4        0x8 ./Core/Src/stm32l4xx_it.o
                0x080018b4                HardFault_Handler
 .text.MemManage_Handler
                0x080018bc        0x8 ./Core/Src/stm32l4xx_it.o
                0x080018bc                MemManage_Handler
 .text.BusFault_Handler
                0x080018c4        0x8 ./Core/Src/stm32l4xx_it.o
                0x080018c4                BusFault_Handler
 .text.UsageFault_Handler
                0x080018cc        0x8 ./Core/Src/stm32l4xx_it.o
                0x080018cc                UsageFault_Handler
 .text.SVC_Handler
                0x080018d4        0xe ./Core/Src/stm32l4xx_it.o
                0x080018d4                SVC_Handler
 .text.DebugMon_Handler
                0x080018e2        0xe ./Core/Src/stm32l4xx_it.o
                0x080018e2                DebugMon_Handler
 .text.PendSV_Handler
                0x080018f0        0xe ./Core/Src/stm32l4xx_it.o
                0x080018f0                PendSV_Handler
 .text.SysTick_Handler
                0x080018fe        0xc ./Core/Src/stm32l4xx_it.o
                0x080018fe                SysTick_Handler
 *fill*         0x0800190a        0x2 
 .text.DMA1_Channel6_IRQHandler
                0x0800190c       0x14 ./Core/Src/stm32l4xx_it.o
                0x0800190c                DMA1_Channel6_IRQHandler
 .text.USART2_IRQHandler
                0x08001920       0x14 ./Core/Src/stm32l4xx_it.o
                0x08001920                USART2_IRQHandler
 .text.TIM6_DAC_IRQHandler
                0x08001934       0x14 ./Core/Src/stm32l4xx_it.o
                0x08001934                TIM6_DAC_IRQHandler
 .text.SystemInit
                0x08001948       0x24 ./Core/Src/system_stm32l4xx.o
                0x08001948                SystemInit
 .text.Reset_Handler
                0x0800196c       0x50 ./Core/Startup/startup_stm32l432kcux.o
                0x0800196c                Reset_Handler
 .text.Default_Handler
                0x080019bc        0x2 ./Core/Startup/startup_stm32l432kcux.o
                0x080019bc                RTC_Alarm_IRQHandler
                0x080019bc                EXTI2_IRQHandler
                0x080019bc                TIM1_CC_IRQHandler
                0x080019bc                TSC_IRQHandler
                0x080019bc                TAMP_STAMP_IRQHandler
                0x080019bc                EXTI3_IRQHandler
                0x080019bc                LPTIM2_IRQHandler
                0x080019bc                I2C3_ER_IRQHandler
                0x080019bc                EXTI0_IRQHandler
                0x080019bc                CAN1_RX0_IRQHandler
                0x080019bc                FPU_IRQHandler
                0x080019bc                TIM1_UP_TIM16_IRQHandler
                0x080019bc                SPI1_IRQHandler
                0x080019bc                DMA2_Channel2_IRQHandler
                0x080019bc                DMA1_Channel4_IRQHandler
                0x080019bc                ADC1_IRQHandler
                0x080019bc                DMA1_Channel7_IRQHandler
                0x080019bc                CAN1_RX1_IRQHandler
                0x080019bc                DMA2_Channel1_IRQHandler
                0x080019bc                QUADSPI_IRQHandler
                0x080019bc                I2C1_EV_IRQHandler
                0x080019bc                DMA2_Channel4_IRQHandler
                0x080019bc                RCC_IRQHandler
                0x080019bc                TIM1_TRG_COM_IRQHandler
                0x080019bc                DMA1_Channel1_IRQHandler
                0x080019bc                Default_Handler
                0x080019bc                DMA2_Channel7_IRQHandler
                0x080019bc                EXTI15_10_IRQHandler
                0x080019bc                TIM7_IRQHandler
                0x080019bc                I2C3_EV_IRQHandler
                0x080019bc                USB_IRQHandler
                0x080019bc                EXTI9_5_IRQHandler
                0x080019bc                RTC_WKUP_IRQHandler
                0x080019bc                PVD_PVM_IRQHandler
                0x080019bc                CAN1_TX_IRQHandler
                0x080019bc                DMA2_Channel5_IRQHandler
                0x080019bc                CRS_IRQHandler
                0x080019bc                DMA1_Channel5_IRQHandler
                0x080019bc                EXTI4_IRQHandler
                0x080019bc                RNG_IRQHandler
                0x080019bc                DMA1_Channel3_IRQHandler
                0x080019bc                COMP_IRQHandler
                0x080019bc                WWDG_IRQHandler
                0x080019bc                LPUART1_IRQHandler
                0x080019bc                DMA2_Channel6_IRQHandler
                0x080019bc                TIM2_IRQHandler
                0x080019bc                EXTI1_IRQHandler
                0x080019bc                DMA1_Channel2_IRQHandler
                0x080019bc                CAN1_SCE_IRQHandler
                0x080019bc                FLASH_IRQHandler
                0x080019bc                USART1_IRQHandler
                0x080019bc                SPI3_IRQHandler
                0x080019bc                I2C1_ER_IRQHandler
                0x080019bc                SWPMI1_IRQHandler
                0x080019bc                LPTIM1_IRQHandler
                0x080019bc                SAI1_IRQHandler
                0x080019bc                DMA2_Channel3_IRQHandler
                0x080019bc                TIM1_BRK_TIM15_IRQHandler
 .text.HAL_Init
                0x080019be       0x30 ./Drivers/STM32L4xx_HAL_Driver/Src/stm32l4xx_hal.o
                0x080019be                HAL_Init
 *fill*         0x080019ee        0x2 
 .text.HAL_InitTick
                0x080019f0       0x78 ./Drivers/STM32L4xx_HAL_Driver/Src/stm32l4xx_hal.o
                0x080019f0                HAL_InitTick
 .text.HAL_IncTick
                0x08001a68       0x28 ./Drivers/STM32L4xx_HAL_Driver/Src/stm32l4xx_hal.o
                0x08001a68                HAL_IncTick
 .text.HAL_GetTick
                0x08001a90       0x18 ./Drivers/STM32L4xx_HAL_Driver/Src/stm32l4xx_hal.o
                0x08001a90                HAL_GetTick
 .text.HAL_Delay
                0x08001aa8       0x48 ./Drivers/STM32L4xx_HAL_Driver/Src/stm32l4xx_hal.o
                0x08001aa8                HAL_Delay
 .text.__NVIC_SetPriorityGrouping
                0x08001af0       0x48 ./Drivers/STM32L4xx_HAL_Driver/Src/stm32l4xx_hal_cortex.o
 .text.__NVIC_GetPriorityGrouping
                0x08001b38       0x1c ./Drivers/STM32L4xx_HAL_Driver/Src/stm32l4xx_hal_cortex.o
 .text.__NVIC_EnableIRQ
                0x08001b54       0x3c ./Drivers/STM32L4xx_HAL_Driver/Src/stm32l4xx_hal_cortex.o
 .text.__NVIC_SetPriority
                0x08001b90       0x54 ./Drivers/STM32L4xx_HAL_Driver/Src/stm32l4xx_hal_cortex.o
 .text.NVIC_EncodePriority
                0x08001be4       0x66 ./Drivers/STM32L4xx_HAL_Driver/Src/stm32l4xx_hal_cortex.o
 *fill*         0x08001c4a        0x2 
 .text.SysTick_Config
                0x08001c4c       0x44 ./Drivers/STM32L4xx_HAL_Driver/Src/stm32l4xx_hal_cortex.o
 .text.HAL_NVIC_SetPriorityGrouping
                0x08001c90       0x16 ./Drivers/STM32L4xx_HAL_Driver/Src/stm32l4xx_hal_cortex.o
                0x08001c90                HAL_NVIC_SetPriorityGrouping
 .text.HAL_NVIC_SetPriority
                0x08001ca6       0x38 ./Drivers/STM32L4xx_HAL_Driver/Src/stm32l4xx_hal_cortex.o
                0x08001ca6                HAL_NVIC_SetPriority
 .text.HAL_NVIC_EnableIRQ
                0x08001cde       0x1c ./Drivers/STM32L4xx_HAL_Driver/Src/stm32l4xx_hal_cortex.o
                0x08001cde                HAL_NVIC_EnableIRQ
 .text.HAL_SYSTICK_Config
                0x08001cfa       0x18 ./Drivers/STM32L4xx_HAL_Driver/Src/stm32l4xx_hal_cortex.o
                0x08001cfa                HAL_SYSTICK_Config
 *fill*         0x08001d12        0x2 
 .text.HAL_DMA_Init
                0x08001d14      0x170 ./Drivers/STM32L4xx_HAL_Driver/Src/stm32l4xx_hal_dma.o
                0x08001d14                HAL_DMA_Init
 .text.HAL_DMA_Start_IT
                0x08001e84       0xc0 ./Drivers/STM32L4xx_HAL_Driver/Src/stm32l4xx_hal_dma.o
                0x08001e84                HAL_DMA_Start_IT
 .text.HAL_DMA_Abort
                0x08001f44       0x7c ./Drivers/STM32L4xx_HAL_Driver/Src/stm32l4xx_hal_dma.o
                0x08001f44                HAL_DMA_Abort
 .text.HAL_DMA_Abort_IT
                0x08001fc0       0x82 ./Drivers/STM32L4xx_HAL_Driver/Src/stm32l4xx_hal_dma.o
                0x08001fc0                HAL_DMA_Abort_IT
 .text.HAL_DMA_IRQHandler
                0x08002042      0x15e ./Drivers/STM32L4xx_HAL_Driver/Src/stm32l4xx_hal_dma.o
                0x08002042                HAL_DMA_IRQHandler
 .text.DMA_SetConfig
                0x080021a0       0x60 ./Drivers/STM32L4xx_HAL_Driver/Src/stm32l4xx_hal_dma.o
 .text.HAL_GPIO_Init
                0x08002200      0x2d4 ./Drivers/STM32L4xx_HAL_Driver/Src/stm32l4xx_hal_gpio.o
                0x08002200                HAL_GPIO_Init
 .text.HAL_GPIO_WritePin
                0x080024d4       0x30 ./Drivers/STM32L4xx_HAL_Driver/Src/stm32l4xx_hal_gpio.o
                0x080024d4                HAL_GPIO_WritePin
 .text.HAL_PWR_EnableBkUpAccess
                0x08002504       0x20 ./Drivers/STM32L4xx_HAL_Driver/Src/stm32l4xx_hal_pwr.o
                0x08002504                HAL_PWR_EnableBkUpAccess
 .text.HAL_PWREx_GetVoltageRange
                0x08002524       0x1c ./Drivers/STM32L4xx_HAL_Driver/Src/stm32l4xx_hal_pwr_ex.o
                0x08002524                HAL_PWREx_GetVoltageRange
 .text.HAL_PWREx_ControlVoltageScaling
                0x08002540       0xac ./Drivers/STM32L4xx_HAL_Driver/Src/stm32l4xx_hal_pwr_ex.o
                0x08002540                HAL_PWREx_ControlVoltageScaling
 .text.HAL_RCC_OscConfig
                0x080025ec      0x828 ./Drivers/STM32L4xx_HAL_Driver/Src/stm32l4xx_hal_rcc.o
                0x080025ec                HAL_RCC_OscConfig
 .text.HAL_RCC_ClockConfig
                0x08002e14      0x200 ./Drivers/STM32L4xx_HAL_Driver/Src/stm32l4xx_hal_rcc.o
                0x08002e14                HAL_RCC_ClockConfig
 .text.HAL_RCC_GetSysClockFreq
                0x08003014      0x118 ./Drivers/STM32L4xx_HAL_Driver/Src/stm32l4xx_hal_rcc.o
                0x08003014                HAL_RCC_GetSysClockFreq
 .text.HAL_RCC_GetHCLKFreq
                0x0800312c       0x18 ./Drivers/STM32L4xx_HAL_Driver/Src/stm32l4xx_hal_rcc.o
                0x0800312c                HAL_RCC_GetHCLKFreq
 .text.HAL_RCC_GetPCLK1Freq
                0x08003144       0x2c ./Drivers/STM32L4xx_HAL_Driver/Src/stm32l4xx_hal_rcc.o
                0x08003144                HAL_RCC_GetPCLK1Freq
 .text.HAL_RCC_GetPCLK2Freq
                0x08003170       0x2c ./Drivers/STM32L4xx_HAL_Driver/Src/stm32l4xx_hal_rcc.o
                0x08003170                HAL_RCC_GetPCLK2Freq
 .text.RCC_SetFlashLatencyFromMSIRange
                0x0800319c       0xc0 ./Drivers/STM32L4xx_HAL_Driver/Src/stm32l4xx_hal_rcc.o
 .text.HAL_RCCEx_PeriphCLKConfig
                0x0800325c      0x3ec ./Drivers/STM32L4xx_HAL_Driver/Src/stm32l4xx_hal_rcc_ex.o
                0x0800325c                HAL_RCCEx_PeriphCLKConfig
 .text.HAL_RCCEx_EnableMSIPLLMode
                0x08003648       0x20 ./Drivers/STM32L4xx_HAL_Driver/Src/stm32l4xx_hal_rcc_ex.o
                0x08003648                HAL_RCCEx_EnableMSIPLLMode
 .text.RCCEx_PLLSAI1_Config
                0x08003668      0x1e4 ./Drivers/STM32L4xx_HAL_Driver/Src/stm32l4xx_hal_rcc_ex.o
 .text.HAL_SPI_Init
                0x0800384c      0x146 ./Drivers/STM32L4xx_HAL_Driver/Src/stm32l4xx_hal_spi.o
                0x0800384c                HAL_SPI_Init
 .text.HAL_SPI_Transmit
                0x08003992      0x2ec ./Drivers/STM32L4xx_HAL_Driver/Src/stm32l4xx_hal_spi.o
                0x08003992                HAL_SPI_Transmit
 .text.HAL_SPI_Receive
                0x08003c7e      0x270 ./Drivers/STM32L4xx_HAL_Driver/Src/stm32l4xx_hal_spi.o
                0x08003c7e                HAL_SPI_Receive
 .text.HAL_SPI_TransmitReceive
                0x08003eee      0x43e ./Drivers/STM32L4xx_HAL_Driver/Src/stm32l4xx_hal_spi.o
                0x08003eee                HAL_SPI_TransmitReceive
 .text.SPI_WaitFlagStateUntilTimeout
                0x0800432c      0x110 ./Drivers/STM32L4xx_HAL_Driver/Src/stm32l4xx_hal_spi.o
 .text.SPI_WaitFifoStateUntilTimeout
                0x0800443c      0x12c ./Drivers/STM32L4xx_HAL_Driver/Src/stm32l4xx_hal_spi.o
 .text.SPI_EndRxTransaction
                0x08004568       0xb0 ./Drivers/STM32L4xx_HAL_Driver/Src/stm32l4xx_hal_spi.o
 .text.SPI_EndRxTxTransaction
                0x08004618       0x8c ./Drivers/STM32L4xx_HAL_Driver/Src/stm32l4xx_hal_spi.o
 .text.HAL_TIM_Base_Init
                0x080046a4       0xae ./Drivers/STM32L4xx_HAL_Driver/Src/stm32l4xx_hal_tim.o
                0x080046a4                HAL_TIM_Base_Init
 *fill*         0x08004752        0x2 
 .text.HAL_TIM_Base_Start
                0x08004754       0x98 ./Drivers/STM32L4xx_HAL_Driver/Src/stm32l4xx_hal_tim.o
                0x08004754                HAL_TIM_Base_Start
 .text.HAL_TIM_Base_Stop
                0x080047ec       0x4e ./Drivers/STM32L4xx_HAL_Driver/Src/stm32l4xx_hal_tim.o
                0x080047ec                HAL_TIM_Base_Stop
 *fill*         0x0800483a        0x2 
 .text.HAL_TIM_Base_Start_IT
                0x0800483c       0xa8 ./Drivers/STM32L4xx_HAL_Driver/Src/stm32l4xx_hal_tim.o
                0x0800483c                HAL_TIM_Base_Start_IT
 .text.HAL_TIM_IRQHandler
                0x080048e4      0x20e ./Drivers/STM32L4xx_HAL_Driver/Src/stm32l4xx_hal_tim.o
                0x080048e4                HAL_TIM_IRQHandler
 .text.HAL_TIM_OC_DelayElapsedCallback
                0x08004af2       0x14 ./Drivers/STM32L4xx_HAL_Driver/Src/stm32l4xx_hal_tim.o
                0x08004af2                HAL_TIM_OC_DelayElapsedCallback
 .text.HAL_TIM_IC_CaptureCallback
                0x08004b06       0x14 ./Drivers/STM32L4xx_HAL_Driver/Src/stm32l4xx_hal_tim.o
                0x08004b06                HAL_TIM_IC_CaptureCallback
 .text.HAL_TIM_PWM_PulseFinishedCallback
                0x08004b1a       0x14 ./Drivers/STM32L4xx_HAL_Driver/Src/stm32l4xx_hal_tim.o
                0x08004b1a                HAL_TIM_PWM_PulseFinishedCallback
 .text.HAL_TIM_TriggerCallback
                0x08004b2e       0x14 ./Drivers/STM32L4xx_HAL_Driver/Src/stm32l4xx_hal_tim.o
                0x08004b2e                HAL_TIM_TriggerCallback
 *fill*         0x08004b42        0x2 
 .text.TIM_Base_SetConfig
                0x08004b44       0xe0 ./Drivers/STM32L4xx_HAL_Driver/Src/stm32l4xx_hal_tim.o
                0x08004b44                TIM_Base_SetConfig
 .text.HAL_TIMEx_MasterConfigSynchronization
                0x08004c24       0xcc ./Drivers/STM32L4xx_HAL_Driver/Src/stm32l4xx_hal_tim_ex.o
                0x08004c24                HAL_TIMEx_MasterConfigSynchronization
 .text.HAL_TIMEx_CommutCallback
                0x08004cf0       0x14 ./Drivers/STM32L4xx_HAL_Driver/Src/stm32l4xx_hal_tim_ex.o
                0x08004cf0                HAL_TIMEx_CommutCallback
 .text.HAL_TIMEx_BreakCallback
                0x08004d04       0x14 ./Drivers/STM32L4xx_HAL_Driver/Src/stm32l4xx_hal_tim_ex.o
                0x08004d04                HAL_TIMEx_BreakCallback
 .text.HAL_TIMEx_Break2Callback
                0x08004d18       0x14 ./Drivers/STM32L4xx_HAL_Driver/Src/stm32l4xx_hal_tim_ex.o
                0x08004d18                HAL_TIMEx_Break2Callback
 .text.HAL_UART_Init
                0x08004d2c       0x9c ./Drivers/STM32L4xx_HAL_Driver/Src/stm32l4xx_hal_uart.o
                0x08004d2c                HAL_UART_Init
 .text.HAL_UART_Transmit
                0x08004dc8      0x112 ./Drivers/STM32L4xx_HAL_Driver/Src/stm32l4xx_hal_uart.o
                0x08004dc8                HAL_UART_Transmit
 *fill*         0x08004eda        0x2 
 .text.HAL_UART_Receive_DMA
                0x08004edc       0x98 ./Drivers/STM32L4xx_HAL_Driver/Src/stm32l4xx_hal_uart.o
                0x08004edc                HAL_UART_Receive_DMA
 .text.HAL_UART_IRQHandler
                0x08004f74      0x60c ./Drivers/STM32L4xx_HAL_Driver/Src/stm32l4xx_hal_uart.o
                0x08004f74                HAL_UART_IRQHandler
 .text.HAL_UART_TxCpltCallback
                0x08005580       0x14 ./Drivers/STM32L4xx_HAL_Driver/Src/stm32l4xx_hal_uart.o
                0x08005580                HAL_UART_TxCpltCallback
 .text.HAL_UART_RxHalfCpltCallback
                0x08005594       0x14 ./Drivers/STM32L4xx_HAL_Driver/Src/stm32l4xx_hal_uart.o
                0x08005594                HAL_UART_RxHalfCpltCallback
 .text.HAL_UART_ErrorCallback
                0x080055a8       0x14 ./Drivers/STM32L4xx_HAL_Driver/Src/stm32l4xx_hal_uart.o
                0x080055a8                HAL_UART_ErrorCallback
 .text.HAL_UARTEx_RxEventCallback
                0x080055bc       0x18 ./Drivers/STM32L4xx_HAL_Driver/Src/stm32l4xx_hal_uart.o
                0x080055bc                HAL_UARTEx_RxEventCallback
 .text.UART_SetConfig
                0x080055d4      0x458 ./Drivers/STM32L4xx_HAL_Driver/Src/stm32l4xx_hal_uart.o
                0x080055d4                UART_SetConfig
 .text.UART_AdvFeatureConfig
                0x08005a2c      0x144 ./Drivers/STM32L4xx_HAL_Driver/Src/stm32l4xx_hal_uart.o
                0x08005a2c                UART_AdvFeatureConfig
 .text.UART_CheckIdleState
                0x08005b70      0x150 ./Drivers/STM32L4xx_HAL_Driver/Src/stm32l4xx_hal_uart.o
                0x08005b70                UART_CheckIdleState
 .text.UART_WaitOnFlagUntilTimeout
                0x08005cc0       0xda ./Drivers/STM32L4xx_HAL_Driver/Src/stm32l4xx_hal_uart.o
                0x08005cc0                UART_WaitOnFlagUntilTimeout
 *fill*         0x08005d9a        0x2 
 .text.UART_Start_Receive_DMA
                0x08005d9c      0x140 ./Drivers/STM32L4xx_HAL_Driver/Src/stm32l4xx_hal_uart.o
                0x08005d9c                UART_Start_Receive_DMA
 .text.UART_EndTxTransfer
                0x08005edc       0x4c ./Drivers/STM32L4xx_HAL_Driver/Src/stm32l4xx_hal_uart.o
 .text.UART_EndRxTransfer
                0x08005f28       0xc8 ./Drivers/STM32L4xx_HAL_Driver/Src/stm32l4xx_hal_uart.o
 .text.UART_DMAReceiveCplt
                0x08005ff0      0x12c ./Drivers/STM32L4xx_HAL_Driver/Src/stm32l4xx_hal_uart.o
 .text.UART_DMARxHalfCplt
                0x0800611c       0x3e ./Drivers/STM32L4xx_HAL_Driver/Src/stm32l4xx_hal_uart.o
 .text.UART_DMAError
                0x0800615a       0x7e ./Drivers/STM32L4xx_HAL_Driver/Src/stm32l4xx_hal_uart.o
 .text.UART_DMAAbortOnError
                0x080061d8       0x2c ./Drivers/STM32L4xx_HAL_Driver/Src/stm32l4xx_hal_uart.o
 .text.UART_EndTransmit_IT
                0x08006204       0x54 ./Drivers/STM32L4xx_HAL_Driver/Src/stm32l4xx_hal_uart.o
 .text.HAL_UARTEx_WakeupCallback
                0x08006258       0x14 ./Drivers/STM32L4xx_HAL_Driver/Src/stm32l4xx_hal_uart_ex.o
                0x08006258                HAL_UARTEx_WakeupCallback
 .text.atoi     0x0800626c        0x8 /opt/st/stm32cubeide_1.19.0/plugins/com.st.stm32cube.ide.mcu.externaltools.gnu-tools-for-stm32.13.3.rel1.linux64_1.0.0.202410170706/tools/bin/../lib/gcc/arm-none-eabi/13.3.1/../../../../arm-none-eabi/lib/thumb/v7e-m+fp/hard/libc_nano.a(libc_a-atoi.o)
                0x0800626c                atoi
 .text._strtol_l.isra.0
                0x08006274       0xf4 /opt/st/stm32cubeide_1.19.0/plugins/com.st.stm32cube.ide.mcu.externaltools.gnu-tools-for-stm32.13.3.rel1.linux64_1.0.0.202410170706/tools/bin/../lib/gcc/arm-none-eabi/13.3.1/../../../../arm-none-eabi/lib/thumb/v7e-m+fp/hard/libc_nano.a(libc_a-strtol.o)
 .text.strtol   0x08006368       0x14 /opt/st/stm32cubeide_1.19.0/plugins/com.st.stm32cube.ide.mcu.externaltools.gnu-tools-for-stm32.13.3.rel1.linux64_1.0.0.202410170706/tools/bin/../lib/gcc/arm-none-eabi/13.3.1/../../../../arm-none-eabi/lib/thumb/v7e-m+fp/hard/libc_nano.a(libc_a-strtol.o)
                0x08006368                strtol
 .text.memset   0x0800637c       0x10 /opt/st/stm32cubeide_1.19.0/plugins/com.st.stm32cube.ide.mcu.externaltools.gnu-tools-for-stm32.13.3.rel1.linux64_1.0.0.202410170706/tools/bin/../lib/gcc/arm-none-eabi/13.3.1/../../../../arm-none-eabi/lib/thumb/v7e-m+fp/hard/libc_nano.a(libc_a-memset.o)
                0x0800637c                memset
 .text.__errno  0x0800638c        0xc /opt/st/stm32cubeide_1.19.0/plugins/com.st.stm32cube.ide.mcu.externaltools.gnu-tools-for-stm32.13.3.rel1.linux64_1.0.0.202410170706/tools/bin/../lib/gcc/arm-none-eabi/13.3.1/../../../../arm-none-eabi/lib/thumb/v7e-m+fp/hard/libc_nano.a(libc_a-errno.o)
                0x0800638c                __errno
 .text.__libc_init_array
                0x08006398       0x48 /opt/st/stm32cubeide_1.19.0/plugins/com.st.stm32cube.ide.mcu.externaltools.gnu-tools-for-stm32.13.3.rel1.linux64_1.0.0.202410170706/tools/bin/../lib/gcc/arm-none-eabi/13.3.1/../../../../arm-none-eabi/lib/thumb/v7e-m+fp/hard/libc_nano.a(libc_a-init.o)
                0x08006398                __libc_init_array
 *(.glue_7)
 .glue_7        0x080063e0        0x0 linker stubs
 *(.glue_7t)
 .glue_7t       0x080063e0        0x0 linker stubs
 *(.eh_frame)
 .eh_frame      0x080063e0        0x0 /opt/st/stm32cubeide_1.19.0/plugins/com.st.stm32cube.ide.mcu.externaltools.gnu-tools-for-stm32.13.3.rel1.linux64_1.0.0.202410170706/tools/bin/../lib/gcc/arm-none-eabi/13.3.1/thumb/v7e-m+fp/hard/crtbegin.o
 *(.init)
 .init          0x080063e0        0x4 /opt/st/stm32cubeide_1.19.0/plugins/com.st.stm32cube.ide.mcu.externaltools.gnu-tools-for-stm32.13.3.rel1.linux64_1.0.0.202410170706/tools/bin/../lib/gcc/arm-none-eabi/13.3.1/thumb/v7e-m+fp/hard/crti.o
                0x080063e0                _init
 .init          0x080063e4        0x8 /opt/st/stm32cubeide_1.19.0/plugins/com.st.stm32cube.ide.mcu.externaltools.gnu-tools-for-stm32.13.3.rel1.linux64_1.0.0.202410170706/tools/bin/../lib/gcc/arm-none-eabi/13.3.1/thumb/v7e-m+fp/hard/crtn.o
 *(.fini)
 .fini          0x080063ec        0x4 /opt/st/stm32cubeide_1.19.0/plugins/com.st.stm32cube.ide.mcu.externaltools.gnu-tools-for-stm32.13.3.rel1.linux64_1.0.0.202410170706/tools/bin/../lib/gcc/arm-none-eabi/13.3.1/thumb/v7e-m+fp/hard/crti.o
                0x080063ec                _fini
 .fini          0x080063f0        0x8 /opt/st/stm32cubeide_1.19.0/plugins/com.st.stm32cube.ide.mcu.externaltools.gnu-tools-for-stm32.13.3.rel1.linux64_1.0.0.202410170706/tools/bin/../lib/gcc/arm-none-eabi/13.3.1/thumb/v7e-m+fp/hard/crtn.o
                0x080063f8                        . = ALIGN (0x4)
                0x080063f8                        _etext = .

.vfp11_veneer   0x080063f8        0x0
 .vfp11_veneer  0x080063f8        0x0 linker stubs

.v4_bx          0x080063f8        0x0
 .v4_bx         0x080063f8        0x0 linker stubs

.iplt           0x080063f8        0x0
 .iplt          0x080063f8        0x0 /opt/st/stm32cubeide_1.19.0/plugins/com.st.stm32cube.ide.mcu.externaltools.gnu-tools-for-stm32.13.3.rel1.linux64_1.0.0.202410170706/tools/bin/../lib/gcc/arm-none-eabi/13.3.1/thumb/v7e-m+fp/hard/crtbegin.o

.rodata         0x080063f8      0x16c
                0x080063f8                        . = ALIGN (0x4)
 *(.rodata)
 .rodata        0x080063f8       0x1f ./Core/Src/main.o
 *(.rodata*)
 *fill*         0x08006417        0x1 
 .rodata.AHBPrescTable
                0x08006418       0x10 ./Core/Src/system_stm32l4xx.o
                0x08006418                AHBPrescTable
 .rodata.APBPrescTable
                0x08006428        0x8 ./Core/Src/system_stm32l4xx.o
                0x08006428                APBPrescTable
 .rodata.MSIRangeTable
                0x08006430       0x30 ./Core/Src/system_stm32l4xx.o
                0x08006430                MSIRangeTable
 .rodata._ctype_
                0x08006460      0x101 /opt/st/stm32cubeide_1.19.0/plugins/com.st.stm32cube.ide.mcu.externaltools.gnu-tools-for-stm32.13.3.rel1.linux64_1.0.0.202410170706/tools/bin/../lib/gcc/arm-none-eabi/13.3.1/../../../../arm-none-eabi/lib/thumb/v7e-m+fp/hard/libc_nano.a(libc_a-ctype_.o)
                0x08006460                _ctype_
                0x08006564                        . = ALIGN (0x4)
 *fill*         0x08006561        0x3 

.ARM.extab      0x08006564        0x0
                0x08006564                        . = ALIGN (0x4)
 *(.ARM.extab* .gnu.linkonce.armextab.*)
                0x08006564                        . = ALIGN (0x4)

.ARM            0x08006564        0x8
                0x08006564                        . = ALIGN (0x4)
                0x08006564                        __exidx_start = .
 *(.ARM.exidx*)
 .ARM.exidx     0x08006564        0x8 /opt/st/stm32cubeide_1.19.0/plugins/com.st.stm32cube.ide.mcu.externaltools.gnu-tools-for-stm32.13.3.rel1.linux64_1.0.0.202410170706/tools/bin/../lib/gcc/arm-none-eabi/13.3.1/../../../../arm-none-eabi/lib/thumb/v7e-m+fp/hard/libc_nano.a(libc_a-strlen.o)
 .ARM.exidx     0x0800656c        0x0 /opt/st/stm32cubeide_1.19.0/plugins/com.st.stm32cube.ide.mcu.externaltools.gnu-tools-for-stm32.13.3.rel1.linux64_1.0.0.202410170706/tools/bin/../lib/gcc/arm-none-eabi/13.3.1/thumb/v7e-m+fp/hard/libgcc.a(_udivmoddi4.o)
                                  0x8 (size before relaxing)
                0x0800656c                        __exidx_end = .
                0x0800656c                        . = ALIGN (0x4)

.preinit_array  0x0800656c        0x0
                0x0800656c                        . = ALIGN (0x4)
                0x0800656c                        PROVIDE (__preinit_array_start = .)
 *(.preinit_array*)
                0x0800656c                        PROVIDE (__preinit_array_end = .)
                0x0800656c                        . = ALIGN (0x4)

.init_array     0x0800656c        0x4
                0x0800656c                        . = ALIGN (0x4)
                0x0800656c                        PROVIDE (__init_array_start = .)
 *(SORT_BY_NAME(.init_array.*))
 *(.init_array*)
 .init_array    0x0800656c        0x4 /opt/st/stm32cubeide_1.19.0/plugins/com.st.stm32cube.ide.mcu.externaltools.gnu-tools-for-stm32.13.3.rel1.linux64_1.0.0.202410170706/tools/bin/../lib/gcc/arm-none-eabi/13.3.1/thumb/v7e-m+fp/hard/crtbegin.o
                0x08006570                        PROVIDE (__init_array_end = .)
                0x08006570                        . = ALIGN (0x4)

.fini_array     0x08006570        0x4
                0x08006570                        . = ALIGN (0x4)
                [!provide]                        PROVIDE (__fini_array_start = .)
 *(SORT_BY_NAME(.fini_array.*))
 *(.fini_array*)
 .fini_array    0x08006570        0x4 /opt/st/stm32cubeide_1.19.0/plugins/com.st.stm32cube.ide.mcu.externaltools.gnu-tools-for-stm32.13.3.rel1.linux64_1.0.0.202410170706/tools/bin/../lib/gcc/arm-none-eabi/13.3.1/thumb/v7e-m+fp/hard/crtbegin.o
                [!provide]                        PROVIDE (__fini_array_end = .)
                0x08006574                        . = ALIGN (0x4)
                0x08006574                        _sidata = LOADADDR (.data)

.rel.dyn        0x08006574        0x0
 .rel.iplt      0x08006574        0x0 /opt/st/stm32cubeide_1.19.0/plugins/com.st.stm32cube.ide.mcu.externaltools.gnu-tools-for-stm32.13.3.rel1.linux64_1.0.0.202410170706/tools/bin/../lib/gcc/arm-none-eabi/13.3.1/thumb/v7e-m+fp/hard/crtbegin.o

.data           0x20000000       0x64 load address 0x08006574
                0x20000000                        . = ALIGN (0x4)
                0x20000000                        _sdata = .
 *(.data)
 *(.data*)
 .data.tx_addr  0x20000000        0x5 ./Core/Src/main.o
                0x20000000                tx_addr
 *fill*         0x20000005        0x3 
 .data.SystemCoreClock
                0x20000008        0x4 ./Core/Src/system_stm32l4xx.o
                0x20000008                SystemCoreClock
 .data.uwTickPrio
                0x2000000c        0x4 ./Drivers/STM32L4xx_HAL_Driver/Src/stm32l4xx_hal.o
                0x2000000c                uwTickPrio
 .data.uwTickFreq
                0x20000010        0x1 ./Drivers/STM32L4xx_HAL_Driver/Src/stm32l4xx_hal.o
                0x20000010                uwTickFreq
 *fill*         0x20000011        0x3 
 .data._impure_ptr
                0x20000014        0x4 /opt/st/stm32cubeide_1.19.0/plugins/com.st.stm32cube.ide.mcu.externaltools.gnu-tools-for-stm32.13.3.rel1.linux64_1.0.0.202410170706/tools/bin/../lib/gcc/arm-none-eabi/13.3.1/../../../../arm-none-eabi/lib/thumb/v7e-m+fp/hard/libc_nano.a(libc_a-impure.o)
                0x20000014                _impure_ptr
 .data._impure_data
                0x20000018       0x4c /opt/st/stm32cubeide_1.19.0/plugins/com.st.stm32cube.ide.mcu.externaltools.gnu-tools-for-stm32.13.3.rel1.linux64_1.0.0.202410170706/tools/bin/../lib/gcc/arm-none-eabi/13.3.1/../../../../arm-none-eabi/lib/thumb/v7e-m+fp/hard/libc_nano.a(libc_a-impure.o)
                0x20000018                _impure_data
 *(.RamFunc)
 *(.RamFunc*)
                0x20000064                        . = ALIGN (0x4)
                0x20000064                        _edata = .

.igot.plt       0x20000064        0x0 load address 0x080065d8
 .igot.plt      0x20000064        0x0 /opt/st/stm32cubeide_1.19.0/plugins/com.st.stm32cube.ide.mcu.externaltools.gnu-tools-for-stm32.13.3.rel1.linux64_1.0.0.202410170706/tools/bin/../lib/gcc/arm-none-eabi/13.3.1/thumb/v7e-m+fp/hard/crtbegin.o
                0x20000064                        . = ALIGN (0x4)

.bss            0x20000064      0x3e0 load address 0x080065d8
                0x20000064                        _sbss = .
                0x20000064                        __bss_start__ = _sbss
 *(.bss)
 .bss           0x20000064       0x1c /opt/st/stm32cubeide_1.19.0/plugins/com.st.stm32cube.ide.mcu.externaltools.gnu-tools-for-stm32.13.3.rel1.linux64_1.0.0.202410170706/tools/bin/../lib/gcc/arm-none-eabi/13.3.1/thumb/v7e-m+fp/hard/crtbegin.o
 *(.bss*)
 .bss.current_state
                0x20000080        0x1 ./Core/Src/main.o
                0x20000080                current_state
 *fill*         0x20000081        0x3 
 .bss.hspi1     0x20000084       0x64 ./Core/Src/main.o
                0x20000084                hspi1
 .bss.htim6     0x200000e8       0x4c ./Core/Src/main.o
                0x200000e8                htim6
 .bss.htim7     0x20000134       0x4c ./Core/Src/main.o
                0x20000134                htim7
 .bss.huart2    0x20000180       0x88 ./Core/Src/main.o
                0x20000180                huart2
 .bss.hdma_usart2_rx
                0x20000208       0x48 ./Core/Src/main.o
                0x20000208                hdma_usart2_rx
 .bss.RC_Data   0x20000250       0x34 ./Core/Src/main.o
                0x20000250                RC_Data
 .bss.Msg       0x20000284       0x80 ./Core/Src/main.o
                0x20000284                Msg
 .bss.toggleFlag
                0x20000304        0x1 ./Core/Src/main.o
                0x20000304                toggleFlag
 .bss.cmdFlag   0x20000305        0x1 ./Core/Src/main.o
                0x20000305                cmdFlag
 *fill*         0x20000306        0x2 
 .bss.uwTick    0x20000308        0x4 ./Drivers/STM32L4xx_HAL_Driver/Src/stm32l4xx_hal.o
                0x20000308                uwTick
 .bss.__sf      0x2000030c      0x138 /opt/st/stm32cubeide_1.19.0/plugins/com.st.stm32cube.ide.mcu.externaltools.gnu-tools-for-stm32.13.3.rel1.linux64_1.0.0.202410170706/tools/bin/../lib/gcc/arm-none-eabi/13.3.1/../../../../arm-none-eabi/lib/thumb/v7e-m+fp/hard/libc_nano.a(libc_a-findfp.o)
                0x2000030c                __sf
 *(COMMON)
                0x20000444                        . = ALIGN (0x4)
                0x20000444                        _ebss = .
                0x20000444                        __bss_end__ = _ebss

._user_heap_stack
                0x20000444      0x604 load address 0x080065d8
                0x20000448                        . = ALIGN (0x8)
 *fill*         0x20000444        0x4 
                [!provide]                        PROVIDE (end = .)
                0x20000448                        PROVIDE (_end = .)
                0x20000648                        . = (. + _Min_Heap_Size)
 *fill*         0x20000448      0x200 
                0x20000a48                        . = (. + _Min_Stack_Size)
 *fill*         0x20000648      0x400 
                0x20000a48                        . = ALIGN (0x8)

/DISCARD/
 libc.a(*)
 libm.a(*)
 libgcc.a(*)

.ARM.attributes
                0x00000000       0x30
 *(.ARM.attributes)
 .ARM.attributes
                0x00000000       0x22 /opt/st/stm32cubeide_1.19.0/plugins/com.st.stm32cube.ide.mcu.externaltools.gnu-tools-for-stm32.13.3.rel1.linux64_1.0.0.202410170706/tools/bin/../lib/gcc/arm-none-eabi/13.3.1/thumb/v7e-m+fp/hard/crti.o
 .ARM.attributes
                0x00000022       0x34 /opt/st/stm32cubeide_1.19.0/plugins/com.st.stm32cube.ide.mcu.externaltools.gnu-tools-for-stm32.13.3.rel1.linux64_1.0.0.202410170706/tools/bin/../lib/gcc/arm-none-eabi/13.3.1/thumb/v7e-m+fp/hard/crtbegin.o
 .ARM.attributes
                0x00000056       0x34 ./Core/Src/NRF24.o
 .ARM.attributes
                0x0000008a       0x34 ./Core/Src/commandReader.o
 .ARM.attributes
                0x000000be       0x34 ./Core/Src/delay.o
 .ARM.attributes
                0x000000f2       0x34 ./Core/Src/main.o
 .ARM.attributes
                0x00000126       0x34 ./Core/Src/stm32l4xx_hal_msp.o
 .ARM.attributes
                0x0000015a       0x34 ./Core/Src/stm32l4xx_it.o
 .ARM.attributes
                0x0000018e       0x34 ./Core/Src/system_stm32l4xx.o
 .ARM.attributes
                0x000001c2       0x21 ./Core/Startup/startup_stm32l432kcux.o
 .ARM.attributes
                0x000001e3       0x34 ./Drivers/STM32L4xx_HAL_Driver/Src/stm32l4xx_hal.o
 .ARM.attributes
                0x00000217       0x34 ./Drivers/STM32L4xx_HAL_Driver/Src/stm32l4xx_hal_cortex.o
 .ARM.attributes
                0x0000024b       0x34 ./Drivers/STM32L4xx_HAL_Driver/Src/stm32l4xx_hal_dma.o
 .ARM.attributes
                0x0000027f       0x34 ./Drivers/STM32L4xx_HAL_Driver/Src/stm32l4xx_hal_gpio.o
 .ARM.attributes
                0x000002b3       0x34 ./Drivers/STM32L4xx_HAL_Driver/Src/stm32l4xx_hal_pwr.o
 .ARM.attributes
                0x000002e7       0x34 ./Drivers/STM32L4xx_HAL_Driver/Src/stm32l4xx_hal_pwr_ex.o
 .ARM.attributes
                0x0000031b       0x34 ./Drivers/STM32L4xx_HAL_Driver/Src/stm32l4xx_hal_rcc.o
 .ARM.attributes
                0x0000034f       0x34 ./Drivers/STM32L4xx_HAL_Driver/Src/stm32l4xx_hal_rcc_ex.o
 .ARM.attributes
                0x00000383       0x34 ./Drivers/STM32L4xx_HAL_Driver/Src/stm32l4xx_hal_spi.o
 .ARM.attributes
                0x000003b7       0x34 ./Drivers/STM32L4xx_HAL_Driver/Src/stm32l4xx_hal_tim.o
 .ARM.attributes
                0x000003eb       0x34 ./Drivers/STM32L4xx_HAL_Driver/Src/stm32l4xx_hal_tim_ex.o
 .ARM.attributes
                0x0000041f       0x34 ./Drivers/STM32L4xx_HAL_Driver/Src/stm32l4xx_hal_uart.o
 .ARM.attributes
                0x00000453       0x34 ./Drivers/STM32L4xx_HAL_Driver/Src/stm32l4xx_hal_uart_ex.o
 .ARM.attributes
                0x00000487       0x34 /opt/st/stm32cubeide_1.19.0/plugins/com.st.stm32cube.ide.mcu.externaltools.gnu-tools-for-stm32.13.3.rel1.linux64_1.0.0.202410170706/tools/bin/../lib/gcc/arm-none-eabi/13.3.1/../../../../arm-none-eabi/lib/thumb/v7e-m+fp/hard/libc_nano.a(libc_a-atoi.o)
 .ARM.attributes
                0x000004bb       0x34 /opt/st/stm32cubeide_1.19.0/plugins/com.st.stm32cube.ide.mcu.externaltools.gnu-tools-for-stm32.13.3.rel1.linux64_1.0.0.202410170706/tools/bin/../lib/gcc/arm-none-eabi/13.3.1/../../../../arm-none-eabi/lib/thumb/v7e-m+fp/hard/libc_nano.a(libc_a-strtol.o)
 .ARM.attributes
                0x000004ef       0x34 /opt/st/stm32cubeide_1.19.0/plugins/com.st.stm32cube.ide.mcu.externaltools.gnu-tools-for-stm32.13.3.rel1.linux64_1.0.0.202410170706/tools/bin/../lib/gcc/arm-none-eabi/13.3.1/../../../../arm-none-eabi/lib/thumb/v7e-m+fp/hard/libc_nano.a(libc_a-ctype_.o)
 .ARM.attributes
                0x00000523       0x34 /opt/st/stm32cubeide_1.19.0/plugins/com.st.stm32cube.ide.mcu.externaltools.gnu-tools-for-stm32.13.3.rel1.linux64_1.0.0.202410170706/tools/bin/../lib/gcc/arm-none-eabi/13.3.1/../../../../arm-none-eabi/lib/thumb/v7e-m+fp/hard/libc_nano.a(libc_a-findfp.o)
 .ARM.attributes
                0x00000557       0x34 /opt/st/stm32cubeide_1.19.0/plugins/com.st.stm32cube.ide.mcu.externaltools.gnu-tools-for-stm32.13.3.rel1.linux64_1.0.0.202410170706/tools/bin/../lib/gcc/arm-none-eabi/13.3.1/../../../../arm-none-eabi/lib/thumb/v7e-m+fp/hard/libc_nano.a(libc_a-memset.o)
 .ARM.attributes
                0x0000058b       0x34 /opt/st/stm32cubeide_1.19.0/plugins/com.st.stm32cube.ide.mcu.externaltools.gnu-tools-for-stm32.13.3.rel1.linux64_1.0.0.202410170706/tools/bin/../lib/gcc/arm-none-eabi/13.3.1/../../../../arm-none-eabi/lib/thumb/v7e-m+fp/hard/libc_nano.a(libc_a-impure.o)
 .ARM.attributes
                0x000005bf       0x34 /opt/st/stm32cubeide_1.19.0/plugins/com.st.stm32cube.ide.mcu.externaltools.gnu-tools-for-stm32.13.3.rel1.linux64_1.0.0.202410170706/tools/bin/../lib/gcc/arm-none-eabi/13.3.1/../../../../arm-none-eabi/lib/thumb/v7e-m+fp/hard/libc_nano.a(libc_a-errno.o)
 .ARM.attributes
                0x000005f3       0x34 /opt/st/stm32cubeide_1.19.0/plugins/com.st.stm32cube.ide.mcu.externaltools.gnu-tools-for-stm32.13.3.rel1.linux64_1.0.0.202410170706/tools/bin/../lib/gcc/arm-none-eabi/13.3.1/../../../../arm-none-eabi/lib/thumb/v7e-m+fp/hard/libc_nano.a(libc_a-init.o)
 .ARM.attributes
                0x00000627       0x17 /opt/st/stm32cubeide_1.19.0/plugins/com.st.stm32cube.ide.mcu.externaltools.gnu-tools-for-stm32.13.3.rel1.linux64_1.0.0.202410170706/tools/bin/../lib/gcc/arm-none-eabi/13.3.1/../../../../arm-none-eabi/lib/thumb/v7e-m+fp/hard/libc_nano.a(libc_a-strlen.o)
 .ARM.attributes
                0x0000063e       0x22 /opt/st/stm32cubeide_1.19.0/plugins/com.st.stm32cube.ide.mcu.externaltools.gnu-tools-for-stm32.13.3.rel1.linux64_1.0.0.202410170706/tools/bin/../lib/gcc/arm-none-eabi/13.3.1/thumb/v7e-m+fp/hard/libgcc.a(_aeabi_uldivmod.o)
 .ARM.attributes
                0x00000660       0x34 /opt/st/stm32cubeide_1.19.0/plugins/com.st.stm32cube.ide.mcu.externaltools.gnu-tools-for-stm32.13.3.rel1.linux64_1.0.0.202410170706/tools/bin/../lib/gcc/arm-none-eabi/13.3.1/thumb/v7e-m+fp/hard/libgcc.a(_udivmoddi4.o)
 .ARM.attributes
                0x00000694       0x22 /opt/st/stm32cubeide_1.19.0/plugins/com.st.stm32cube.ide.mcu.externaltools.gnu-tools-for-stm32.13.3.rel1.linux64_1.0.0.202410170706/tools/bin/../lib/gcc/arm-none-eabi/13.3.1/thumb/v7e-m+fp/hard/libgcc.a(_dvmd_tls.o)
 .ARM.attributes
                0x000006b6       0x22 /opt/st/stm32cubeide_1.19.0/plugins/com.st.stm32cube.ide.mcu.externaltools.gnu-tools-for-stm32.13.3.rel1.linux64_1.0.0.202410170706/tools/bin/../lib/gcc/arm-none-eabi/13.3.1/thumb/v7e-m+fp/hard/crtn.o
OUTPUT(RC_Car_Transmitter_L432KC.elf elf32-littlearm)
LOAD linker stubs
LOAD /opt/st/stm32cubeide_1.19.0/plugins/com.st.stm32cube.ide.mcu.externaltools.gnu-tools-for-stm32.13.3.rel1.linux64_1.0.0.202410170706/tools/bin/../lib/gcc/arm-none-eabi/13.3.1/../../../../arm-none-eabi/lib/thumb/v7e-m+fp/hard/libc.a
LOAD /opt/st/stm32cubeide_1.19.0/plugins/com.st.stm32cube.ide.mcu.externaltools.gnu-tools-for-stm32.13.3.rel1.linux64_1.0.0.202410170706/tools/bin/../lib/gcc/arm-none-eabi/13.3.1/../../../../arm-none-eabi/lib/thumb/v7e-m+fp/hard/libm.a
LOAD /opt/st/stm32cubeide_1.19.0/plugins/com.st.stm32cube.ide.mcu.externaltools.gnu-tools-for-stm32.13.3.rel1.linux64_1.0.0.202410170706/tools/bin/../lib/gcc/arm-none-eabi/13.3.1/thumb/v7e-m+fp/hard/libgcc.a

.debug_info     0x00000000    0x14e56
 .debug_info    0x00000000     0x10c1 ./Core/Src/NRF24.o
 .debug_info    0x000010c1      0x140 ./Core/Src/commandReader.o
 .debug_info    0x00001201      0x6f8 ./Core/Src/delay.o
 .debug_info    0x000018f9     0x1cf0 ./Core/Src/main.o
 .debug_info    0x000035e9     0x15a0 ./Core/Src/stm32l4xx_hal_msp.o
 .debug_info    0x00004b89      0xb07 ./Core/Src/stm32l4xx_it.o
 .debug_info    0x00005690      0x5bf ./Core/Src/system_stm32l4xx.o
 .debug_info    0x00005c4f       0x30 ./Core/Startup/startup_stm32l432kcux.o
 .debug_info    0x00005c7f      0x99e ./Drivers/STM32L4xx_HAL_Driver/Src/stm32l4xx_hal.o
 .debug_info    0x0000661d      0xd03 ./Drivers/STM32L4xx_HAL_Driver/Src/stm32l4xx_hal_cortex.o
 .debug_info    0x00007320      0x6f4 ./Drivers/STM32L4xx_HAL_Driver/Src/stm32l4xx_hal_dma.o
 .debug_info    0x00007a14      0x757 ./Drivers/STM32L4xx_HAL_Driver/Src/stm32l4xx_hal_gpio.o
 .debug_info    0x0000816b      0x92c ./Drivers/STM32L4xx_HAL_Driver/Src/stm32l4xx_hal_pwr.o
 .debug_info    0x00008a97      0x920 ./Drivers/STM32L4xx_HAL_Driver/Src/stm32l4xx_hal_pwr_ex.o
 .debug_info    0x000093b7      0xbc3 ./Drivers/STM32L4xx_HAL_Driver/Src/stm32l4xx_hal_rcc.o
 .debug_info    0x00009f7a      0xee5 ./Drivers/STM32L4xx_HAL_Driver/Src/stm32l4xx_hal_rcc_ex.o
 .debug_info    0x0000ae5f     0x1549 ./Drivers/STM32L4xx_HAL_Driver/Src/stm32l4xx_hal_spi.o
 .debug_info    0x0000c3a8     0x2a9a ./Drivers/STM32L4xx_HAL_Driver/Src/stm32l4xx_hal_tim.o
 .debug_info    0x0000ee42     0x169e ./Drivers/STM32L4xx_HAL_Driver/Src/stm32l4xx_hal_tim_ex.o
 .debug_info    0x000104e0     0x3b77 ./Drivers/STM32L4xx_HAL_Driver/Src/stm32l4xx_hal_uart.o
 .debug_info    0x00014057      0xdff ./Drivers/STM32L4xx_HAL_Driver/Src/stm32l4xx_hal_uart_ex.o

.debug_abbrev   0x00000000     0x2cb1
 .debug_abbrev  0x00000000      0x31b ./Core/Src/NRF24.o
 .debug_abbrev  0x0000031b       0x9e ./Core/Src/commandReader.o
 .debug_abbrev  0x000003b9      0x1a6 ./Core/Src/delay.o
 .debug_abbrev  0x0000055f      0x337 ./Core/Src/main.o
 .debug_abbrev  0x00000896      0x22f ./Core/Src/stm32l4xx_hal_msp.o
 .debug_abbrev  0x00000ac5      0x19c ./Core/Src/stm32l4xx_it.o
 .debug_abbrev  0x00000c61      0x11a ./Core/Src/system_stm32l4xx.o
 .debug_abbrev  0x00000d7b       0x24 ./Core/Startup/startup_stm32l432kcux.o
 .debug_abbrev  0x00000d9f      0x225 ./Drivers/STM32L4xx_HAL_Driver/Src/stm32l4xx_hal.o
 .debug_abbrev  0x00000fc4      0x31c ./Drivers/STM32L4xx_HAL_Driver/Src/stm32l4xx_hal_cortex.o
 .debug_abbrev  0x000012e0      0x1e4 ./Drivers/STM32L4xx_HAL_Driver/Src/stm32l4xx_hal_dma.o
 .debug_abbrev  0x000014c4      0x1cb ./Drivers/STM32L4xx_HAL_Driver/Src/stm32l4xx_hal_gpio.o
 .debug_abbrev  0x0000168f      0x1d4 ./Drivers/STM32L4xx_HAL_Driver/Src/stm32l4xx_hal_pwr.o
 .debug_abbrev  0x00001863      0x1f9 ./Drivers/STM32L4xx_HAL_Driver/Src/stm32l4xx_hal_pwr_ex.o
 .debug_abbrev  0x00001a5c      0x2cb ./Drivers/STM32L4xx_HAL_Driver/Src/stm32l4xx_hal_rcc.o
 .debug_abbrev  0x00001d27      0x2a1 ./Drivers/STM32L4xx_HAL_Driver/Src/stm32l4xx_hal_rcc_ex.o
 .debug_abbrev  0x00001fc8      0x260 ./Drivers/STM32L4xx_HAL_Driver/Src/stm32l4xx_hal_spi.o
 .debug_abbrev  0x00002228      0x278 ./Drivers/STM32L4xx_HAL_Driver/Src/stm32l4xx_hal_tim.o
 .debug_abbrev  0x000024a0      0x283 ./Drivers/STM32L4xx_HAL_Driver/Src/stm32l4xx_hal_tim_ex.o
 .debug_abbrev  0x00002723      0x2d0 ./Drivers/STM32L4xx_HAL_Driver/Src/stm32l4xx_hal_uart.o
 .debug_abbrev  0x000029f3      0x2be ./Drivers/STM32L4xx_HAL_Driver/Src/stm32l4xx_hal_uart_ex.o

.debug_aranges  0x00000000     0x13b8
 .debug_aranges
                0x00000000      0x1a0 ./Core/Src/NRF24.o
 .debug_aranges
                0x000001a0       0x28 ./Core/Src/commandReader.o
 .debug_aranges
                0x000001c8       0x28 ./Core/Src/delay.o
 .debug_aranges
                0x000001f0       0x88 ./Core/Src/main.o
 .debug_aranges
                0x00000278       0x50 ./Core/Src/stm32l4xx_hal_msp.o
 .debug_aranges
                0x000002c8       0x78 ./Core/Src/stm32l4xx_it.o
 .debug_aranges
                0x00000340       0x28 ./Core/Src/system_stm32l4xx.o
 .debug_aranges
                0x00000368       0x28 ./Core/Startup/startup_stm32l432kcux.o
 .debug_aranges
                0x00000390      0x108 ./Drivers/STM32L4xx_HAL_Driver/Src/stm32l4xx_hal.o
 .debug_aranges
                0x00000498      0x128 ./Drivers/STM32L4xx_HAL_Driver/Src/stm32l4xx_hal_cortex.o
 .debug_aranges
                0x000005c0       0x80 ./Drivers/STM32L4xx_HAL_Driver/Src/stm32l4xx_hal_dma.o
 .debug_aranges
                0x00000640       0x58 ./Drivers/STM32L4xx_HAL_Driver/Src/stm32l4xx_hal_gpio.o
 .debug_aranges
                0x00000698       0x98 ./Drivers/STM32L4xx_HAL_Driver/Src/stm32l4xx_hal_pwr.o
 .debug_aranges
                0x00000730      0x128 ./Drivers/STM32L4xx_HAL_Driver/Src/stm32l4xx_hal_pwr_ex.o
 .debug_aranges
                0x00000858       0x90 ./Drivers/STM32L4xx_HAL_Driver/Src/stm32l4xx_hal_rcc.o
 .debug_aranges
                0x000008e8       0xf0 ./Drivers/STM32L4xx_HAL_Driver/Src/stm32l4xx_hal_rcc_ex.o
 .debug_aranges
                0x000009d8      0x1d8 ./Drivers/STM32L4xx_HAL_Driver/Src/stm32l4xx_hal_spi.o
 .debug_aranges
                0x00000bb0      0x3e0 ./Drivers/STM32L4xx_HAL_Driver/Src/stm32l4xx_hal_tim.o
 .debug_aranges
                0x00000f90      0x180 ./Drivers/STM32L4xx_HAL_Driver/Src/stm32l4xx_hal_tim_ex.o
 .debug_aranges
                0x00001110      0x228 ./Drivers/STM32L4xx_HAL_Driver/Src/stm32l4xx_hal_uart.o
 .debug_aranges
                0x00001338       0x80 ./Drivers/STM32L4xx_HAL_Driver/Src/stm32l4xx_hal_uart_ex.o

.debug_rnglists
                0x00000000      0xf54
 .debug_rnglists
                0x00000000      0x136 ./Core/Src/NRF24.o
 .debug_rnglists
                0x00000136       0x19 ./Core/Src/commandReader.o
 .debug_rnglists
                0x0000014f       0x19 ./Core/Src/delay.o
 .debug_rnglists
                0x00000168       0x65 ./Core/Src/main.o
 .debug_rnglists
                0x000001cd       0x39 ./Core/Src/stm32l4xx_hal_msp.o
 .debug_rnglists
                0x00000206       0x55 ./Core/Src/stm32l4xx_it.o
 .debug_rnglists
                0x0000025b       0x1a ./Core/Src/system_stm32l4xx.o
 .debug_rnglists
                0x00000275       0x19 ./Core/Startup/startup_stm32l432kcux.o
 .debug_rnglists
                0x0000028e       0xc1 ./Drivers/STM32L4xx_HAL_Driver/Src/stm32l4xx_hal.o
 .debug_rnglists
                0x0000034f       0xda ./Drivers/STM32L4xx_HAL_Driver/Src/stm32l4xx_hal_cortex.o
 .debug_rnglists
                0x00000429       0x64 ./Drivers/STM32L4xx_HAL_Driver/Src/stm32l4xx_hal_dma.o
 .debug_rnglists
                0x0000048d       0x3f ./Drivers/STM32L4xx_HAL_Driver/Src/stm32l4xx_hal_gpio.o
 .debug_rnglists
                0x000004cc       0x6e ./Drivers/STM32L4xx_HAL_Driver/Src/stm32l4xx_hal_pwr.o
 .debug_rnglists
                0x0000053a       0xdf ./Drivers/STM32L4xx_HAL_Driver/Src/stm32l4xx_hal_pwr_ex.o
 .debug_rnglists
                0x00000619       0x6d ./Drivers/STM32L4xx_HAL_Driver/Src/stm32l4xx_hal_rcc.o
 .debug_rnglists
                0x00000686       0xba ./Drivers/STM32L4xx_HAL_Driver/Src/stm32l4xx_hal_rcc_ex.o
 .debug_rnglists
                0x00000740      0x178 ./Drivers/STM32L4xx_HAL_Driver/Src/stm32l4xx_hal_spi.o
 .debug_rnglists
                0x000008b8      0x328 ./Drivers/STM32L4xx_HAL_Driver/Src/stm32l4xx_hal_tim.o
 .debug_rnglists
                0x00000be0      0x139 ./Drivers/STM32L4xx_HAL_Driver/Src/stm32l4xx_hal_tim_ex.o
 .debug_rnglists
                0x00000d19      0x1db ./Drivers/STM32L4xx_HAL_Driver/Src/stm32l4xx_hal_uart.o
 .debug_rnglists
                0x00000ef4       0x60 ./Drivers/STM32L4xx_HAL_Driver/Src/stm32l4xx_hal_uart_ex.o

.debug_macro    0x00000000    0x220e7
 .debug_macro   0x00000000      0x2d8 ./Core/Src/NRF24.o
 .debug_macro   0x000002d8      0xad8 ./Core/Src/NRF24.o
 .debug_macro   0x00000db0       0x22 ./Core/Src/NRF24.o
 .debug_macro   0x00000dd2       0x8e ./Core/Src/NRF24.o
 .debug_macro   0x00000e60       0x51 ./Core/Src/NRF24.o
 .debug_macro   0x00000eb1      0x103 ./Core/Src/NRF24.o
 .debug_macro   0x00000fb4       0x6a ./Core/Src/NRF24.o
 .debug_macro   0x0000101e      0x1df ./Core/Src/NRF24.o
 .debug_macro   0x000011fd       0x61 ./Core/Src/NRF24.o
 .debug_macro   0x0000125e       0x2a ./Core/Src/NRF24.o
 .debug_macro   0x00001288       0x43 ./Core/Src/NRF24.o
 .debug_macro   0x000012cb       0x34 ./Core/Src/NRF24.o
 .debug_macro   0x000012ff       0x16 ./Core/Src/NRF24.o
 .debug_macro   0x00001315       0x9e ./Core/Src/NRF24.o
 .debug_macro   0x000013b3      0x370 ./Core/Src/NRF24.o
 .debug_macro   0x00001723      0x112 ./Core/Src/NRF24.o
 .debug_macro   0x00001835       0x10 ./Core/Src/NRF24.o
 .debug_macro   0x00001845       0x16 ./Core/Src/NRF24.o
 .debug_macro   0x0000185b       0x4a ./Core/Src/NRF24.o
 .debug_macro   0x000018a5       0x34 ./Core/Src/NRF24.o
 .debug_macro   0x000018d9       0x10 ./Core/Src/NRF24.o
 .debug_macro   0x000018e9       0x58 ./Core/Src/NRF24.o
 .debug_macro   0x00001941       0x8e ./Core/Src/NRF24.o
 .debug_macro   0x000019cf       0x1c ./Core/Src/NRF24.o
 .debug_macro   0x000019eb      0x185 ./Core/Src/NRF24.o
 .debug_macro   0x00001b70       0x16 ./Core/Src/NRF24.o
 .debug_macro   0x00001b86       0x16 ./Core/Src/NRF24.o
 .debug_macro   0x00001b9c      0x146 ./Core/Src/NRF24.o
 .debug_macro   0x00001ce2       0x22 ./Core/Src/NRF24.o
 .debug_macro   0x00001d04      0x232 ./Core/Src/NRF24.o
 .debug_macro   0x00001f36      0x1ad ./Core/Src/NRF24.o
 .debug_macro   0x000020e3       0x2e ./Core/Src/NRF24.o
 .debug_macro   0x00002111       0x28 ./Core/Src/NRF24.o
 .debug_macro   0x00002139       0x1c ./Core/Src/NRF24.o
 .debug_macro   0x00002155       0x22 ./Core/Src/NRF24.o
 .debug_macro   0x00002177       0xfb ./Core/Src/NRF24.o
 .debug_macro   0x00002272     0x1011 ./Core/Src/NRF24.o
 .debug_macro   0x00003283      0x11f ./Core/Src/NRF24.o
 .debug_macro   0x000033a2    0x147a6 ./Core/Src/NRF24.o
 .debug_macro   0x00017b48       0x6d ./Core/Src/NRF24.o
 .debug_macro   0x00017bb5     0x38fb ./Core/Src/NRF24.o
 .debug_macro   0x0001b4b0       0x56 ./Core/Src/NRF24.o
 .debug_macro   0x0001b506     0x11ca ./Core/Src/NRF24.o
 .debug_macro   0x0001c6d0      0x53c ./Core/Src/NRF24.o
 .debug_macro   0x0001cc0c      0x1b9 ./Core/Src/NRF24.o
 .debug_macro   0x0001cdc5      0x122 ./Core/Src/NRF24.o
 .debug_macro   0x0001cee7      0x26b ./Core/Src/NRF24.o
 .debug_macro   0x0001d152      0x23d ./Core/Src/NRF24.o
 .debug_macro   0x0001d38f      0x241 ./Core/Src/NRF24.o
 .debug_macro   0x0001d5d0      0x375 ./Core/Src/NRF24.o
 .debug_macro   0x0001d945       0xd6 ./Core/Src/NRF24.o
 .debug_macro   0x0001da1b      0x122 ./Core/Src/NRF24.o
 .debug_macro   0x0001db3d      0x356 ./Core/Src/NRF24.o
 .debug_macro   0x0001de93      0x2fe ./Core/Src/NRF24.o
 .debug_macro   0x0001e191      0xa98 ./Core/Src/NRF24.o
 .debug_macro   0x0001ec29      0x12d ./Core/Src/NRF24.o
 .debug_macro   0x0001ed56      0x5cf ./Core/Src/NRF24.o
 .debug_macro   0x0001f325       0x44 ./Core/Src/NRF24.o
 .debug_macro   0x0001f369      0x220 ./Core/Src/NRF24.o
 .debug_macro   0x0001f589       0x70 ./Core/Src/NRF24.o
 .debug_macro   0x0001f5f9      0x2f4 ./Core/Src/commandReader.o
 .debug_macro   0x0001f8ed      0x190 ./Core/Src/commandReader.o
 .debug_macro   0x0001fa7d       0x5c ./Core/Src/commandReader.o
 .debug_macro   0x0001fad9       0x10 ./Core/Src/commandReader.o
 .debug_macro   0x0001fae9       0x3c ./Core/Src/commandReader.o
 .debug_macro   0x0001fb25       0x20 ./Core/Src/commandReader.o
 .debug_macro   0x0001fb45       0x1c ./Core/Src/commandReader.o
 .debug_macro   0x0001fb61       0x1c ./Core/Src/commandReader.o
 .debug_macro   0x0001fb7d      0x2f4 ./Core/Src/delay.o
 .debug_macro   0x0001fe71      0x372 ./Core/Src/main.o
 .debug_macro   0x000201e3       0x16 ./Core/Src/main.o
 .debug_macro   0x000201f9       0x16 ./Core/Src/main.o
 .debug_macro   0x0002020f       0x29 ./Core/Src/main.o
 .debug_macro   0x00020238      0x1e4 ./Core/Src/stm32l4xx_hal_msp.o
 .debug_macro   0x0002041c      0x1ee ./Core/Src/stm32l4xx_it.o
 .debug_macro   0x0002060a      0x1d5 ./Core/Src/system_stm32l4xx.o
 .debug_macro   0x000207df      0x21d ./Drivers/STM32L4xx_HAL_Driver/Src/stm32l4xx_hal.o
 .debug_macro   0x000209fc      0x1d5 ./Drivers/STM32L4xx_HAL_Driver/Src/stm32l4xx_hal_cortex.o
 .debug_macro   0x00020bd1      0x1d5 ./Drivers/STM32L4xx_HAL_Driver/Src/stm32l4xx_hal_dma.o
 .debug_macro   0x00020da6      0x1dc ./Drivers/STM32L4xx_HAL_Driver/Src/stm32l4xx_hal_gpio.o
 .debug_macro   0x00020f82      0x1ed ./Drivers/STM32L4xx_HAL_Driver/Src/stm32l4xx_hal_pwr.o
 .debug_macro   0x0002116f      0x1f9 ./Drivers/STM32L4xx_HAL_Driver/Src/stm32l4xx_hal_pwr_ex.o
 .debug_macro   0x00021368      0x217 ./Drivers/STM32L4xx_HAL_Driver/Src/stm32l4xx_hal_rcc.o
 .debug_macro   0x0002157f      0x20b ./Drivers/STM32L4xx_HAL_Driver/Src/stm32l4xx_hal_rcc_ex.o
 .debug_macro   0x0002178a      0x1dd ./Drivers/STM32L4xx_HAL_Driver/Src/stm32l4xx_hal_spi.o
 .debug_macro   0x00021967      0x1d6 ./Drivers/STM32L4xx_HAL_Driver/Src/stm32l4xx_hal_tim.o
 .debug_macro   0x00021b3d      0x1d5 ./Drivers/STM32L4xx_HAL_Driver/Src/stm32l4xx_hal_tim_ex.o
 .debug_macro   0x00021d12      0x200 ./Drivers/STM32L4xx_HAL_Driver/Src/stm32l4xx_hal_uart.o
 .debug_macro   0x00021f12      0x1d5 ./Drivers/STM32L4xx_HAL_Driver/Src/stm32l4xx_hal_uart_ex.o

.debug_line     0x00000000    0x1566c
 .debug_line    0x00000000      0xf69 ./Core/Src/NRF24.o
 .debug_line    0x00000f69      0x896 ./Core/Src/commandReader.o
 .debug_line    0x000017ff      0x85a ./Core/Src/delay.o
 .debug_line    0x00002059      0xc55 ./Core/Src/main.o
 .debug_line    0x00002cae      0x806 ./Core/Src/stm32l4xx_hal_msp.o
 .debug_line    0x000034b4      0x7b4 ./Core/Src/stm32l4xx_it.o
 .debug_line    0x00003c68      0x75b ./Core/Src/system_stm32l4xx.o
 .debug_line    0x000043c3       0x7a ./Core/Startup/startup_stm32l432kcux.o
 .debug_line    0x0000443d      0xa28 ./Drivers/STM32L4xx_HAL_Driver/Src/stm32l4xx_hal.o
 .debug_line    0x00004e65      0xc5e ./Drivers/STM32L4xx_HAL_Driver/Src/stm32l4xx_hal_cortex.o
 .debug_line    0x00005ac3      0xc9d ./Drivers/STM32L4xx_HAL_Driver/Src/stm32l4xx_hal_dma.o
 .debug_line    0x00006760      0xa9a ./Drivers/STM32L4xx_HAL_Driver/Src/stm32l4xx_hal_gpio.o
 .debug_line    0x000071fa      0x88e ./Drivers/STM32L4xx_HAL_Driver/Src/stm32l4xx_hal_pwr.o
 .debug_line    0x00007a88      0xbac ./Drivers/STM32L4xx_HAL_Driver/Src/stm32l4xx_hal_pwr_ex.o
 .debug_line    0x00008634     0x1066 ./Drivers/STM32L4xx_HAL_Driver/Src/stm32l4xx_hal_rcc.o
 .debug_line    0x0000969a     0x12e7 ./Drivers/STM32L4xx_HAL_Driver/Src/stm32l4xx_hal_rcc_ex.o
 .debug_line    0x0000a981     0x1fa3 ./Drivers/STM32L4xx_HAL_Driver/Src/stm32l4xx_hal_spi.o
 .debug_line    0x0000c924     0x3b7f ./Drivers/STM32L4xx_HAL_Driver/Src/stm32l4xx_hal_tim.o
 .debug_line    0x000104a3     0x1a05 ./Drivers/STM32L4xx_HAL_Driver/Src/stm32l4xx_hal_tim_ex.o
 .debug_line    0x00011ea8     0x2c6a ./Drivers/STM32L4xx_HAL_Driver/Src/stm32l4xx_hal_uart.o
 .debug_line    0x00014b12      0xb5a ./Drivers/STM32L4xx_HAL_Driver/Src/stm32l4xx_hal_uart_ex.o

.debug_str      0x00000000    0xcc7b9
 .debug_str     0x00000000    0xcc7b9 ./Core/Src/NRF24.o
                              0xc7655 (size before relaxing)
 .debug_str     0x000cc7b9    0xc6963 ./Core/Src/commandReader.o
 .debug_str     0x000cc7b9    0xc6e90 ./Core/Src/delay.o
 .debug_str     0x000cc7b9    0xc8691 ./Core/Src/main.o
 .debug_str     0x000cc7b9    0xc427b ./Core/Src/stm32l4xx_hal_msp.o
 .debug_str     0x000cc7b9    0xc39a8 ./Core/Src/stm32l4xx_it.o
 .debug_str     0x000cc7b9    0xc31a1 ./Core/Src/system_stm32l4xx.o
 .debug_str     0x000cc7b9       0x9f ./Core/Startup/startup_stm32l432kcux.o
 .debug_str     0x000cc7b9    0xc3b2e ./Drivers/STM32L4xx_HAL_Driver/Src/stm32l4xx_hal.o
 .debug_str     0x000cc7b9    0xc3901 ./Drivers/STM32L4xx_HAL_Driver/Src/stm32l4xx_hal_cortex.o
 .debug_str     0x000cc7b9    0xc3408 ./Drivers/STM32L4xx_HAL_Driver/Src/stm32l4xx_hal_dma.o
 .debug_str     0x000cc7b9    0xc3315 ./Drivers/STM32L4xx_HAL_Driver/Src/stm32l4xx_hal_gpio.o
 .debug_str     0x000cc7b9    0xc34eb ./Drivers/STM32L4xx_HAL_Driver/Src/stm32l4xx_hal_pwr.o
 .debug_str     0x000cc7b9    0xc3649 ./Drivers/STM32L4xx_HAL_Driver/Src/stm32l4xx_hal_pwr_ex.o
 .debug_str     0x000cc7b9    0xc37a1 ./Drivers/STM32L4xx_HAL_Driver/Src/stm32l4xx_hal_rcc.o
 .debug_str     0x000cc7b9    0xc3a01 ./Drivers/STM32L4xx_HAL_Driver/Src/stm32l4xx_hal_rcc_ex.o
 .debug_str     0x000cc7b9    0xc39b9 ./Drivers/STM32L4xx_HAL_Driver/Src/stm32l4xx_hal_spi.o
 .debug_str     0x000cc7b9    0xc44de ./Drivers/STM32L4xx_HAL_Driver/Src/stm32l4xx_hal_tim.o
 .debug_str     0x000cc7b9    0xc3df2 ./Drivers/STM32L4xx_HAL_Driver/Src/stm32l4xx_hal_tim_ex.o
 .debug_str     0x000cc7b9    0xc3ef9 ./Drivers/STM32L4xx_HAL_Driver/Src/stm32l4xx_hal_uart.o
 .debug_str     0x000cc7b9    0xc3722 ./Drivers/STM32L4xx_HAL_Driver/Src/stm32l4xx_hal_uart_ex.o

.comment        0x00000000       0x43
 .comment       0x00000000       0x43 ./Core/Src/NRF24.o
                                 0x44 (size before relaxing)
 .comment       0x00000043       0x44 ./Core/Src/commandReader.o
 .comment       0x00000043       0x44 ./Core/Src/delay.o
 .comment       0x00000043       0x44 ./Core/Src/main.o
 .comment       0x00000043       0x44 ./Core/Src/stm32l4xx_hal_msp.o
 .comment       0x00000043       0x44 ./Core/Src/stm32l4xx_it.o
 .comment       0x00000043       0x44 ./Core/Src/system_stm32l4xx.o
 .comment       0x00000043       0x44 ./Drivers/STM32L4xx_HAL_Driver/Src/stm32l4xx_hal.o
 .comment       0x00000043       0x44 ./Drivers/STM32L4xx_HAL_Driver/Src/stm32l4xx_hal_cortex.o
 .comment       0x00000043       0x44 ./Drivers/STM32L4xx_HAL_Driver/Src/stm32l4xx_hal_dma.o
 .comment       0x00000043       0x44 ./Drivers/STM32L4xx_HAL_Driver/Src/stm32l4xx_hal_gpio.o
 .comment       0x00000043       0x44 ./Drivers/STM32L4xx_HAL_Driver/Src/stm32l4xx_hal_pwr.o
 .comment       0x00000043       0x44 ./Drivers/STM32L4xx_HAL_Driver/Src/stm32l4xx_hal_pwr_ex.o
 .comment       0x00000043       0x44 ./Drivers/STM32L4xx_HAL_Driver/Src/stm32l4xx_hal_rcc.o
 .comment       0x00000043       0x44 ./Drivers/STM32L4xx_HAL_Driver/Src/stm32l4xx_hal_rcc_ex.o
 .comment       0x00000043       0x44 ./Drivers/STM32L4xx_HAL_Driver/Src/stm32l4xx_hal_spi.o
 .comment       0x00000043       0x44 ./Drivers/STM32L4xx_HAL_Driver/Src/stm32l4xx_hal_tim.o
 .comment       0x00000043       0x44 ./Drivers/STM32L4xx_HAL_Driver/Src/stm32l4xx_hal_tim_ex.o
 .comment       0x00000043       0x44 ./Drivers/STM32L4xx_HAL_Driver/Src/stm32l4xx_hal_uart.o
 .comment       0x00000043       0x44 ./Drivers/STM32L4xx_HAL_Driver/Src/stm32l4xx_hal_uart_ex.o

.debug_frame    0x00000000     0x54c8
 .debug_frame   0x00000000      0x6bc ./Core/Src/NRF24.o
 .debug_frame   0x000006bc       0x60 ./Core/Src/commandReader.o
 .debug_frame   0x0000071c       0x5c ./Core/Src/delay.o
 .debug_frame   0x00000778      0x1f0 ./Core/Src/main.o
 .debug_frame   0x00000968      0x114 ./Core/Src/stm32l4xx_hal_msp.o
 .debug_frame   0x00000a7c      0x158 ./Core/Src/stm32l4xx_it.o
 .debug_frame   0x00000bd4       0x58 ./Core/Src/system_stm32l4xx.o
 .debug_frame   0x00000c2c      0x3dc ./Drivers/STM32L4xx_HAL_Driver/Src/stm32l4xx_hal.o
 .debug_frame   0x00001008      0x4e8 ./Drivers/STM32L4xx_HAL_Driver/Src/stm32l4xx_hal_cortex.o
 .debug_frame   0x000014f0      0x204 ./Drivers/STM32L4xx_HAL_Driver/Src/stm32l4xx_hal_dma.o
 .debug_frame   0x000016f4      0x14c ./Drivers/STM32L4xx_HAL_Driver/Src/stm32l4xx_hal_gpio.o
 .debug_frame   0x00001840      0x230 ./Drivers/STM32L4xx_HAL_Driver/Src/stm32l4xx_hal_pwr.o
 .debug_frame   0x00001a70      0x4a4 ./Drivers/STM32L4xx_HAL_Driver/Src/stm32l4xx_hal_pwr_ex.o
 .debug_frame   0x00001f14      0x21c ./Drivers/STM32L4xx_HAL_Driver/Src/stm32l4xx_hal_rcc.o
 .debug_frame   0x00002130      0x3d0 ./Drivers/STM32L4xx_HAL_Driver/Src/stm32l4xx_hal_rcc_ex.o
 .debug_frame   0x00002500      0x860 ./Drivers/STM32L4xx_HAL_Driver/Src/stm32l4xx_hal_spi.o
 .debug_frame   0x00002d60     0x121c ./Drivers/STM32L4xx_HAL_Driver/Src/stm32l4xx_hal_tim.o
 .debug_frame   0x00003f7c      0x6b0 ./Drivers/STM32L4xx_HAL_Driver/Src/stm32l4xx_hal_tim_ex.o
 .debug_frame   0x0000462c      0x9f4 ./Drivers/STM32L4xx_HAL_Driver/Src/stm32l4xx_hal_uart.o
 .debug_frame   0x00005020      0x204 ./Drivers/STM32L4xx_HAL_Driver/Src/stm32l4xx_hal_uart_ex.o
 .debug_frame   0x00005224       0x30 /opt/st/stm32cubeide_1.19.0/plugins/com.st.stm32cube.ide.mcu.externaltools.gnu-tools-for-stm32.13.3.rel1.linux64_1.0.0.202410170706/tools/bin/../lib/gcc/arm-none-eabi/13.3.1/../../../../arm-none-eabi/lib/thumb/v7e-m+fp/hard/libc_nano.a(libc_a-atoi.o)
 .debug_frame   0x00005254       0x64 /opt/st/stm32cubeide_1.19.0/plugins/com.st.stm32cube.ide.mcu.externaltools.gnu-tools-for-stm32.13.3.rel1.linux64_1.0.0.202410170706/tools/bin/../lib/gcc/arm-none-eabi/13.3.1/../../../../arm-none-eabi/lib/thumb/v7e-m+fp/hard/libc_nano.a(libc_a-strtol.o)
 .debug_frame   0x000052b8      0x144 /opt/st/stm32cubeide_1.19.0/plugins/com.st.stm32cube.ide.mcu.externaltools.gnu-tools-for-stm32.13.3.rel1.linux64_1.0.0.202410170706/tools/bin/../lib/gcc/arm-none-eabi/13.3.1/../../../../arm-none-eabi/lib/thumb/v7e-m+fp/hard/libc_nano.a(libc_a-findfp.o)
 .debug_frame   0x000053fc       0x20 /opt/st/stm32cubeide_1.19.0/plugins/com.st.stm32cube.ide.mcu.externaltools.gnu-tools-for-stm32.13.3.rel1.linux64_1.0.0.202410170706/tools/bin/../lib/gcc/arm-none-eabi/13.3.1/../../../../arm-none-eabi/lib/thumb/v7e-m+fp/hard/libc_nano.a(libc_a-memset.o)
 .debug_frame   0x0000541c       0x20 /opt/st/stm32cubeide_1.19.0/plugins/com.st.stm32cube.ide.mcu.externaltools.gnu-tools-for-stm32.13.3.rel1.linux64_1.0.0.202410170706/tools/bin/../lib/gcc/arm-none-eabi/13.3.1/../../../../arm-none-eabi/lib/thumb/v7e-m+fp/hard/libc_nano.a(libc_a-errno.o)
 .debug_frame   0x0000543c       0x2c /opt/st/stm32cubeide_1.19.0/plugins/com.st.stm32cube.ide.mcu.externaltools.gnu-tools-for-stm32.13.3.rel1.linux64_1.0.0.202410170706/tools/bin/../lib/gcc/arm-none-eabi/13.3.1/../../../../arm-none-eabi/lib/thumb/v7e-m+fp/hard/libc_nano.a(libc_a-init.o)
 .debug_frame   0x00005468       0x2c /opt/st/stm32cubeide_1.19.0/plugins/com.st.stm32cube.ide.mcu.externaltools.gnu-tools-for-stm32.13.3.rel1.linux64_1.0.0.202410170706/tools/bin/../lib/gcc/arm-none-eabi/13.3.1/thumb/v7e-m+fp/hard/libgcc.a(_aeabi_uldivmod.o)
 .debug_frame   0x00005494       0x34 /opt/st/stm32cubeide_1.19.0/plugins/com.st.stm32cube.ide.mcu.externaltools.gnu-tools-for-stm32.13.3.rel1.linux64_1.0.0.202410170706/tools/bin/../lib/gcc/arm-none-eabi/13.3.1/thumb/v7e-m+fp/hard/libgcc.a(_udivmoddi4.o)

.debug_line_str
                0x00000000       0x83
 .debug_line_str
                0x00000000       0x83 ./Core/Startup/startup_stm32l432kcux.o
