Archive member included to satisfy reference by file (symbol)

/opt/st/stm32cubeide_1.19.0/plugins/com.st.stm32cube.ide.mcu.externaltools.gnu-tools-for-stm32.13.3.rel1.linux64_1.0.0.202410170706/tools/bin/../lib/gcc/arm-none-eabi/13.3.1/../../../../arm-none-eabi/lib/thumb/v7e-m+dp/hard/libc_nano.a(libc_a-atoi.o)
                              ./Core/Src/main.o (atoi)
/opt/st/stm32cubeide_1.19.0/plugins/com.st.stm32cube.ide.mcu.externaltools.gnu-tools-for-stm32.13.3.rel1.linux64_1.0.0.202410170706/tools/bin/../lib/gcc/arm-none-eabi/13.3.1/../../../../arm-none-eabi/lib/thumb/v7e-m+dp/hard/libc_nano.a(libc_a-exit.o)
                              /opt/st/stm32cubeide_1.19.0/plugins/com.st.stm32cube.ide.mcu.externaltools.gnu-tools-for-stm32.13.3.rel1.linux64_1.0.0.202410170706/tools/bin/../lib/gcc/arm-none-eabi/13.3.1/../../../../arm-none-eabi/lib/thumb/v7e-m+dp/hard/crt0.o (exit)
/opt/st/stm32cubeide_1.19.0/plugins/com.st.stm32cube.ide.mcu.externaltools.gnu-tools-for-stm32.13.3.rel1.linux64_1.0.0.202410170706/tools/bin/../lib/gcc/arm-none-eabi/13.3.1/../../../../arm-none-eabi/lib/thumb/v7e-m+dp/hard/libc_nano.a(libc_a-strtol.o)
                              /opt/st/stm32cubeide_1.19.0/plugins/com.st.stm32cube.ide.mcu.externaltools.gnu-tools-for-stm32.13.3.rel1.linux64_1.0.0.202410170706/tools/bin/../lib/gcc/arm-none-eabi/13.3.1/../../../../arm-none-eabi/lib/thumb/v7e-m+dp/hard/libc_nano.a(libc_a-atoi.o) (_strtol_r)
/opt/st/stm32cubeide_1.19.0/plugins/com.st.stm32cube.ide.mcu.externaltools.gnu-tools-for-stm32.13.3.rel1.linux64_1.0.0.202410170706/tools/bin/../lib/gcc/arm-none-eabi/13.3.1/../../../../arm-none-eabi/lib/thumb/v7e-m+dp/hard/libc_nano.a(libc_a-ctype_.o)
                              /opt/st/stm32cubeide_1.19.0/plugins/com.st.stm32cube.ide.mcu.externaltools.gnu-tools-for-stm32.13.3.rel1.linux64_1.0.0.202410170706/tools/bin/../lib/gcc/arm-none-eabi/13.3.1/../../../../arm-none-eabi/lib/thumb/v7e-m+dp/hard/libc_nano.a(libc_a-strtol.o) (_ctype_)
/opt/st/stm32cubeide_1.19.0/plugins/com.st.stm32cube.ide.mcu.externaltools.gnu-tools-for-stm32.13.3.rel1.linux64_1.0.0.202410170706/tools/bin/../lib/gcc/arm-none-eabi/13.3.1/../../../../arm-none-eabi/lib/thumb/v7e-m+dp/hard/libc_nano.a(libc_a-findfp.o)
                              /opt/st/stm32cubeide_1.19.0/plugins/com.st.stm32cube.ide.mcu.externaltools.gnu-tools-for-stm32.13.3.rel1.linux64_1.0.0.202410170706/tools/bin/../lib/gcc/arm-none-eabi/13.3.1/../../../../arm-none-eabi/lib/thumb/v7e-m+dp/hard/libc_nano.a(libc_a-exit.o) (__stdio_exit_handler)
/opt/st/stm32cubeide_1.19.0/plugins/com.st.stm32cube.ide.mcu.externaltools.gnu-tools-for-stm32.13.3.rel1.linux64_1.0.0.202410170706/tools/bin/../lib/gcc/arm-none-eabi/13.3.1/../../../../arm-none-eabi/lib/thumb/v7e-m+dp/hard/libc_nano.a(libc_a-fwalk.o)
                              /opt/st/stm32cubeide_1.19.0/plugins/com.st.stm32cube.ide.mcu.externaltools.gnu-tools-for-stm32.13.3.rel1.linux64_1.0.0.202410170706/tools/bin/../lib/gcc/arm-none-eabi/13.3.1/../../../../arm-none-eabi/lib/thumb/v7e-m+dp/hard/libc_nano.a(libc_a-findfp.o) (_fwalk_sglue)
/opt/st/stm32cubeide_1.19.0/plugins/com.st.stm32cube.ide.mcu.externaltools.gnu-tools-for-stm32.13.3.rel1.linux64_1.0.0.202410170706/tools/bin/../lib/gcc/arm-none-eabi/13.3.1/../../../../arm-none-eabi/lib/thumb/v7e-m+dp/hard/libc_nano.a(libc_a-snprintf.o)
                              ./Core/Src/GarminLidarLiteV3.o (snprintf)
/opt/st/stm32cubeide_1.19.0/plugins/com.st.stm32cube.ide.mcu.externaltools.gnu-tools-for-stm32.13.3.rel1.linux64_1.0.0.202410170706/tools/bin/../lib/gcc/arm-none-eabi/13.3.1/../../../../arm-none-eabi/lib/thumb/v7e-m+dp/hard/libc_nano.a(libc_a-stdio.o)
                              /opt/st/stm32cubeide_1.19.0/plugins/com.st.stm32cube.ide.mcu.externaltools.gnu-tools-for-stm32.13.3.rel1.linux64_1.0.0.202410170706/tools/bin/../lib/gcc/arm-none-eabi/13.3.1/../../../../arm-none-eabi/lib/thumb/v7e-m+dp/hard/libc_nano.a(libc_a-findfp.o) (__sread)
/opt/st/stm32cubeide_1.19.0/plugins/com.st.stm32cube.ide.mcu.externaltools.gnu-tools-for-stm32.13.3.rel1.linux64_1.0.0.202410170706/tools/bin/../lib/gcc/arm-none-eabi/13.3.1/../../../../arm-none-eabi/lib/thumb/v7e-m+dp/hard/libc_nano.a(libc_a-memset.o)
                              /opt/st/stm32cubeide_1.19.0/plugins/com.st.stm32cube.ide.mcu.externaltools.gnu-tools-for-stm32.13.3.rel1.linux64_1.0.0.202410170706/tools/bin/../lib/gcc/arm-none-eabi/13.3.1/../../../../arm-none-eabi/lib/thumb/v7e-m+dp/hard/crt0.o (memset)
/opt/st/stm32cubeide_1.19.0/plugins/com.st.stm32cube.ide.mcu.externaltools.gnu-tools-for-stm32.13.3.rel1.linux64_1.0.0.202410170706/tools/bin/../lib/gcc/arm-none-eabi/13.3.1/../../../../arm-none-eabi/lib/thumb/v7e-m+dp/hard/libc_nano.a(libc_a-strncpy.o)
                              ./Core/Src/main.o (strncpy)
[...]
Memory Configuration

Name             Origin             Length             Attributes
ITCMRAM          0x00000000         0x00010000         xrw
DTCMRAM          0x20000000         0x00020000         xrw
FLASH            0x08000000         0x00100000         xr
RAM_D1           0x24000000         0x00050000         xrw
RAM_D2           0x30000000         0x00008000         xrw
RAM_D3           0x38000000         0x00004000         xrw
*default*        0x00000000         0xffffffff

Linker script and memory map

LOAD /opt/st/stm32cubeide_1.19.0/plugins/com.st.stm32cube.ide.mcu.externaltools.gnu-tools-for-stm32.13.3.rel1.linux64_1.0.0.202410170706/tools/bin/../lib/gcc/arm-none-eabi/13.3.1/thumb/v7e-m+dp/hard/crti.o
LOAD /opt/st/stm32cubeide_1.19.0/plugins/com.st.stm32cube.ide.mcu.externaltools.gnu-tools-for-stm32.13.3.rel1.linux64_1.0.0.202410170706/tools/bin/../lib/gcc/arm-none-eabi/13.3.1/thumb/v7e-m+dp/hard/crtbegin.o
LOAD /opt/st/stm32cubeide_1.19.0/plugins/com.st.stm32cube.ide.mcu.externaltools.gnu-tools-for-stm32.13.3.rel1.linux64_1.0.0.202410170706/tools/bin/../lib/gcc/arm-none-eabi/13.3.1/../../../../arm-none-eabi/lib/thumb/v7e-m+dp/hard/crt0.o
LOAD ./Core/Src/GarminLidarLiteV3.o
LOAD ./Core/Src/GarminLidarV3_Config.o
LOAD ./Core/Src/LIS3DH.o
LOAD ./Core/Src/LIS3DH_Config.o
LOAD ./Core/Src/NRF24.o
LOAD ./Core/Src/commandReader.o
LOAD ./Core/Src/delay.o
LOAD ./Core/Src/ledAdapter.o
LOAD ./Core/Src/main.o
LOAD ./Core/Src/stm32h7xx_hal_msp.o
LOAD ./Core/Src/stm32h7xx_it.o
LOAD ./Core/Src/syscalls.o
LOAD ./Core/Src/sysmem.o
LOAD ./Core/Src/system_stm32h7xx.o
LOAD ./Core/Startup/startup_stm32h723zgtx.o
LOAD ./Drivers/STM32H7xx_HAL_Driver/Src/stm32h7xx_hal.o
LOAD ./Drivers/STM32H7xx_HAL_Driver/Src/stm32h7xx_hal_cortex.o
LOAD ./Drivers/STM32H7xx_HAL_Driver/Src/stm32h7xx_hal_dma.o
LOAD ./Drivers/STM32H7xx_HAL_Driver/Src/stm32h7xx_hal_dma_ex.o
LOAD ./Drivers/STM32H7xx_HAL_Driver/Src/stm32h7xx_hal_exti.o
LOAD ./Drivers/STM32H7xx_HAL_Driver/Src/stm32h7xx_hal_flash.o
LOAD ./Drivers/STM32H7xx_HAL_Driver/Src/stm32h7xx_hal_flash_ex.o
LOAD ./Drivers/STM32H7xx_HAL_Driver/Src/stm32h7xx_hal_gpio.o
LOAD ./Drivers/STM32H7xx_HAL_Driver/Src/stm32h7xx_hal_hsem.o
LOAD ./Drivers/STM32H7xx_HAL_Driver/Src/stm32h7xx_hal_i2c.o
LOAD ./Drivers/STM32H7xx_HAL_Driver/Src/stm32h7xx_hal_i2c_ex.o
LOAD ./Drivers/STM32H7xx_HAL_Driver/Src/stm32h7xx_hal_mdma.o
LOAD ./Drivers/STM32H7xx_HAL_Driver/Src/stm32h7xx_hal_pwr.o
LOAD ./Drivers/STM32H7xx_HAL_Driver/Src/stm32h7xx_hal_pwr_ex.o
LOAD ./Drivers/STM32H7xx_HAL_Driver/Src/stm32h7xx_hal_rcc.o
LOAD ./Drivers/STM32H7xx_HAL_Driver/Src/stm32h7xx_hal_rcc_ex.o
LOAD ./Drivers/STM32H7xx_HAL_Driver/Src/stm32h7xx_hal_spi.o
LOAD ./Drivers/STM32H7xx_HAL_Driver/Src/stm32h7xx_hal_spi_ex.o
LOAD ./Drivers/STM32H7xx_HAL_Driver/Src/stm32h7xx_hal_tim.o
LOAD ./Drivers/STM32H7xx_HAL_Driver/Src/stm32h7xx_hal_tim_ex.o
LOAD ./Drivers/STM32H7xx_HAL_Driver/Src/stm32h7xx_hal_uart.o
LOAD ./Drivers/STM32H7xx_HAL_Driver/Src/stm32h7xx_hal_uart_ex.o
START GROUP
LOAD /opt/st/stm32cubeide_1.19.0/plugins/com.st.stm32cube.ide.mcu.externaltools.gnu-tools-for-stm32.13.3.rel1.linux64_1.0.0.202410170706/tools/bin/../lib/gcc/arm-none-eabi/13.3.1/../../../../arm-none-eabi/lib/thumb/v7e-m+dp/hard/libc_nano.a
LOAD /opt/st/stm32cubeide_1.19.0/plugins/com.st.stm32cube.ide.mcu.externaltools.gnu-tools-for-stm32.13.3.rel1.linux64_1.0.0.202410170706/tools/bin/../lib/gcc/arm-none-eabi/13.3.1/../../../../arm-none-eabi/lib/thumb/v7e-m+dp/hard/libm.a
END GROUP
START GROUP
LOAD /opt/st/stm32cubeide_1.19.0/plugins/com.st.stm32cube.ide.mcu.externaltools.gnu-tools-for-stm32.13.3.rel1.linux64_1.0.0.202410170706/tools/bin/../lib/gcc/arm-none-eabi/13.3.1/thumb/v7e-m+dp/hard/libgcc.a
LOAD /opt/st/stm32cubeide_1.19.0/plugins/com.st.stm32cube.ide.mcu.externaltools.gnu-tools-for-stm32.13.3.rel1.linux64_1.0.0.202410170706/tools/bin/../lib/gcc/arm-none-eabi/13.3.1/../../../../arm-none-eabi/lib/thumb/v7e-m+dp/hard/libc_nano.a
END GROUP
START GROUP
LOAD /opt/st/stm32cubeide_1.19.0/plugins/com.st.stm32cube.ide.mcu.externaltools.gnu-tools-for-stm32.13.3.rel1.linux64_1.0.0.202410170706/tools/bin/../lib/gcc/arm-none-eabi/13.3.1/thumb/v7e-m+dp/hard/libgcc.a
LOAD /opt/st/stm32cubeide_1.19.0/plugins/com.st.stm32cube.ide.mcu.externaltools.gnu-tools-for-stm32.13.3.rel1.linux64_1.0.0.202410170706/tools/bin/../lib/gcc/arm-none-eabi/13.3.1/../../../../arm-none-eabi/lib/thumb/v7e-m+dp/hard/libc_nano.a
LOAD /opt/st/stm32cubeide_1.19.0/plugins/com.st.stm32cube.ide.mcu.externaltools.gnu-tools-for-stm32.13.3.rel1.linux64_1.0.0.202410170706/tools/bin/../lib/gcc/arm-none-eabi/13.3.1/../../../../arm-none-eabi/lib/thumb/v7e-m+dp/hard/libnosys.a
END GROUP
START GROUP
LOAD /opt/st/stm32cubeide_1.19.0/plugins/com.st.stm32cube.ide.mcu.externaltools.gnu-tools-for-stm32.13.3.rel1.linux64_1.0.0.202410170706/tools/bin/../lib/gcc/arm-none-eabi/13.3.1/thumb/v7e-m+dp/hard/libgcc.a
LOAD /opt/st/stm32cubeide_1.19.0/plugins/com.st.stm32cube.ide.mcu.externaltools.gnu-tools-for-stm32.13.3.rel1.linux64_1.0.0.202410170706/tools/bin/../lib/gcc/arm-none-eabi/13.3.1/../../../../arm-none-eabi/lib/thumb/v7e-m+dp/hard/libc_nano.a
LOAD /opt/st/stm32cubeide_1.19.0/plugins/com.st.stm32cube.ide.mcu.externaltools.gnu-tools-for-stm32.13.3.rel1.linux64_1.0.0.202410170706/tools/bin/../lib/gcc/arm-none-eabi/13.3.1/../../../../arm-none-eabi/lib/thumb/v7e-m+dp/hard/libnosys.a
END GROUP
LOAD /opt/st/stm32cubeide_1.19.0/plugins/com.st.stm32cube.ide.mcu.externaltools.gnu-tools-for-stm32.13.3.rel1.linux64_1.0.0.202410170706/tools/bin/../lib/gcc/arm-none-eabi/13.3.1/thumb/v7e-m+dp/hard/crtend.o
LOAD /opt/st/stm32cubeide_1.19.0/plugins/com.st.stm32cube.ide.mcu.externaltools.gnu-tools-for-stm32.13.3.rel1.linux64_1.0.0.202410170706/tools/bin/../lib/gcc/arm-none-eabi/13.3.1/thumb/v7e-m+dp/hard/crtn.o
                0x24050000                        _estack = (ORIGIN (RAM_D1) + LENGTH (RAM_D1))
                0x00000200                        _Min_Heap_Size = 0x200
                0x00000400                        _Min_Stack_Size = 0x400

.isr_vector     0x08000000      0x2cc
                0x08000000                        . = ALIGN (0x4)
 *(.isr_vector)
 .isr_vector    0x08000000      0x2cc ./Core/Startup/startup_stm32h723zgtx.o
                0x08000000                g_pfnVectors
                0x080002cc                        . = ALIGN (0x4)

.text           0x080002d0    0x107a8
                0x080002d0                        . = ALIGN (0x4)
 *(.text)
 .text          0x080002d0       0x40 /opt/st/stm32cubeide_1.19.0/plugins/com.st.stm32cube.ide.mcu.externaltools.gnu-tools-for-stm32.13.3.rel1.linux64_1.0.0.202410170706/tools/bin/../lib/gcc/arm-none-eabi/13.3.1/thumb/v7e-m+dp/hard/crtbegin.o
 .text          0x08000310       0x14 /opt/st/stm32cubeide_1.19.0/plugins/com.st.stm32cube.ide.mcu.externaltools.gnu-tools-for-stm32.13.3.rel1.linux64_1.0.0.202410170706/tools/bin/../lib/gcc/arm-none-eabi/13.3.1/../../../../arm-none-eabi/lib/thumb/v7e-m+dp/hard/libc_nano.a(libc_a-strcmp.o)
                0x08000310                strcmp
 .text          0x08000324       0x10 /opt/st/stm32cubeide_1.19.0/plugins/com.st.stm32cube.ide.mcu.externaltools.gnu-tools-for-stm32.13.3.rel1.linux64_1.0.0.202410170706/tools/bin/../lib/gcc/arm-none-eabi/13.3.1/../../../../arm-none-eabi/lib/thumb/v7e-m+dp/hard/libc_nano.a(libc_a-strlen.o)
                0x08000324                strlen
 *fill*         0x08000334        0xc 
 .text          0x08000340       0xa0 /opt/st/stm32cubeide_1.19.0/plugins/com.st.stm32cube.ide.mcu.externaltools.gnu-tools-for-stm32.13.3.rel1.linux64_1.0.0.202410170706/tools/bin/../lib/gcc/arm-none-eabi/13.3.1/../../../../arm-none-eabi/lib/thumb/v7e-m+dp/hard/libc_nano.a(libc_a-memchr.o)
                0x08000340                memchr
 .text          0x080003e0       0x30 /opt/st/stm32cubeide_1.19.0/plugins/com.st.stm32cube.ide.mcu.externaltools.gnu-tools-for-stm32.13.3.rel1.linux64_1.0.0.202410170706/tools/bin/../lib/gcc/arm-none-eabi/13.3.1/thumb/v7e-m+dp/hard/libgcc.a(_aeabi_uldivmod.o)
                0x080003e0                __aeabi_uldivmod
 .text          0x08000410      0x2f8 /opt/st/stm32cubeide_1.19.0/plugins/com.st.stm32cube.ide.mcu.externaltools.gnu-tools-for-stm32.13.3.rel1.linux64_1.0.0.202410170706/tools/bin/../lib/gcc/arm-none-eabi/13.3.1/thumb/v7e-m+dp/hard/libgcc.a(_udivmoddi4.o)
                0x08000410                __udivmoddi4
 .text          0x08000708        0x4 /opt/st/stm32cubeide_1.19.0/plugins/com.st.stm32cube.ide.mcu.externaltools.gnu-tools-for-stm32.13.3.rel1.linux64_1.0.0.202410170706/tools/bin/../lib/gcc/arm-none-eabi/13.3.1/thumb/v7e-m+dp/hard/libgcc.a(_dvmd_tls.o)
                0x08000708                __aeabi_ldiv0
                0x08000708                __aeabi_idiv0
 *(.text*)
 .text.GarLiteV3_i2c_write
                0x0800070c       0x54 ./Core/Src/GarminLidarLiteV3.o
                0x0800070c                GarLiteV3_i2c_write
 .text.GarLiteV3_i2c_read
                0x08000760       0x54 ./Core/Src/GarminLidarLiteV3.o
                0x08000760                GarLiteV3_i2c_read
 .text.GarLiteV3_Init
                0x080007b4       0x38 ./Core/Src/GarminLidarLiteV3.o
                0x080007b4                GarLiteV3_Init
 .text.simple_measurement
                0x080007ec       0xe4 ./Core/Src/GarminLidarLiteV3.o
                0x080007ec                simple_measurement
 .text.config_ACQ_COMMAND_reg
                0x080008d0       0x2e ./Core/Src/GarminLidarV3_Config.o
                0x080008d0                config_ACQ_COMMAND_reg
 *fill*         0x080008fe        0x2 
 .text.print_config_ACQ_COMMAND_reg
                0x08000900      0x118 ./Core/Src/GarminLidarV3_Config.o
                0x08000900                print_config_ACQ_COMMAND_reg
 .text.read_STATUS_reg
                0x08000a18       0x34 ./Core/Src/GarminLidarV3_Config.o
                0x08000a18                read_STATUS_reg
 .text.print_STATUS_reg
                0x08000a4c      0x2b4 ./Core/Src/GarminLidarV3_Config.o
                0x08000a4c                print_STATUS_reg
 .text.read_FULL_DELAY_HIGH_reg
                0x08000d00       0xf0 ./Core/Src/GarminLidarV3_Config.o
                0x08000d00                read_FULL_DELAY_HIGH_reg
 .text.read_FULL_DELAY_LOW_reg
                0x08000df0       0xf0 ./Core/Src/GarminLidarV3_Config.o
                0x08000df0                read_FULL_DELAY_LOW_reg
 .text.config_THRESHOLD_BYPASS_reg
                0x08000ee0      0x104 ./Core/Src/GarminLidarV3_Config.o
                0x08000ee0                config_THRESHOLD_BYPASS_reg
 .text.lis3dh_i2c_write
                0x08000fe4       0x80 ./Core/Src/LIS3DH.o
                0x08000fe4                lis3dh_i2c_write
 .text.lis3dh_i2c_read
                0x08001064       0x84 ./Core/Src/LIS3DH.o
                0x08001064                lis3dh_i2c_read
 .text.lis3dh_init
                0x080010e8       0xbe ./Core/Src/LIS3DH.o
                0x080010e8                lis3dh_init
 *fill*         0x080011a6        0x2 
 .text.lis3dh_raw_to_mg_int
                0x080011a8      0x120 ./Core/Src/LIS3DH.o
 .text.measure_XYZ_Acceleration
                0x080012c8       0xa6 ./Core/Src/LIS3DH.o
                0x080012c8                measure_XYZ_Acceleration
 .text.config_temp_cfg_reg
                0x0800136e       0x38 ./Core/Src/LIS3DH_Config.o
                0x0800136e                config_temp_cfg_reg
 *fill*         0x080013a6        0x2 
 .text.print_config_temp_cfg_reg
                0x080013a8       0xe8 ./Core/Src/LIS3DH_Config.o
                0x080013a8                print_config_temp_cfg_reg
 .text.config_ctrl_reg1
                0x08001490       0x58 ./Core/Src/LIS3DH_Config.o
                0x08001490                config_ctrl_reg1
 .text.read_ctrl_reg1
                0x080014e8       0x20 ./Core/Src/LIS3DH_Config.o
                0x080014e8                read_ctrl_reg1
 .text.print_config_ctrl_reg1
                0x08001508      0x384 ./Core/Src/LIS3DH_Config.o
                0x08001508                print_config_ctrl_reg1
 .text.config_ctrl_reg2
                0x0800188c       0x70 ./Core/Src/LIS3DH_Config.o
                0x0800188c                config_ctrl_reg2
 .text.print_config_ctrl_reg2
                0x080018fc      0x254 ./Core/Src/LIS3DH_Config.o
                0x080018fc                print_config_ctrl_reg2
 .text.config_ctrl_reg3
                0x08001b50       0x78 ./Core/Src/LIS3DH_Config.o
                0x08001b50                config_ctrl_reg3
 .text.print_config_ctrl_reg3
                0x08001bc8      0x270 ./Core/Src/LIS3DH_Config.o
                0x08001bc8                print_config_ctrl_reg3
 .text.config_ctrl_reg4
                0x08001e38       0x70 ./Core/Src/LIS3DH_Config.o
                0x08001e38                config_ctrl_reg4
 .text.read_ctrl_reg4
                0x08001ea8       0x20 ./Core/Src/LIS3DH_Config.o
                0x08001ea8                read_ctrl_reg4
 .text.print_config_ctrl_reg4
                0x08001ec8      0x2f0 ./Core/Src/LIS3DH_Config.o
                0x08001ec8                print_config_ctrl_reg4
 .text.config_ctrl_reg5
                0x080021b8       0x60 ./Core/Src/LIS3DH_Config.o
                0x080021b8                config_ctrl_reg5
 .text.print_config_ctrl_reg5
                0x08002218      0x1b8 ./Core/Src/LIS3DH_Config.o
                0x08002218                print_config_ctrl_reg5
 .text.config_ctrl_reg6
                0x080023d0       0x70 ./Core/Src/LIS3DH_Config.o
                0x080023d0                config_ctrl_reg6
 .text.print_config_ctrl_reg6
                0x08002440      0x200 ./Core/Src/LIS3DH_Config.o
                0x08002440                print_config_ctrl_reg6
 .text.csn_high
                0x08002640       0x18 ./Core/Src/NRF24.o
                0x08002640                csn_high
 .text.csn_low  0x08002658       0x18 ./Core/Src/NRF24.o
                0x08002658                csn_low
 .text.ce_high  0x08002670       0x18 ./Core/Src/NRF24.o
                0x08002670                ce_high
 .text.ce_low   0x08002688       0x18 ./Core/Src/NRF24.o
                0x08002688                ce_low
 .text.nrf24_w_reg
                0x080026a0       0x50 ./Core/Src/NRF24.o
                0x080026a0                nrf24_w_reg
 .text.nrf24_r_reg
                0x080026f0       0x50 ./Core/Src/NRF24.o
                0x080026f0                nrf24_r_reg
 .text.nrf24_w_spec_cmd
                0x08002740       0x24 ./Core/Src/NRF24.o
                0x08002740                nrf24_w_spec_cmd
 .text.nrf24_pwr_up
                0x08002764       0x34 ./Core/Src/NRF24.o
                0x08002764                nrf24_pwr_up
 .text.nrf24_tx_pwr
                0x08002798       0x4e ./Core/Src/NRF24.o
                0x08002798                nrf24_tx_pwr
 .text.nrf24_data_rate
                0x080027e6       0x5c ./Core/Src/NRF24.o
                0x080027e6                nrf24_data_rate
 .text.nrf24_set_channel
                0x08002842       0x1e ./Core/Src/NRF24.o
                0x08002842                nrf24_set_channel
 .text.nrf24_open_tx_pipe
                0x08002860       0x1a ./Core/Src/NRF24.o
                0x08002860                nrf24_open_tx_pipe
 *fill*         0x0800287a        0x2 
 .text.nrf24_pipe_pld_size
                0x0800287c       0x9c ./Core/Src/NRF24.o
                0x0800287c                nrf24_pipe_pld_size
 .text.nrf24_open_rx_pipe
                0x08002918       0xdc ./Core/Src/NRF24.o
                0x08002918                nrf24_open_rx_pipe
 .text.nrf24_set_crc
                0x080029f4       0x5c ./Core/Src/NRF24.o
                0x080029f4                nrf24_set_crc
 .text.nrf24_set_addr_width
                0x08002a50       0x26 ./Core/Src/NRF24.o
                0x08002a50                nrf24_set_addr_width
 .text.nrf24_flush_tx
                0x08002a76       0x16 ./Core/Src/NRF24.o
                0x08002a76                nrf24_flush_tx
 .text.nrf24_flush_rx
                0x08002a8c       0x16 ./Core/Src/NRF24.o
                0x08002a8c                nrf24_flush_rx
 *fill*         0x08002aa2        0x2 
 .text.nrf24_r_status
                0x08002aa4       0x38 ./Core/Src/NRF24.o
                0x08002aa4                nrf24_r_status
 .text.nrf24_clear_rx_dr
                0x08002adc       0x30 ./Core/Src/NRF24.o
                0x08002adc                nrf24_clear_rx_dr
 .text.nrf24_clear_tx_ds
                0x08002b0c       0x30 ./Core/Src/NRF24.o
                0x08002b0c                nrf24_clear_tx_ds
 .text.nrf24_clear_max_rt
                0x08002b3c       0x30 ./Core/Src/NRF24.o
                0x08002b3c                nrf24_clear_max_rt
 .text.nrf24_listen
                0x08002b6c       0x38 ./Core/Src/NRF24.o
                0x08002b6c                nrf24_listen
 .text.nrf24_stop_listen
                0x08002ba4       0x34 ./Core/Src/NRF24.o
                0x08002ba4                nrf24_stop_listen
 .text.nrf24_dpl
                0x08002bd8       0x48 ./Core/Src/NRF24.o
                0x08002bd8                nrf24_dpl
 .text.nrf24_set_rx_dpl
                0x08002c20       0x74 ./Core/Src/NRF24.o
                0x08002c20                nrf24_set_rx_dpl
 .text.nrf24_auto_ack_all
                0x08002c94       0x3c ./Core/Src/NRF24.o
                0x08002c94                nrf24_auto_ack_all
 .text.nrf24_en_ack_pld
                0x08002cd0       0x48 ./Core/Src/NRF24.o
                0x08002cd0                nrf24_en_ack_pld
 .text.nrf24_auto_retr_delay
                0x08002d18       0x4a ./Core/Src/NRF24.o
                0x08002d18                nrf24_auto_retr_delay
 .text.nrf24_auto_retr_limit
                0x08002d62       0x40 ./Core/Src/NRF24.o
                0x08002d62                nrf24_auto_retr_limit
 *fill*         0x08002da2        0x2 
 .text.nrf24_transmit
                0x08002da4       0x80 ./Core/Src/NRF24.o
                0x08002da4                nrf24_transmit
 .text.nrf24_data_available
                0x08002e24       0x2a ./Core/Src/NRF24.o
                0x08002e24                nrf24_data_available
 *fill*         0x08002e4e        0x2 
 .text.nrf24_receive
                0x08002e50       0x48 ./Core/Src/NRF24.o
                0x08002e50                nrf24_receive
 .text.nrf24_init
                0x08002e98       0x20 ./Core/Src/NRF24.o
                0x08002e98                nrf24_init
 .text.parse_uart_command
                0x08002eb8       0x46 ./Core/Src/commandReader.o
                0x08002eb8                parse_uart_command
 .text.parse_uart_value
                0x08002efe       0x60 ./Core/Src/commandReader.o
                0x08002efe                parse_uart_value
 *fill*         0x08002f5e        0x2 
 .text.delay_us
                0x08002f60       0x38 ./Core/Src/delay.o
                0x08002f60                delay_us
 .text.adjusteTimeForTicks
                0x08002f98       0x20 ./Core/Src/delay.o
                0x08002f98                adjusteTimeForTicks
 .text.main     0x08002fb8      0x4d0 ./Core/Src/main.o
                0x08002fb8                main
 .text.SystemClock_Config
                0x08003488       0xe0 ./Core/Src/main.o
                0x08003488                SystemClock_Config
 .text.MX_I2C1_Init
                0x08003568       0x80 ./Core/Src/main.o
 .text.MX_I2C2_Init
                0x080035e8       0x80 ./Core/Src/main.o
 .text.MX_SPI1_Init
                0x08003668       0xac ./Core/Src/main.o
 .text.MX_TIM1_Init
                0x08003714      0x170 ./Core/Src/main.o
 .text.MX_TIM2_Init
                0x08003884       0x9c ./Core/Src/main.o
 .text.MX_TIM3_Init
                0x08003920       0xa4 ./Core/Src/main.o
 .text.MX_TIM7_Init
                0x080039c4       0x6c ./Core/Src/main.o
 .text.MX_TIM16_Init
                0x08003a30       0x4c ./Core/Src/main.o
 .text.MX_TIM24_Init
                0x08003a7c       0x9c ./Core/Src/main.o
 .text.MX_USART3_UART_Init
                0x08003b18       0x98 ./Core/Src/main.o
 .text.MX_DMA_Init
                0x08003bb0       0x40 ./Core/Src/main.o
 .text.MX_GPIO_Init
                0x08003bf0      0x1b8 ./Core/Src/main.o
 .text.HAL_TIM_PeriodElapsedCallback
                0x08003da8       0x48 ./Core/Src/main.o
                0x08003da8                HAL_TIM_PeriodElapsedCallback
 .text.nrf24_setup
                0x08003df0       0xac ./Core/Src/main.o
                0x08003df0                nrf24_setup
 .text.MPU_Config
                0x08003e9c       0x58 ./Core/Src/main.o
 .text.Error_Handler
                0x08003ef4        0xc ./Core/Src/main.o
                0x08003ef4                Error_Handler
 .text.HAL_MspInit
                0x08003f00       0x34 ./Core/Src/stm32h7xx_hal_msp.o
                0x08003f00                HAL_MspInit
 .text.HAL_I2C_MspInit
                0x08003f34      0x170 ./Core/Src/stm32h7xx_hal_msp.o
                0x08003f34                HAL_I2C_MspInit
 .text.HAL_SPI_MspInit
                0x080040a4       0xd0 ./Core/Src/stm32h7xx_hal_msp.o
                0x080040a4                HAL_SPI_MspInit
 .text.HAL_TIM_Base_MspInit
                0x08004174      0x144 ./Core/Src/stm32h7xx_hal_msp.o
                0x08004174                HAL_TIM_Base_MspInit
 .text.HAL_TIM_MspPostInit
                0x080042b8       0x78 ./Core/Src/stm32h7xx_hal_msp.o
                0x080042b8                HAL_TIM_MspPostInit
 .text.HAL_UART_MspInit
                0x08004330      0x148 ./Core/Src/stm32h7xx_hal_msp.o
                0x08004330                HAL_UART_MspInit
 .text.NMI_Handler
                0x08004478        0x8 ./Core/Src/stm32h7xx_it.o
                0x08004478                NMI_Handler
 .text.HardFault_Handler
                0x08004480        0x8 ./Core/Src/stm32h7xx_it.o
                0x08004480                HardFault_Handler
 .text.MemManage_Handler
                0x08004488        0x8 ./Core/Src/stm32h7xx_it.o
                0x08004488                MemManage_Handler
 .text.BusFault_Handler
                0x08004490        0x8 ./Core/Src/stm32h7xx_it.o
                0x08004490                BusFault_Handler
 .text.UsageFault_Handler
                0x08004498        0x8 ./Core/Src/stm32h7xx_it.o
                0x08004498                UsageFault_Handler
 .text.SVC_Handler
                0x080044a0        0xe ./Core/Src/stm32h7xx_it.o
                0x080044a0                SVC_Handler
 .text.DebugMon_Handler
                0x080044ae        0xe ./Core/Src/stm32h7xx_it.o
                0x080044ae                DebugMon_Handler
 .text.PendSV_Handler
                0x080044bc        0xe ./Core/Src/stm32h7xx_it.o
                0x080044bc                PendSV_Handler
 .text.SysTick_Handler
                0x080044ca        0xc ./Core/Src/stm32h7xx_it.o
                0x080044ca                SysTick_Handler
 *fill*         0x080044d6        0x2 
 .text.DMA1_Stream0_IRQHandler
                0x080044d8       0x14 ./Core/Src/stm32h7xx_it.o
                0x080044d8                DMA1_Stream0_IRQHandler
 .text.TIM2_IRQHandler
                0x080044ec       0x14 ./Core/Src/stm32h7xx_it.o
                0x080044ec                TIM2_IRQHandler
 .text.TIM3_IRQHandler
                0x08004500       0x14 ./Core/Src/stm32h7xx_it.o
                0x08004500                TIM3_IRQHandler
 .text.USART3_IRQHandler
                0x08004514       0x14 ./Core/Src/stm32h7xx_it.o
                0x08004514                USART3_IRQHandler
 .text._sbrk    0x08004528       0x6c ./Core/Src/sysmem.o
                0x08004528                _sbrk
 .text.SystemInit
                0x08004594      0x120 ./Core/Src/system_stm32h7xx.o
                0x08004594                SystemInit
 .text.ExitRun0Mode
                0x080046b4       0x30 ./Core/Src/system_stm32h7xx.o
                0x080046b4                ExitRun0Mode
 .text.Reset_Handler
                0x080046e4       0x54 ./Core/Startup/startup_stm32h723zgtx.o
                0x080046e4                Reset_Handler
 .text.Default_Handler
                0x08004738        0x2 ./Core/Startup/startup_stm32h723zgtx.o
                0x08004738                RTC_Alarm_IRQHandler
                0x08004738                EXTI2_IRQHandler
                0x08004738                TIM8_CC_IRQHandler
                0x08004738                UART8_IRQHandler
                0x08004738                SPI4_IRQHandler
                0x08004738                FDCAN3_IT0_IRQHandler
                0x08004738                TIM1_CC_IRQHandler
                0x08004738                BDMA_Channel6_IRQHandler
                0x08004738                DMA2_Stream5_IRQHandler
                0x08004738                DMA1_Stream5_IRQHandler
                0x08004738                CORDIC_IRQHandler
                0x08004738                BDMA_Channel1_IRQHandler
                0x08004738                TAMP_STAMP_IRQHandler
                0x08004738                EXTI3_IRQHandler
                0x08004738                LPTIM4_IRQHandler
                0x08004738                TIM8_TRG_COM_TIM14_IRQHandler
                0x08004738                LPTIM2_IRQHandler
                0x08004738                DFSDM1_FLT1_IRQHandler
                0x08004738                DMAMUX2_OVR_IRQHandler
                0x08004738                TIM8_UP_TIM13_IRQHandler
                0x08004738                I2C3_ER_IRQHandler
                0x08004738                DFSDM1_FLT2_IRQHandler
                0x08004738                I2C5_EV_IRQHandler
                0x08004738                USART10_IRQHandler
                0x08004738                MDMA_IRQHandler
                0x08004738                LPTIM3_IRQHandler
                0x08004738                HSEM1_IRQHandler
                0x08004738                EXTI0_IRQHandler
                0x08004738                I2C2_EV_IRQHandler
                0x08004738                DMA1_Stream2_IRQHandler
                0x08004738                FPU_IRQHandler
                0x08004738                OTG_HS_WKUP_IRQHandler
                0x08004738                FDCAN1_IT1_IRQHandler
                0x08004738                LTDC_ER_IRQHandler
                0x08004738                DMA2_Stream2_IRQHandler
                0x08004738                SPI1_IRQHandler
                0x08004738                OCTOSPI1_IRQHandler
                0x08004738                TIM6_DAC_IRQHandler
                0x08004738                DMA2_Stream3_IRQHandler
                0x08004738                OCTOSPI2_IRQHandler
                0x08004738                DFSDM1_FLT3_IRQHandler
                0x08004738                TIM23_IRQHandler
                0x08004738                USART6_IRQHandler
                0x08004738                TIM17_IRQHandler
                0x08004738                BDMA_Channel7_IRQHandler
                0x08004738                LPTIM5_IRQHandler
                0x08004738                UART5_IRQHandler
                0x08004738                ADC3_IRQHandler
                0x08004738                DMA2_Stream0_IRQHandler
                0x08004738                TIM4_IRQHandler
                0x08004738                BDMA_Channel2_IRQHandler
                0x08004738                I2C1_EV_IRQHandler
                0x08004738                DMA1_Stream6_IRQHandler
                0x08004738                DMAMUX1_OVR_IRQHandler
                0x08004738                DMA1_Stream1_IRQHandler
                0x08004738                TIM16_IRQHandler
                0x08004738                UART4_IRQHandler
                0x08004738                BDMA_Channel5_IRQHandler
                0x08004738                RCC_IRQHandler
                0x08004738                UART9_IRQHandler
                0x08004738                TIM8_BRK_TIM12_IRQHandler
                0x08004738                TIM1_TRG_COM_IRQHandler
                0x08004738                Default_Handler
                0x08004738                ECC_IRQHandler
                0x08004738                FMAC_IRQHandler
                0x08004738                CEC_IRQHandler
                0x08004738                EXTI15_10_IRQHandler
                0x08004738                BDMA_Channel0_IRQHandler
                0x08004738                ADC_IRQHandler
                0x08004738                I2C5_ER_IRQHandler
                0x08004738                DMA1_Stream7_IRQHandler
                0x08004738                SPI5_IRQHandler
                0x08004738                TIM7_IRQHandler
                0x08004738                FDCAN3_IT1_IRQHandler
                0x08004738                SDMMC1_IRQHandler
                0x08004738                TIM5_IRQHandler
                0x08004738                DMA2_Stream7_IRQHandler
                0x08004738                TIM15_IRQHandler
                0x08004738                PVD_AVD_IRQHandler
                0x08004738                I2C3_EV_IRQHandler
                0x08004738                EXTI9_5_IRQHandler
                0x08004738                RTC_WKUP_IRQHandler
                0x08004738                LTDC_IRQHandler
                0x08004738                ETH_WKUP_IRQHandler
                0x08004738                SPDIF_RX_IRQHandler
                0x08004738                SPI2_IRQHandler
                0x08004738                OTG_HS_EP1_IN_IRQHandler
                0x08004738                TIM24_IRQHandler
                0x08004738                CRS_IRQHandler
                0x08004738                EXTI4_IRQHandler
                0x08004738                RNG_IRQHandler
                0x08004738                FDCAN2_IT1_IRQHandler
                0x08004738                ETH_IRQHandler
                0x08004738                TIM1_UP_IRQHandler
                0x08004738                BDMA_Channel4_IRQHandler
                0x08004738                OTG_HS_EP1_OUT_IRQHandler
                0x08004738                WWDG_IRQHandler
                0x08004738                SPI6_IRQHandler
                0x08004738                MDIOS_IRQHandler
                0x08004738                I2C4_EV_IRQHandler
                0x08004738                FDCAN2_IT0_IRQHandler
                0x08004738                LPUART1_IRQHandler
                0x08004738                FDCAN1_IT0_IRQHandler
                0x08004738                OTG_HS_IRQHandler
                0x08004738                DMA2D_IRQHandler
                0x08004738                TIM1_BRK_IRQHandler
                0x08004738                EXTI1_IRQHandler
                0x08004738                SDMMC2_IRQHandler
                0x08004738                BDMA_Channel3_IRQHandler
                0x08004738                DTS_IRQHandler
                0x08004738                UART7_IRQHandler
                0x08004738                MDIOS_WKUP_IRQHandler
                0x08004738                USART2_IRQHandler
                0x08004738                DFSDM1_FLT0_IRQHandler
                0x08004738                SAI4_IRQHandler
                0x08004738                I2C2_ER_IRQHandler
                0x08004738                DMA2_Stream1_IRQHandler
                0x08004738                FLASH_IRQHandler
                0x08004738                DMA2_Stream4_IRQHandler
                0x08004738                USART1_IRQHandler
                0x08004738                SPI3_IRQHandler
                0x08004738                WAKEUP_PIN_IRQHandler
                0x08004738                DMA1_Stream4_IRQHandler
                0x08004738                I2C1_ER_IRQHandler
                0x08004738                FMC_IRQHandler
                0x08004738                FDCAN_CAL_IRQHandler
                0x08004738                SWPMI1_IRQHandler
                0x08004738                COMP1_IRQHandler
                0x08004738                LPTIM1_IRQHandler
                0x08004738                DCMI_PSSI_IRQHandler
                0x08004738                I2C4_ER_IRQHandler
                0x08004738                DMA2_Stream6_IRQHandler
                0x08004738                SAI1_IRQHandler
                0x08004738                DMA1_Stream3_IRQHandler
 *fill*         0x0800473a        0x2 
 .text.HAL_Init
                0x0800473c       0x78 ./Drivers/STM32H7xx_HAL_Driver/Src/stm32h7xx_hal.o
                0x0800473c                HAL_Init
 .text.HAL_InitTick
                0x080047b4       0x6c ./Drivers/STM32H7xx_HAL_Driver/Src/stm32h7xx_hal.o
                0x080047b4                HAL_InitTick
 .text.HAL_IncTick
                0x08004820       0x28 ./Drivers/STM32H7xx_HAL_Driver/Src/stm32h7xx_hal.o
                0x08004820                HAL_IncTick
 .text.HAL_GetTick
                0x08004848       0x18 ./Drivers/STM32H7xx_HAL_Driver/Src/stm32h7xx_hal.o
                0x08004848                HAL_GetTick
 .text.HAL_Delay
                0x08004860       0x48 ./Drivers/STM32H7xx_HAL_Driver/Src/stm32h7xx_hal.o
                0x08004860                HAL_Delay
 .text.__NVIC_SetPriorityGrouping
                0x080048a8       0x48 ./Drivers/STM32H7xx_HAL_Driver/Src/stm32h7xx_hal_cortex.o
 .text.__NVIC_GetPriorityGrouping
                0x080048f0       0x1c ./Drivers/STM32H7xx_HAL_Driver/Src/stm32h7xx_hal_cortex.o
 .text.__NVIC_EnableIRQ
                0x0800490c       0x3c ./Drivers/STM32H7xx_HAL_Driver/Src/stm32h7xx_hal_cortex.o
 .text.__NVIC_SetPriority
                0x08004948       0x54 ./Drivers/STM32H7xx_HAL_Driver/Src/stm32h7xx_hal_cortex.o
 .text.NVIC_EncodePriority
                0x0800499c       0x66 ./Drivers/STM32H7xx_HAL_Driver/Src/stm32h7xx_hal_cortex.o
 *fill*         0x08004a02        0x2 
 .text.SysTick_Config
                0x08004a04       0x44 ./Drivers/STM32H7xx_HAL_Driver/Src/stm32h7xx_hal_cortex.o
 .text.HAL_NVIC_SetPriorityGrouping
                0x08004a48       0x16 ./Drivers/STM32H7xx_HAL_Driver/Src/stm32h7xx_hal_cortex.o
                0x08004a48                HAL_NVIC_SetPriorityGrouping
 .text.HAL_NVIC_SetPriority
                0x08004a5e       0x34 ./Drivers/STM32H7xx_HAL_Driver/Src/stm32h7xx_hal_cortex.o
                0x08004a5e                HAL_NVIC_SetPriority
 .text.HAL_NVIC_EnableIRQ
                0x08004a92       0x1c ./Drivers/STM32H7xx_HAL_Driver/Src/stm32h7xx_hal_cortex.o
                0x08004a92                HAL_NVIC_EnableIRQ
 .text.HAL_SYSTICK_Config
                0x08004aae       0x18 ./Drivers/STM32H7xx_HAL_Driver/Src/stm32h7xx_hal_cortex.o
                0x08004aae                HAL_SYSTICK_Config
 *fill*         0x08004ac6        0x2 
 .text.HAL_MPU_Disable
                0x08004ac8       0x30 ./Drivers/STM32H7xx_HAL_Driver/Src/stm32h7xx_hal_cortex.o
                0x08004ac8                HAL_MPU_Disable
 .text.HAL_MPU_Enable
                0x08004af8       0x40 ./Drivers/STM32H7xx_HAL_Driver/Src/stm32h7xx_hal_cortex.o
                0x08004af8                HAL_MPU_Enable
 .text.HAL_MPU_ConfigRegion
                0x08004b38       0x80 ./Drivers/STM32H7xx_HAL_Driver/Src/stm32h7xx_hal_cortex.o
                0x08004b38                HAL_MPU_ConfigRegion
 .text.HAL_DMA_Init
                0x08004bb8      0x6b0 ./Drivers/STM32H7xx_HAL_Driver/Src/stm32h7xx_hal_dma.o
                0x08004bb8                HAL_DMA_Init
 .text.HAL_DMA_Start_IT
                0x08005268      0x4d4 ./Drivers/STM32H7xx_HAL_Driver/Src/stm32h7xx_hal_dma.o
                0x08005268                HAL_DMA_Start_IT
 .text.HAL_DMA_Abort
                0x0800573c      0x63c ./Drivers/STM32H7xx_HAL_Driver/Src/stm32h7xx_hal_dma.o
                0x0800573c                HAL_DMA_Abort
 .text.HAL_DMA_Abort_IT
                0x08005d78      0x48c ./Drivers/STM32H7xx_HAL_Driver/Src/stm32h7xx_hal_dma.o
                0x08005d78                HAL_DMA_Abort_IT
 .text.HAL_DMA_IRQHandler
                0x08006204      0xe54 ./Drivers/STM32H7xx_HAL_Driver/Src/stm32h7xx_hal_dma.o
                0x08006204                HAL_DMA_IRQHandler
 .text.DMA_SetConfig
                0x08007058      0x358 ./Drivers/STM32H7xx_HAL_Driver/Src/stm32h7xx_hal_dma.o
 .text.DMA_CalcBaseAndBitshift
                0x080073b0      0x164 ./Drivers/STM32H7xx_HAL_Driver/Src/stm32h7xx_hal_dma.o
 .text.DMA_CheckFifoParam
                0x08007514       0xf8 ./Drivers/STM32H7xx_HAL_Driver/Src/stm32h7xx_hal_dma.o
 .text.DMA_CalcDMAMUXChannelBaseAndMask
                0x0800760c      0x134 ./Drivers/STM32H7xx_HAL_Driver/Src/stm32h7xx_hal_dma.o
 .text.DMA_CalcDMAMUXRequestGenBaseAndMask
                0x08007740       0xe8 ./Drivers/STM32H7xx_HAL_Driver/Src/stm32h7xx_hal_dma.o
 .text.HAL_GPIO_Init
                0x08007828      0x350 ./Drivers/STM32H7xx_HAL_Driver/Src/stm32h7xx_hal_gpio.o
                0x08007828                HAL_GPIO_Init
 .text.HAL_GPIO_WritePin
                0x08007b78       0x32 ./Drivers/STM32H7xx_HAL_Driver/Src/stm32h7xx_hal_gpio.o
                0x08007b78                HAL_GPIO_WritePin
 .text.HAL_GPIO_TogglePin
                0x08007baa       0x34 ./Drivers/STM32H7xx_HAL_Driver/Src/stm32h7xx_hal_gpio.o
                0x08007baa                HAL_GPIO_TogglePin
 *fill*         0x08007bde        0x2 
 .text.HAL_I2C_Init
                0x08007be0      0x138 ./Drivers/STM32H7xx_HAL_Driver/Src/stm32h7xx_hal_i2c.o
                0x08007be0                HAL_I2C_Init
 .text.HAL_I2C_Mem_Write
                0x08007d18      0x228 ./Drivers/STM32H7xx_HAL_Driver/Src/stm32h7xx_hal_i2c.o
                0x08007d18                HAL_I2C_Mem_Write
 .text.HAL_I2C_Mem_Read
                0x08007f40      0x234 ./Drivers/STM32H7xx_HAL_Driver/Src/stm32h7xx_hal_i2c.o
                0x08007f40                HAL_I2C_Mem_Read
 .text.I2C_RequestMemoryWrite
                0x08008174       0xa8 ./Drivers/STM32H7xx_HAL_Driver/Src/stm32h7xx_hal_i2c.o
 .text.I2C_RequestMemoryRead
                0x0800821c       0xa8 ./Drivers/STM32H7xx_HAL_Driver/Src/stm32h7xx_hal_i2c.o
 .text.I2C_Flush_TXDR
                0x080082c4       0x48 ./Drivers/STM32H7xx_HAL_Driver/Src/stm32h7xx_hal_i2c.o
 .text.I2C_WaitOnFlagUntilTimeout
                0x0800830c       0xb2 ./Drivers/STM32H7xx_HAL_Driver/Src/stm32h7xx_hal_i2c.o
 .text.I2C_WaitOnTXISFlagUntilTimeout
                0x080083be       0x8e ./Drivers/STM32H7xx_HAL_Driver/Src/stm32h7xx_hal_i2c.o
 .text.I2C_WaitOnSTOPFlagUntilTimeout
                0x0800844c       0x86 ./Drivers/STM32H7xx_HAL_Driver/Src/stm32h7xx_hal_i2c.o
 *fill*         0x080084d2        0x2 
 .text.I2C_IsErrorOccurred
                0x080084d4      0x1c0 ./Drivers/STM32H7xx_HAL_Driver/Src/stm32h7xx_hal_i2c.o
 .text.I2C_TransferConfig
                0x08008694       0x64 ./Drivers/STM32H7xx_HAL_Driver/Src/stm32h7xx_hal_i2c.o
 .text.HAL_I2CEx_ConfigAnalogFilter
                0x080086f8       0x96 ./Drivers/STM32H7xx_HAL_Driver/Src/stm32h7xx_hal_i2c_ex.o
                0x080086f8                HAL_I2CEx_ConfigAnalogFilter
 .text.HAL_I2CEx_ConfigDigitalFilter
                0x0800878e       0x98 ./Drivers/STM32H7xx_HAL_Driver/Src/stm32h7xx_hal_i2c_ex.o
                0x0800878e                HAL_I2CEx_ConfigDigitalFilter
 *fill*         0x08008826        0x2 
 .text.HAL_PWREx_ConfigSupply
                0x08008828       0x74 ./Drivers/STM32H7xx_HAL_Driver/Src/stm32h7xx_hal_pwr_ex.o
                0x08008828                HAL_PWREx_ConfigSupply
 .text.HAL_RCC_OscConfig
                0x0800889c      0x7b4 ./Drivers/STM32H7xx_HAL_Driver/Src/stm32h7xx_hal_rcc.o
                0x0800889c                HAL_RCC_OscConfig
 .text.HAL_RCC_ClockConfig
                0x08009050      0x36c ./Drivers/STM32H7xx_HAL_Driver/Src/stm32h7xx_hal_rcc.o
                0x08009050                HAL_RCC_ClockConfig
 .text.HAL_RCC_GetSysClockFreq
                0x080093bc      0x2f4 ./Drivers/STM32H7xx_HAL_Driver/Src/stm32h7xx_hal_rcc.o
                0x080093bc                HAL_RCC_GetSysClockFreq
 .text.HAL_RCC_GetHCLKFreq
                0x080096b0       0x60 ./Drivers/STM32H7xx_HAL_Driver/Src/stm32h7xx_hal_rcc.o
                0x080096b0                HAL_RCC_GetHCLKFreq
 .text.HAL_RCC_GetPCLK1Freq
                0x08009710       0x2c ./Drivers/STM32H7xx_HAL_Driver/Src/stm32h7xx_hal_rcc.o
                0x08009710                HAL_RCC_GetPCLK1Freq
 .text.HAL_RCC_GetPCLK2Freq
                0x0800973c       0x2c ./Drivers/STM32H7xx_HAL_Driver/Src/stm32h7xx_hal_rcc.o
                0x0800973c                HAL_RCC_GetPCLK2Freq
 .text.HAL_RCCEx_PeriphCLKConfig
                0x08009768     0x1340 ./Drivers/STM32H7xx_HAL_Driver/Src/stm32h7xx_hal_rcc_ex.o
                0x08009768                HAL_RCCEx_PeriphCLKConfig
 .text.HAL_RCCEx_GetD3PCLK1Freq
                0x0800aaa8       0x2c ./Drivers/STM32H7xx_HAL_Driver/Src/stm32h7xx_hal_rcc_ex.o
                0x0800aaa8                HAL_RCCEx_GetD3PCLK1Freq
 .text.HAL_RCCEx_GetPLL2ClockFreq
                0x0800aad4      0x2a8 ./Drivers/STM32H7xx_HAL_Driver/Src/stm32h7xx_hal_rcc_ex.o
                0x0800aad4                HAL_RCCEx_GetPLL2ClockFreq
 .text.HAL_RCCEx_GetPLL3ClockFreq
                0x0800ad7c      0x2a8 ./Drivers/STM32H7xx_HAL_Driver/Src/stm32h7xx_hal_rcc_ex.o
                0x0800ad7c                HAL_RCCEx_GetPLL3ClockFreq
 .text.RCCEx_PLL2_Config
                0x0800b024      0x164 ./Drivers/STM32H7xx_HAL_Driver/Src/stm32h7xx_hal_rcc_ex.o
 .text.RCCEx_PLL3_Config
                0x0800b188      0x164 ./Drivers/STM32H7xx_HAL_Driver/Src/stm32h7xx_hal_rcc_ex.o
 .text.HAL_SPI_Init
                0x0800b2ec      0x248 ./Drivers/STM32H7xx_HAL_Driver/Src/stm32h7xx_hal_spi.o
                0x0800b2ec                HAL_SPI_Init
 .text.HAL_SPI_Transmit
                0x0800b534      0x3dc ./Drivers/STM32H7xx_HAL_Driver/Src/stm32h7xx_hal_spi.o
                0x0800b534                HAL_SPI_Transmit
 .text.HAL_SPI_Receive
                0x0800b910      0x4e4 ./Drivers/STM32H7xx_HAL_Driver/Src/stm32h7xx_hal_spi.o
                0x0800b910                HAL_SPI_Receive
 .text.HAL_SPI_TransmitReceive
                0x0800bdf4      0x674 ./Drivers/STM32H7xx_HAL_Driver/Src/stm32h7xx_hal_spi.o
                0x0800bdf4                HAL_SPI_TransmitReceive
 .text.SPI_CloseTransfer
                0x0800c468      0x140 ./Drivers/STM32H7xx_HAL_Driver/Src/stm32h7xx_hal_spi.o
 .text.SPI_WaitOnFlagUntilTimeout
                0x0800c5a8       0x5c ./Drivers/STM32H7xx_HAL_Driver/Src/stm32h7xx_hal_spi.o
 .text.SPI_GetPacketSize
                0x0800c604       0x36 ./Drivers/STM32H7xx_HAL_Driver/Src/stm32h7xx_hal_spi.o
 .text.HAL_TIM_Base_Init
                0x0800c63a       0xae ./Drivers/STM32H7xx_HAL_Driver/Src/stm32h7xx_hal_tim.o
                0x0800c63a                HAL_TIM_Base_Init
 .text.HAL_TIM_Base_Start
                0x0800c6e8       0xfc ./Drivers/STM32H7xx_HAL_Driver/Src/stm32h7xx_hal_tim.o
                0x0800c6e8                HAL_TIM_Base_Start
 .text.HAL_TIM_Base_Stop
                0x0800c7e4       0x4e ./Drivers/STM32H7xx_HAL_Driver/Src/stm32h7xx_hal_tim.o
                0x0800c7e4                HAL_TIM_Base_Stop
 *fill*         0x0800c832        0x2 
 .text.HAL_TIM_Base_Start_IT
                0x0800c834      0x10c ./Drivers/STM32H7xx_HAL_Driver/Src/stm32h7xx_hal_tim.o
                0x0800c834                HAL_TIM_Base_Start_IT
 .text.HAL_TIM_PWM_Init
                0x0800c940       0xae ./Drivers/STM32H7xx_HAL_Driver/Src/stm32h7xx_hal_tim.o
                0x0800c940                HAL_TIM_PWM_Init
 .text.HAL_TIM_PWM_MspInit
                0x0800c9ee       0x14 ./Drivers/STM32H7xx_HAL_Driver/Src/stm32h7xx_hal_tim.o
                0x0800c9ee                HAL_TIM_PWM_MspInit
 *fill*         0x0800ca02        0x2 
 .text.HAL_TIM_PWM_Start
                0x0800ca04      0x238 ./Drivers/STM32H7xx_HAL_Driver/Src/stm32h7xx_hal_tim.o
                0x0800ca04                HAL_TIM_PWM_Start
 .text.HAL_TIM_IRQHandler
                0x0800cc3c      0x20e ./Drivers/STM32H7xx_HAL_Driver/Src/stm32h7xx_hal_tim.o
                0x0800cc3c                HAL_TIM_IRQHandler
 *fill*         0x0800ce4a        0x2 
 .text.HAL_TIM_PWM_ConfigChannel
                0x0800ce4c      0x228 ./Drivers/STM32H7xx_HAL_Driver/Src/stm32h7xx_hal_tim.o
                0x0800ce4c                HAL_TIM_PWM_ConfigChannel
 .text.HAL_TIM_ConfigClockSource
                0x0800d074      0x1f0 ./Drivers/STM32H7xx_HAL_Driver/Src/stm32h7xx_hal_tim.o
                0x0800d074                HAL_TIM_ConfigClockSource
 .text.HAL_TIM_OC_DelayElapsedCallback
                0x0800d264       0x14 ./Drivers/STM32H7xx_HAL_Driver/Src/stm32h7xx_hal_tim.o
                0x0800d264                HAL_TIM_OC_DelayElapsedCallback
 .text.HAL_TIM_IC_CaptureCallback
                0x0800d278       0x14 ./Drivers/STM32H7xx_HAL_Driver/Src/stm32h7xx_hal_tim.o
                0x0800d278                HAL_TIM_IC_CaptureCallback
 .text.HAL_TIM_PWM_PulseFinishedCallback
                0x0800d28c       0x14 ./Drivers/STM32H7xx_HAL_Driver/Src/stm32h7xx_hal_tim.o
                0x0800d28c                HAL_TIM_PWM_PulseFinishedCallback
 .text.HAL_TIM_TriggerCallback
                0x0800d2a0       0x14 ./Drivers/STM32H7xx_HAL_Driver/Src/stm32h7xx_hal_tim.o
                0x0800d2a0                HAL_TIM_TriggerCallback
 .text.TIM_Base_SetConfig
                0x0800d2b4      0x158 ./Drivers/STM32H7xx_HAL_Driver/Src/stm32h7xx_hal_tim.o
                0x0800d2b4                TIM_Base_SetConfig
 .text.TIM_OC1_SetConfig
                0x0800d40c      0x120 ./Drivers/STM32H7xx_HAL_Driver/Src/stm32h7xx_hal_tim.o
 .text.TIM_OC2_SetConfig
                0x0800d52c      0x114 ./Drivers/STM32H7xx_HAL_Driver/Src/stm32h7xx_hal_tim.o
                0x0800d52c                TIM_OC2_SetConfig
 .text.TIM_OC3_SetConfig
                0x0800d640      0x110 ./Drivers/STM32H7xx_HAL_Driver/Src/stm32h7xx_hal_tim.o
 .text.TIM_OC4_SetConfig
                0x0800d750       0xd4 ./Drivers/STM32H7xx_HAL_Driver/Src/stm32h7xx_hal_tim.o
 .text.TIM_OC5_SetConfig
                0x0800d824       0xc8 ./Drivers/STM32H7xx_HAL_Driver/Src/stm32h7xx_hal_tim.o
 .text.TIM_OC6_SetConfig
                0x0800d8ec       0xcc ./Drivers/STM32H7xx_HAL_Driver/Src/stm32h7xx_hal_tim.o
 .text.TIM_TI1_ConfigInputStage
                0x0800d9b8       0x5e ./Drivers/STM32H7xx_HAL_Driver/Src/stm32h7xx_hal_tim.o
 .text.TIM_TI2_ConfigInputStage
                0x0800da16       0x60 ./Drivers/STM32H7xx_HAL_Driver/Src/stm32h7xx_hal_tim.o
 *fill*         0x0800da76        0x2 
 .text.TIM_ITRx_SetConfig
                0x0800da78       0x3c ./Drivers/STM32H7xx_HAL_Driver/Src/stm32h7xx_hal_tim.o
 .text.TIM_ETR_SetConfig
                0x0800dab4       0x40 ./Drivers/STM32H7xx_HAL_Driver/Src/stm32h7xx_hal_tim.o
                0x0800dab4                TIM_ETR_SetConfig
 .text.TIM_CCxChannelCmd
                0x0800daf4       0x4a ./Drivers/STM32H7xx_HAL_Driver/Src/stm32h7xx_hal_tim.o
                0x0800daf4                TIM_CCxChannelCmd
 *fill*         0x0800db3e        0x2 
 .text.HAL_TIMEx_MasterConfigSynchronization
                0x0800db40      0x138 ./Drivers/STM32H7xx_HAL_Driver/Src/stm32h7xx_hal_tim_ex.o
                0x0800db40                HAL_TIMEx_MasterConfigSynchronization
 .text.HAL_TIMEx_ConfigBreakDeadTime
                0x0800dc78      0x118 ./Drivers/STM32H7xx_HAL_Driver/Src/stm32h7xx_hal_tim_ex.o
                0x0800dc78                HAL_TIMEx_ConfigBreakDeadTime
 .text.HAL_TIMEx_CommutCallback
                0x0800dd90       0x14 ./Drivers/STM32H7xx_HAL_Driver/Src/stm32h7xx_hal_tim_ex.o
                0x0800dd90                HAL_TIMEx_CommutCallback
 .text.HAL_TIMEx_BreakCallback
                0x0800dda4       0x14 ./Drivers/STM32H7xx_HAL_Driver/Src/stm32h7xx_hal_tim_ex.o
                0x0800dda4                HAL_TIMEx_BreakCallback
 .text.HAL_TIMEx_Break2Callback
                0x0800ddb8       0x14 ./Drivers/STM32H7xx_HAL_Driver/Src/stm32h7xx_hal_tim_ex.o
                0x0800ddb8                HAL_TIMEx_Break2Callback
 .text.HAL_UART_Init
                0x0800ddcc       0xa0 ./Drivers/STM32H7xx_HAL_Driver/Src/stm32h7xx_hal_uart.o
                0x0800ddcc                HAL_UART_Init
 .text.HAL_UART_Transmit
                0x0800de6c      0x11c ./Drivers/STM32H7xx_HAL_Driver/Src/stm32h7xx_hal_uart.o
                0x0800de6c                HAL_UART_Transmit
 .text.HAL_UART_Receive_DMA
                0x0800df88       0x98 ./Drivers/STM32H7xx_HAL_Driver/Src/stm32h7xx_hal_uart.o
                0x0800df88                HAL_UART_Receive_DMA
 .text.HAL_UART_IRQHandler
                0x0800e020      0x7ac ./Drivers/STM32H7xx_HAL_Driver/Src/stm32h7xx_hal_uart.o
                0x0800e020                HAL_UART_IRQHandler
 .text.HAL_UART_TxCpltCallback
                0x0800e7cc       0x14 ./Drivers/STM32H7xx_HAL_Driver/Src/stm32h7xx_hal_uart.o
                0x0800e7cc                HAL_UART_TxCpltCallback
 .text.HAL_UART_RxCpltCallback
                0x0800e7e0       0x14 ./Drivers/STM32H7xx_HAL_Driver/Src/stm32h7xx_hal_uart.o
                0x0800e7e0                HAL_UART_RxCpltCallback
 .text.HAL_UART_RxHalfCpltCallback
                0x0800e7f4       0x14 ./Drivers/STM32H7xx_HAL_Driver/Src/stm32h7xx_hal_uart.o
                0x0800e7f4                HAL_UART_RxHalfCpltCallback
 .text.HAL_UART_ErrorCallback
                0x0800e808       0x14 ./Drivers/STM32H7xx_HAL_Driver/Src/stm32h7xx_hal_uart.o
                0x0800e808                HAL_UART_ErrorCallback
 .text.HAL_UARTEx_RxEventCallback
                0x0800e81c       0x18 ./Drivers/STM32H7xx_HAL_Driver/Src/stm32h7xx_hal_uart.o
                0x0800e81c                HAL_UARTEx_RxEventCallback
 .text.UART_SetConfig
                0x0800e834      0xcd8 ./Drivers/STM32H7xx_HAL_Driver/Src/stm32h7xx_hal_uart.o
                0x0800e834                UART_SetConfig
 .text.UART_AdvFeatureConfig
                0x0800f50c      0x144 ./Drivers/STM32H7xx_HAL_Driver/Src/stm32h7xx_hal_uart.o
                0x0800f50c                UART_AdvFeatureConfig
 .text.UART_CheckIdleState
                0x0800f650      0x154 ./Drivers/STM32H7xx_HAL_Driver/Src/stm32h7xx_hal_uart.o
                0x0800f650                UART_CheckIdleState
 .text.UART_WaitOnFlagUntilTimeout
                0x0800f7a4       0xda ./Drivers/STM32H7xx_HAL_Driver/Src/stm32h7xx_hal_uart.o
                0x0800f7a4                UART_WaitOnFlagUntilTimeout
 *fill*         0x0800f87e        0x2 
 .text.UART_Start_Receive_DMA
                0x0800f880      0x14c ./Drivers/STM32H7xx_HAL_Driver/Src/stm32h7xx_hal_uart.o
                0x0800f880                UART_Start_Receive_DMA
 .text.UART_EndTxTransfer
                0x0800f9cc       0x82 ./Drivers/STM32H7xx_HAL_Driver/Src/stm32h7xx_hal_uart.o
 *fill*         0x0800fa4e        0x2 
 .text.UART_EndRxTransfer
                0x0800fa50       0xcc ./Drivers/STM32H7xx_HAL_Driver/Src/stm32h7xx_hal_uart.o
 .text.UART_DMAReceiveCplt
                0x0800fb1c      0x128 ./Drivers/STM32H7xx_HAL_Driver/Src/stm32h7xx_hal_uart.o
 .text.UART_DMARxHalfCplt
                0x0800fc44       0x3e ./Drivers/STM32H7xx_HAL_Driver/Src/stm32h7xx_hal_uart.o
 .text.UART_DMAError
                0x0800fc82       0x80 ./Drivers/STM32H7xx_HAL_Driver/Src/stm32h7xx_hal_uart.o
 .text.UART_DMAAbortOnError
                0x0800fd02       0x24 ./Drivers/STM32H7xx_HAL_Driver/Src/stm32h7xx_hal_uart.o
 .text.UART_EndTransmit_IT
                0x0800fd26       0x56 ./Drivers/STM32H7xx_HAL_Driver/Src/stm32h7xx_hal_uart.o
 .text.HAL_UARTEx_WakeupCallback
                0x0800fd7c       0x14 ./Drivers/STM32H7xx_HAL_Driver/Src/stm32h7xx_hal_uart_ex.o
                0x0800fd7c                HAL_UARTEx_WakeupCallback
 .text.HAL_UARTEx_RxFifoFullCallback
                0x0800fd90       0x14 ./Drivers/STM32H7xx_HAL_Driver/Src/stm32h7xx_hal_uart_ex.o
                0x0800fd90                HAL_UARTEx_RxFifoFullCallback
 .text.HAL_UARTEx_TxFifoEmptyCallback
                0x0800fda4       0x14 ./Drivers/STM32H7xx_HAL_Driver/Src/stm32h7xx_hal_uart_ex.o
                0x0800fda4                HAL_UARTEx_TxFifoEmptyCallback
 .text.HAL_UARTEx_DisableFifoMode
                0x0800fdb8       0x72 ./Drivers/STM32H7xx_HAL_Driver/Src/stm32h7xx_hal_uart_ex.o
                0x0800fdb8                HAL_UARTEx_DisableFifoMode
 .text.HAL_UARTEx_SetTxFifoThreshold
                0x0800fe2a       0x7c ./Drivers/STM32H7xx_HAL_Driver/Src/stm32h7xx_hal_uart_ex.o
                0x0800fe2a                HAL_UARTEx_SetTxFifoThreshold
 .text.HAL_UARTEx_SetRxFifoThreshold
                0x0800fea6       0x7c ./Drivers/STM32H7xx_HAL_Driver/Src/stm32h7xx_hal_uart_ex.o
                0x0800fea6                HAL_UARTEx_SetRxFifoThreshold
 *fill*         0x0800ff22        0x2 
 .text.UARTEx_SetNbDataToProcess
                0x0800ff24       0x9c ./Drivers/STM32H7xx_HAL_Driver/Src/stm32h7xx_hal_uart_ex.o
 .text.atoi     0x0800ffc0        0x8 /opt/st/stm32cubeide_1.19.0/plugins/com.st.stm32cube.ide.mcu.externaltools.gnu-tools-for-stm32.13.3.rel1.linux64_1.0.0.202410170706/tools/bin/../lib/gcc/arm-none-eabi/13.3.1/../../../../arm-none-eabi/lib/thumb/v7e-m+dp/hard/libc_nano.a(libc_a-atoi.o)
                0x0800ffc0                atoi
 .text._strtol_l.isra.0
                0x0800ffc8       0xf4 /opt/st/stm32cubeide_1.19.0/plugins/com.st.stm32cube.ide.mcu.externaltools.gnu-tools-for-stm32.13.3.rel1.linux64_1.0.0.202410170706/tools/bin/../lib/gcc/arm-none-eabi/13.3.1/../../../../arm-none-eabi/lib/thumb/v7e-m+dp/hard/libc_nano.a(libc_a-strtol.o)
 .text.strtol   0x080100bc       0x14 /opt/st/stm32cubeide_1.19.0/plugins/com.st.stm32cube.ide.mcu.externaltools.gnu-tools-for-stm32.13.3.rel1.linux64_1.0.0.202410170706/tools/bin/../lib/gcc/arm-none-eabi/13.3.1/../../../../arm-none-eabi/lib/thumb/v7e-m+dp/hard/libc_nano.a(libc_a-strtol.o)
                0x080100bc                strtol
 .text.snprintf
                0x080100d0       0x6c /opt/st/stm32cubeide_1.19.0/plugins/com.st.stm32cube.ide.mcu.externaltools.gnu-tools-for-stm32.13.3.rel1.linux64_1.0.0.202410170706/tools/bin/../lib/gcc/arm-none-eabi/13.3.1/../../../../arm-none-eabi/lib/thumb/v7e-m+dp/hard/libc_nano.a(libc_a-snprintf.o)
                0x080100d0                snprintf
                0x080100d0                sniprintf
 .text.memset   0x0801013c       0x10 /opt/st/stm32cubeide_1.19.0/plugins/com.st.stm32cube.ide.mcu.externaltools.gnu-tools-for-stm32.13.3.rel1.linux64_1.0.0.202410170706/tools/bin/../lib/gcc/arm-none-eabi/13.3.1/../../../../arm-none-eabi/lib/thumb/v7e-m+dp/hard/libc_nano.a(libc_a-memset.o)
                0x0801013c                memset
 .text.strncpy  0x0801014c       0x26 /opt/st/stm32cubeide_1.19.0/plugins/com.st.stm32cube.ide.mcu.externaltools.gnu-tools-for-stm32.13.3.rel1.linux64_1.0.0.202410170706/tools/bin/../lib/gcc/arm-none-eabi/13.3.1/../../../../arm-none-eabi/lib/thumb/v7e-m+dp/hard/libc_nano.a(libc_a-strncpy.o)
                0x0801014c                strncpy
 *fill*         0x08010172        0x2 
 .text.__errno  0x08010174        0xc /opt/st/stm32cubeide_1.19.0/plugins/com.st.stm32cube.ide.mcu.externaltools.gnu-tools-for-stm32.13.3.rel1.linux64_1.0.0.202410170706/tools/bin/../lib/gcc/arm-none-eabi/13.3.1/../../../../arm-none-eabi/lib/thumb/v7e-m+dp/hard/libc_nano.a(libc_a-errno.o)
                0x08010174                __errno
 .text.__libc_init_array
                0x08010180       0x48 /opt/st/stm32cubeide_1.19.0/plugins/com.st.stm32cube.ide.mcu.externaltools.gnu-tools-for-stm32.13.3.rel1.linux64_1.0.0.202410170706/tools/bin/../lib/gcc/arm-none-eabi/13.3.1/../../../../arm-none-eabi/lib/thumb/v7e-m+dp/hard/libc_nano.a(libc_a-init.o)
                0x08010180                __libc_init_array
 .text.__retarget_lock_acquire_recursive
                0x080101c8        0x2 /opt/st/stm32cubeide_1.19.0/plugins/com.st.stm32cube.ide.mcu.externaltools.gnu-tools-for-stm32.13.3.rel1.linux64_1.0.0.202410170706/tools/bin/../lib/gcc/arm-none-eabi/13.3.1/../../../../arm-none-eabi/lib/thumb/v7e-m+dp/hard/libc_nano.a(libc_a-lock.o)
                0x080101c8                __retarget_lock_acquire_recursive
 .text.__retarget_lock_release_recursive
                0x080101ca        0x2 /opt/st/stm32cubeide_1.19.0/plugins/com.st.stm32cube.ide.mcu.externaltools.gnu-tools-for-stm32.13.3.rel1.linux64_1.0.0.202410170706/tools/bin/../lib/gcc/arm-none-eabi/13.3.1/../../../../arm-none-eabi/lib/thumb/v7e-m+dp/hard/libc_nano.a(libc_a-lock.o)
                0x080101ca                __retarget_lock_release_recursive
 .text.memcpy   0x080101cc       0x1c /opt/st/stm32cubeide_1.19.0/plugins/com.st.stm32cube.ide.mcu.externaltools.gnu-tools-for-stm32.13.3.rel1.linux64_1.0.0.202410170706/tools/bin/../lib/gcc/arm-none-eabi/13.3.1/../../../../arm-none-eabi/lib/thumb/v7e-m+dp/hard/libc_nano.a(libc_a-memcpy-stub.o)
                0x080101cc                memcpy
 .text._free_r  0x080101e8       0x94 /opt/st/stm32cubeide_1.19.0/plugins/com.st.stm32cube.ide.mcu.externaltools.gnu-tools-for-stm32.13.3.rel1.linux64_1.0.0.202410170706/tools/bin/../lib/gcc/arm-none-eabi/13.3.1/../../../../arm-none-eabi/lib/thumb/v7e-m+dp/hard/libc_nano.a(libc_a-freer.o)
                0x080101e8                _free_r
 .text.sbrk_aligned
                0x0801027c       0x44 /opt/st/stm32cubeide_1.19.0/plugins/com.st.stm32cube.ide.mcu.externaltools.gnu-tools-for-stm32.13.3.rel1.linux64_1.0.0.202410170706/tools/bin/../lib/gcc/arm-none-eabi/13.3.1/../../../../arm-none-eabi/lib/thumb/v7e-m+dp/hard/libc_nano.a(libc_a-mallocr.o)
 .text._malloc_r
                0x080102c0      0x100 /opt/st/stm32cubeide_1.19.0/plugins/com.st.stm32cube.ide.mcu.externaltools.gnu-tools-for-stm32.13.3.rel1.linux64_1.0.0.202410170706/tools/bin/../lib/gcc/arm-none-eabi/13.3.1/../../../../arm-none-eabi/lib/thumb/v7e-m+dp/hard/libc_nano.a(libc_a-mallocr.o)
                0x080102c0                _malloc_r
 .text.__malloc_lock
                0x080103c0        0xc /opt/st/stm32cubeide_1.19.0/plugins/com.st.stm32cube.ide.mcu.externaltools.gnu-tools-for-stm32.13.3.rel1.linux64_1.0.0.202410170706/tools/bin/../lib/gcc/arm-none-eabi/13.3.1/../../../../arm-none-eabi/lib/thumb/v7e-m+dp/hard/libc_nano.a(libc_a-mlock.o)
                0x080103c0                __malloc_lock
 .text.__malloc_unlock
                0x080103cc        0xc /opt/st/stm32cubeide_1.19.0/plugins/com.st.stm32cube.ide.mcu.externaltools.gnu-tools-for-stm32.13.3.rel1.linux64_1.0.0.202410170706/tools/bin/../lib/gcc/arm-none-eabi/13.3.1/../../../../arm-none-eabi/lib/thumb/v7e-m+dp/hard/libc_nano.a(libc_a-mlock.o)
                0x080103cc                __malloc_unlock
 .text.__ssputs_r
                0x080103d8       0xb6 /opt/st/stm32cubeide_1.19.0/plugins/com.st.stm32cube.ide.mcu.externaltools.gnu-tools-for-stm32.13.3.rel1.linux64_1.0.0.202410170706/tools/bin/../lib/gcc/arm-none-eabi/13.3.1/../../../../arm-none-eabi/lib/thumb/v7e-m+dp/hard/libc_nano.a(libc_a-nano-svfprintf.o)
                0x080103d8                __ssputs_r
 *fill*         0x0801048e        0x2 
 .text._svfprintf_r
                0x08010490      0x1f8 /opt/st/stm32cubeide_1.19.0/plugins/com.st.stm32cube.ide.mcu.externaltools.gnu-tools-for-stm32.13.3.rel1.linux64_1.0.0.202410170706/tools/bin/../lib/gcc/arm-none-eabi/13.3.1/../../../../arm-none-eabi/lib/thumb/v7e-m+dp/hard/libc_nano.a(libc_a-nano-svfprintf.o)
                0x08010490                _svfprintf_r
                0x08010490                _svfiprintf_r
 .text._printf_common
                0x08010688       0xda /opt/st/stm32cubeide_1.19.0/plugins/com.st.stm32cube.ide.mcu.externaltools.gnu-tools-for-stm32.13.3.rel1.linux64_1.0.0.202410170706/tools/bin/../lib/gcc/arm-none-eabi/13.3.1/../../../../arm-none-eabi/lib/thumb/v7e-m+dp/hard/libc_nano.a(libc_a-nano-vfprintf_i.o)
                0x08010688                _printf_common
 *fill*         0x08010762        0x2 
 .text._printf_i
                0x08010764      0x23c /opt/st/stm32cubeide_1.19.0/plugins/com.st.stm32cube.ide.mcu.externaltools.gnu-tools-for-stm32.13.3.rel1.linux64_1.0.0.202410170706/tools/bin/../lib/gcc/arm-none-eabi/13.3.1/../../../../arm-none-eabi/lib/thumb/v7e-m+dp/hard/libc_nano.a(libc_a-nano-vfprintf_i.o)
                0x08010764                _printf_i
 .text.memmove  0x080109a0       0x34 /opt/st/stm32cubeide_1.19.0/plugins/com.st.stm32cube.ide.mcu.externaltools.gnu-tools-for-stm32.13.3.rel1.linux64_1.0.0.202410170706/tools/bin/../lib/gcc/arm-none-eabi/13.3.1/../../../../arm-none-eabi/lib/thumb/v7e-m+dp/hard/libc_nano.a(libc_a-memmove.o)
                0x080109a0                memmove
 .text._sbrk_r  0x080109d4       0x20 /opt/st/stm32cubeide_1.19.0/plugins/com.st.stm32cube.ide.mcu.externaltools.gnu-tools-for-stm32.13.3.rel1.linux64_1.0.0.202410170706/tools/bin/../lib/gcc/arm-none-eabi/13.3.1/../../../../arm-none-eabi/lib/thumb/v7e-m+dp/hard/libc_nano.a(libc_a-sbrkr.o)
                0x080109d4                _sbrk_r
 .text._realloc_r
                0x080109f4       0x5c /opt/st/stm32cubeide_1.19.0/plugins/com.st.stm32cube.ide.mcu.externaltools.gnu-tools-for-stm32.13.3.rel1.linux64_1.0.0.202410170706/tools/bin/../lib/gcc/arm-none-eabi/13.3.1/../../../../arm-none-eabi/lib/thumb/v7e-m+dp/hard/libc_nano.a(libc_a-reallocr.o)
                0x080109f4                _realloc_r
 .text._malloc_usable_size_r
                0x08010a50       0x10 /opt/st/stm32cubeide_1.19.0/plugins/com.st.stm32cube.ide.mcu.externaltools.gnu-tools-for-stm32.13.3.rel1.linux64_1.0.0.202410170706/tools/bin/../lib/gcc/arm-none-eabi/13.3.1/../../../../arm-none-eabi/lib/thumb/v7e-m+dp/hard/libc_nano.a(libc_a-msizer.o)
                0x08010a50                _malloc_usable_size_r
 *(.glue_7)
 .glue_7        0x08010a60        0x0 linker stubs
 *(.glue_7t)
 .glue_7t       0x08010a60        0x0 linker stubs
 *(.eh_frame)
 .eh_frame      0x08010a60        0x0 /opt/st/stm32cubeide_1.19.0/plugins/com.st.stm32cube.ide.mcu.externaltools.gnu-tools-for-stm32.13.3.rel1.linux64_1.0.0.202410170706/tools/bin/../lib/gcc/arm-none-eabi/13.3.1/thumb/v7e-m+dp/hard/crtbegin.o
 *(.init)
 .init          0x08010a60        0x4 /opt/st/stm32cubeide_1.19.0/plugins/com.st.stm32cube.ide.mcu.externaltools.gnu-tools-for-stm32.13.3.rel1.linux64_1.0.0.202410170706/tools/bin/../lib/gcc/arm-none-eabi/13.3.1/thumb/v7e-m+dp/hard/crti.o
                0x08010a60                _init
 .init          0x08010a64        0x8 /opt/st/stm32cubeide_1.19.0/plugins/com.st.stm32cube.ide.mcu.externaltools.gnu-tools-for-stm32.13.3.rel1.linux64_1.0.0.202410170706/tools/bin/../lib/gcc/arm-none-eabi/13.3.1/thumb/v7e-m+dp/hard/crtn.o
 *(.fini)
 .fini          0x08010a6c        0x4 /opt/st/stm32cubeide_1.19.0/plugins/com.st.stm32cube.ide.mcu.externaltools.gnu-tools-for-stm32.13.3.rel1.linux64_1.0.0.202410170706/tools/bin/../lib/gcc/arm-none-eabi/13.3.1/thumb/v7e-m+dp/hard/crti.o
                0x08010a6c                _fini
 .fini          0x08010a70        0x8 /opt/st/stm32cubeide_1.19.0/plugins/com.st.stm32cube.ide.mcu.externaltools.gnu-tools-for-stm32.13.3.rel1.linux64_1.0.0.202410170706/tools/bin/../lib/gcc/arm-none-eabi/13.3.1/thumb/v7e-m+dp/hard/crtn.o
                0x08010a78                        . = ALIGN (0x4)
                0x08010a78                        _etext = .

.vfp11_veneer   0x08010a78        0x0
 .vfp11_veneer  0x08010a78        0x0 linker stubs

.v4_bx          0x08010a78        0x0
 .v4_bx         0x08010a78        0x0 linker stubs

.iplt           0x08010a78        0x0
 .iplt          0x08010a78        0x0 /opt/st/stm32cubeide_1.19.0/plugins/com.st.stm32cube.ide.mcu.externaltools.gnu-tools-for-stm32.13.3.rel1.linux64_1.0.0.202410170706/tools/bin/../lib/gcc/arm-none-eabi/13.3.1/thumb/v7e-m+dp/hard/crtbegin.o

.rodata         0x08010a78     0x23d4
                0x08010a78                        . = ALIGN (0x4)
 *(.rodata)
 .rodata        0x08010a78       0xc2 ./Core/Src/GarminLidarLiteV3.o
 *fill*         0x08010b3a        0x2 
 .rodata        0x08010b3c      0xead ./Core/Src/GarminLidarV3_Config.o
 *fill*         0x080119e9        0x3 
 .rodata        0x080119ec      0x33c ./Core/Src/LIS3DH.o
 .rodata        0x08011d28      0xf86 ./Core/Src/LIS3DH_Config.o
 *fill*         0x08012cae        0x2 
 .rodata        0x08012cb0       0x27 ./Core/Src/main.o
 *(.rodata*)
 *fill*         0x08012cd7        0x1 
 .rodata.D1CorePrescTable
                0x08012cd8       0x10 ./Core/Src/system_stm32h7xx.o
                0x08012cd8                D1CorePrescTable
 .rodata.flagBitshiftOffset.0
                0x08012ce8        0x8 ./Drivers/STM32H7xx_HAL_Driver/Src/stm32h7xx_hal_dma.o
 .rodata.UARTPrescTable
                0x08012cf0       0x18 ./Drivers/STM32H7xx_HAL_Driver/Src/stm32h7xx_hal_uart.o
                0x08012cf0                UARTPrescTable
 .rodata.numerator.1
                0x08012d08        0x8 ./Drivers/STM32H7xx_HAL_Driver/Src/stm32h7xx_hal_uart_ex.o
 .rodata.denominator.0
                0x08012d10        0x8 ./Drivers/STM32H7xx_HAL_Driver/Src/stm32h7xx_hal_uart_ex.o
 .rodata._ctype_
                0x08012d18      0x101 /opt/st/stm32cubeide_1.19.0/plugins/com.st.stm32cube.ide.mcu.externaltools.gnu-tools-for-stm32.13.3.rel1.linux64_1.0.0.202410170706/tools/bin/../lib/gcc/arm-none-eabi/13.3.1/../../../../arm-none-eabi/lib/thumb/v7e-m+dp/hard/libc_nano.a(libc_a-ctype_.o)
                0x08012d18                _ctype_
 .rodata._svfprintf_r.str1.1
                0x08012e19       0x33 /opt/st/stm32cubeide_1.19.0/plugins/com.st.stm32cube.ide.mcu.externaltools.gnu-tools-for-stm32.13.3.rel1.linux64_1.0.0.202410170706/tools/bin/../lib/gcc/arm-none-eabi/13.3.1/../../../../arm-none-eabi/lib/thumb/v7e-m+dp/hard/libc_nano.a(libc_a-nano-svfprintf.o)
                                 0x11 (size before relaxing)
 .rodata._printf_i.str1.1
                0x08012e4c       0x22 /opt/st/stm32cubeide_1.19.0/plugins/com.st.stm32cube.ide.mcu.externaltools.gnu-tools-for-stm32.13.3.rel1.linux64_1.0.0.202410170706/tools/bin/../lib/gcc/arm-none-eabi/13.3.1/../../../../arm-none-eabi/lib/thumb/v7e-m+dp/hard/libc_nano.a(libc_a-nano-vfprintf_i.o)
                0x08012e70                        . = ALIGN (0x4)

.ARM.extab
 *(.ARM.extab* .gnu.linkonce.armextab.*)

.ARM            0x08012e4c        0x8
                0x08012e4c                        __exidx_start = .
 *(.ARM.exidx*)
 .ARM.exidx     0x08012e4c        0x8 /opt/st/stm32cubeide_1.19.0/plugins/com.st.stm32cube.ide.mcu.externaltools.gnu-tools-for-stm32.13.3.rel1.linux64_1.0.0.202410170706/tools/bin/../lib/gcc/arm-none-eabi/13.3.1/../../../../arm-none-eabi/lib/thumb/v7e-m+dp/hard/libc_nano.a(libc_a-strcmp.o)
 .ARM.exidx     0x08012e54        0x0 /opt/st/stm32cubeide_1.19.0/plugins/com.st.stm32cube.ide.mcu.externaltools.gnu-tools-for-stm32.13.3.rel1.linux64_1.0.0.202410170706/tools/bin/../lib/gcc/arm-none-eabi/13.3.1/../../../../arm-none-eabi/lib/thumb/v7e-m+dp/hard/libc_nano.a(libc_a-strlen.o)
                                  0x8 (size before relaxing)
 .ARM.exidx     0x08012e54        0x0 /opt/st/stm32cubeide_1.19.0/plugins/com.st.stm32cube.ide.mcu.externaltools.gnu-tools-for-stm32.13.3.rel1.linux64_1.0.0.202410170706/tools/bin/../lib/gcc/arm-none-eabi/13.3.1/../../../../arm-none-eabi/lib/thumb/v7e-m+dp/hard/libc_nano.a(libc_a-memchr.o)
                                  0x8 (size before relaxing)
 .ARM.exidx     0x08012e54        0x0 /opt/st/stm32cubeide_1.19.0/plugins/com.st.stm32cube.ide.mcu.externaltools.gnu-tools-for-stm32.13.3.rel1.linux64_1.0.0.202410170706/tools/bin/../lib/gcc/arm-none-eabi/13.3.1/thumb/v7e-m+dp/hard/libgcc.a(_udivmoddi4.o)
                                  0x8 (size before relaxing)
                0x08012e54                        __exidx_end = .

.preinit_array  0x08012e54        0x0
                0x08012e54                        PROVIDE (__preinit_array_start = .)
 *(.preinit_array*)
                0x08012e54                        PROVIDE (__preinit_array_end = .)

.init_array     0x08012e54        0x4
                0x08012e54                        PROVIDE (__init_array_start = .)
 *(SORT_BY_NAME(.init_array.*))
 *(.init_array*)
 .init_array    0x08012e54        0x4 /opt/st/stm32cubeide_1.19.0/plugins/com.st.stm32cube.ide.mcu.externaltools.gnu-tools-for-stm32.13.3.rel1.linux64_1.0.0.202410170706/tools/bin/../lib/gcc/arm-none-eabi/13.3.1/thumb/v7e-m+dp/hard/crtbegin.o
                0x08012e58                        PROVIDE (__init_array_end = .)

.fini_array     0x08012e58        0x4
                [!provide]                        PROVIDE (__fini_array_start = .)
 *(SORT_BY_NAME(.fini_array.*))
 *(.fini_array*)
 .fini_array    0x08012e58        0x4 /opt/st/stm32cubeide_1.19.0/plugins/com.st.stm32cube.ide.mcu.externaltools.gnu-tools-for-stm32.13.3.rel1.linux64_1.0.0.202410170706/tools/bin/../lib/gcc/arm-none-eabi/13.3.1/thumb/v7e-m+dp/hard/crtbegin.o
                [!provide]                        PROVIDE (__fini_array_end = .)
                0x08012e5c                        _sidata = LOADADDR (.data)

.rel.dyn        0x08012e5c        0x0
 .rel.iplt      0x08012e5c        0x0 /opt/st/stm32cubeide_1.19.0/plugins/com.st.stm32cube.ide.mcu.externaltools.gnu-tools-for-stm32.13.3.rel1.linux64_1.0.0.202410170706/tools/bin/../lib/gcc/arm-none-eabi/13.3.1/thumb/v7e-m+dp/hard/crtbegin.o

.data           0x24000000       0x84 load address 0x08012e5c
                0x24000000                        . = ALIGN (0x4)
                0x24000000                        _sdata = .
 *(.data)
 *(.data*)
 .data.currentCommState
                0x24000000        0x1 ./Core/Src/main.o
                0x24000000                currentCommState
 *fill*         0x24000001        0x3 
 .data.Tset     0x24000004       0x14 ./Core/Src/main.o
                0x24000004                Tset
 .data.acq_cmd_param
                0x24000018        0x1 ./Core/Src/main.o
                0x24000018                acq_cmd_param
 *fill*         0x24000019        0x3 
 .data.tx_addr  0x2400001c        0x5 ./Core/Src/main.o
                0x2400001c                tx_addr
 *fill*         0x24000021        0x3 
 .data.SystemCoreClock
                0x24000024        0x4 ./Core/Src/system_stm32h7xx.o
                0x24000024                SystemCoreClock
 .data.SystemD2Clock
                0x24000028        0x4 ./Core/Src/system_stm32h7xx.o
                0x24000028                SystemD2Clock
 .data.uwTickPrio
                0x2400002c        0x4 ./Drivers/STM32H7xx_HAL_Driver/Src/stm32h7xx_hal.o
                0x2400002c                uwTickPrio
 .data.uwTickFreq
                0x24000030        0x1 ./Drivers/STM32H7xx_HAL_Driver/Src/stm32h7xx_hal.o
                0x24000030                uwTickFreq
 *fill*         0x24000031        0x3 
 .data._impure_ptr
                0x24000034        0x4 /opt/st/stm32cubeide_1.19.0/plugins/com.st.stm32cube.ide.mcu.externaltools.gnu-tools-for-stm32.13.3.rel1.linux64_1.0.0.202410170706/tools/bin/../lib/gcc/arm-none-eabi/13.3.1/../../../../arm-none-eabi/lib/thumb/v7e-m+dp/hard/libc_nano.a(libc_a-impure.o)
                0x24000034                _impure_ptr
 .data._impure_data
                0x24000038       0x4c /opt/st/stm32cubeide_1.19.0/plugins/com.st.stm32cube.ide.mcu.externaltools.gnu-tools-for-stm32.13.3.rel1.linux64_1.0.0.202410170706/tools/bin/../lib/gcc/arm-none-eabi/13.3.1/../../../../arm-none-eabi/lib/thumb/v7e-m+dp/hard/libc_nano.a(libc_a-impure.o)
                0x24000038                _impure_data
 *(.RamFunc)
 *(.RamFunc*)
                0x24000084                        . = ALIGN (0x4)
                0x24000084                        _edata = .

.igot.plt       0x24000084        0x0 load address 0x08012ee0
 .igot.plt      0x24000084        0x0 /opt/st/stm32cubeide_1.19.0/plugins/com.st.stm32cube.ide.mcu.externaltools.gnu-tools-for-stm32.13.3.rel1.linux64_1.0.0.202410170706/tools/bin/../lib/gcc/arm-none-eabi/13.3.1/thumb/v7e-m+dp/hard/crtbegin.o
                0x24000084                        . = ALIGN (0x4)

.bss            0x24000084      0x5f8 load address 0x08012ee0
                0x24000084                        _sbss = .
                0x24000084                        __bss_start__ = _sbss
 *(.bss)
 .bss           0x24000084       0x1c /opt/st/stm32cubeide_1.19.0/plugins/com.st.stm32cube.ide.mcu.externaltools.gnu-tools-for-stm32.13.3.rel1.linux64_1.0.0.202410170706/tools/bin/../lib/gcc/arm-none-eabi/13.3.1/thumb/v7e-m+dp/hard/crtbegin.o
 *(.bss*)
 .bss.hi2c1     0x240000a0       0x54 ./Core/Src/main.o
                0x240000a0                hi2c1
 .bss.hi2c2     0x240000f4       0x54 ./Core/Src/main.o
                0x240000f4                hi2c2
 .bss.hspi1     0x24000148       0x88 ./Core/Src/main.o
                0x24000148                hspi1
 .bss.htim1     0x240001d0       0x4c ./Core/Src/main.o
                0x240001d0                htim1
 .bss.htim2     0x2400021c       0x4c ./Core/Src/main.o
                0x2400021c                htim2
 .bss.htim3     0x24000268       0x4c ./Core/Src/main.o
                0x24000268                htim3
 .bss.htim7     0x240002b4       0x4c ./Core/Src/main.o
                0x240002b4                htim7
 .bss.htim16    0x24000300       0x4c ./Core/Src/main.o
                0x24000300                htim16
 .bss.htim24    0x2400034c       0x4c ./Core/Src/main.o
                0x2400034c                htim24
 .bss.huart3    0x24000398       0x94 ./Core/Src/main.o
                0x24000398                huart3
 .bss.hdma_usart3_rx
                0x2400042c       0x78 ./Core/Src/main.o
                0x2400042c                hdma_usart3_rx
 .bss.currentState
                0x240004a4        0x1 ./Core/Src/main.o
                0x240004a4                currentState
 .bss.nextState
                0x240004a5        0x1 ./Core/Src/main.o
                0x240004a5                nextState
 *fill*         0x240004a6        0x2 
 .bss.UART3_rxBuffer
                0x240004a8       0x20 ./Core/Src/main.o
                0x240004a8                UART3_rxBuffer
 .bss.Transmit  0x240004c8       0x34 ./Core/Src/main.o
                0x240004c8                Transmit
 .bss.Receive   0x240004fc       0x30 ./Core/Src/main.o
                0x240004fc                Receive
 .bss.__sbrk_heap_end
                0x2400052c        0x4 ./Core/Src/sysmem.o
 .bss.uwTick    0x24000530        0x4 ./Drivers/STM32H7xx_HAL_Driver/Src/stm32h7xx_hal.o
                0x24000530                uwTick
 .bss.__sf      0x24000534      0x138 /opt/st/stm32cubeide_1.19.0/plugins/com.st.stm32cube.ide.mcu.externaltools.gnu-tools-for-stm32.13.3.rel1.linux64_1.0.0.202410170706/tools/bin/../lib/gcc/arm-none-eabi/13.3.1/../../../../arm-none-eabi/lib/thumb/v7e-m+dp/hard/libc_nano.a(libc_a-findfp.o)
                0x24000534                __sf
 .bss.errno     0x2400066c        0x4 /opt/st/stm32cubeide_1.19.0/plugins/com.st.stm32cube.ide.mcu.externaltools.gnu-tools-for-stm32.13.3.rel1.linux64_1.0.0.202410170706/tools/bin/../lib/gcc/arm-none-eabi/13.3.1/../../../../arm-none-eabi/lib/thumb/v7e-m+dp/hard/libc_nano.a(libc_a-reent.o)
                0x2400066c                errno
 .bss.__lock___malloc_recursive_mutex
                0x24000670        0x1 /opt/st/stm32cubeide_1.19.0/plugins/com.st.stm32cube.ide.mcu.externaltools.gnu-tools-for-stm32.13.3.rel1.linux64_1.0.0.202410170706/tools/bin/../lib/gcc/arm-none-eabi/13.3.1/../../../../arm-none-eabi/lib/thumb/v7e-m+dp/hard/libc_nano.a(libc_a-lock.o)
                0x24000670                __lock___malloc_recursive_mutex
 *fill*         0x24000671        0x3 
 .bss.__malloc_sbrk_start
                0x24000674        0x4 /opt/st/stm32cubeide_1.19.0/plugins/com.st.stm32cube.ide.mcu.externaltools.gnu-tools-for-stm32.13.3.rel1.linux64_1.0.0.202410170706/tools/bin/../lib/gcc/arm-none-eabi/13.3.1/../../../../arm-none-eabi/lib/thumb/v7e-m+dp/hard/libc_nano.a(libc_a-mallocr.o)
                0x24000674                __malloc_sbrk_start
 .bss.__malloc_free_list
                0x24000678        0x4 /opt/st/stm32cubeide_1.19.0/plugins/com.st.stm32cube.ide.mcu.externaltools.gnu-tools-for-stm32.13.3.rel1.linux64_1.0.0.202410170706/tools/bin/../lib/gcc/arm-none-eabi/13.3.1/../../../../arm-none-eabi/lib/thumb/v7e-m+dp/hard/libc_nano.a(libc_a-mallocr.o)
                0x24000678                __malloc_free_list
 *(COMMON)
                0x2400067c                        . = ALIGN (0x4)
                0x2400067c                        _ebss = .
                0x2400067c                        __bss_end__ = _ebss

._user_heap_stack
                0x2400067c      0x604 load address 0x08012ee0
                0x24000680                        . = ALIGN (0x8)
 *fill*         0x2400067c        0x4 
                [!provide]                        PROVIDE (end = .)
                0x24000680                        PROVIDE (_end = .)
                0x24000880                        . = (. + _Min_Heap_Size)
 *fill*         0x24000680      0x200 
                0x24000c80                        . = (. + _Min_Stack_Size)
 *fill*         0x24000880      0x400 
                0x24000c80                        . = ALIGN (0x8)

/DISCARD/
 libc.a(*)
 libm.a(*)
 libgcc.a(*)

.ARM.attributes
                0x00000000       0x2e
 *(.ARM.attributes)
 .ARM.attributes
                0x00000000       0x20 /opt/st/stm32cubeide_1.19.0/plugins/com.st.stm32cube.ide.mcu.externaltools.gnu-tools-for-stm32.13.3.rel1.linux64_1.0.0.202410170706/tools/bin/../lib/gcc/arm-none-eabi/13.3.1/thumb/v7e-m+dp/hard/crti.o
 .ARM.attributes
                0x00000020       0x32 /opt/st/stm32cubeide_1.19.0/plugins/com.st.stm32cube.ide.mcu.externaltools.gnu-tools-for-stm32.13.3.rel1.linux64_1.0.0.202410170706/tools/bin/../lib/gcc/arm-none-eabi/13.3.1/thumb/v7e-m+dp/hard/crtbegin.o
 .ARM.attributes
                0x00000052       0x32 ./Core/Src/GarminLidarLiteV3.o
 .ARM.attributes
                0x00000084       0x32 ./Core/Src/GarminLidarV3_Config.o
 .ARM.attributes
                0x000000b6       0x32 ./Core/Src/LIS3DH.o
 .ARM.attributes
                0x000000e8       0x32 ./Core/Src/LIS3DH_Config.o
 .ARM.attributes
                0x0000011a       0x32 ./Core/Src/NRF24.o
 .ARM.attributes
                0x0000014c       0x32 ./Core/Src/commandReader.o
 .ARM.attributes
                0x0000017e       0x32 ./Core/Src/delay.o
 .ARM.attributes
                0x000001b0       0x32 ./Core/Src/main.o
 .ARM.attributes
                0x000001e2       0x32 ./Core/Src/stm32h7xx_hal_msp.o
 .ARM.attributes
                0x00000214       0x32 ./Core/Src/stm32h7xx_it.o
 .ARM.attributes
                0x00000246       0x32 ./Core/Src/sysmem.o
 .ARM.attributes
                0x00000278       0x32 ./Core/Src/system_stm32h7xx.o
 .ARM.attributes
                0x000002aa       0x21 ./Core/Startup/startup_stm32h723zgtx.o
 .ARM.attributes
                0x000002cb       0x32 ./Drivers/STM32H7xx_HAL_Driver/Src/stm32h7xx_hal.o
 .ARM.attributes
                0x000002fd       0x32 ./Drivers/STM32H7xx_HAL_Driver/Src/stm32h7xx_hal_cortex.o
 .ARM.attributes
                0x0000032f       0x32 ./Drivers/STM32H7xx_HAL_Driver/Src/stm32h7xx_hal_dma.o
 .ARM.attributes
                0x00000361       0x32 ./Drivers/STM32H7xx_HAL_Driver/Src/stm32h7xx_hal_gpio.o
 .ARM.attributes
                0x00000393       0x32 ./Drivers/STM32H7xx_HAL_Driver/Src/stm32h7xx_hal_i2c.o
 .ARM.attributes
                0x000003c5       0x32 ./Drivers/STM32H7xx_HAL_Driver/Src/stm32h7xx_hal_i2c_ex.o
 .ARM.attributes
                0x000003f7       0x32 ./Drivers/STM32H7xx_HAL_Driver/Src/stm32h7xx_hal_pwr_ex.o
 .ARM.attributes
                0x00000429       0x32 ./Drivers/STM32H7xx_HAL_Driver/Src/stm32h7xx_hal_rcc.o
 .ARM.attributes
                0x0000045b       0x32 ./Drivers/STM32H7xx_HAL_Driver/Src/stm32h7xx_hal_rcc_ex.o
 .ARM.attributes
                0x0000048d       0x32 ./Drivers/STM32H7xx_HAL_Driver/Src/stm32h7xx_hal_spi.o
 .ARM.attributes
                0x000004bf       0x32 ./Drivers/STM32H7xx_HAL_Driver/Src/stm32h7xx_hal_tim.o
 .ARM.attributes
                0x000004f1       0x32 ./Drivers/STM32H7xx_HAL_Driver/Src/stm32h7xx_hal_tim_ex.o
 .ARM.attributes
                0x00000523       0x32 ./Drivers/STM32H7xx_HAL_Driver/Src/stm32h7xx_hal_uart.o
 .ARM.attributes
                0x00000555       0x32 ./Drivers/STM32H7xx_HAL_Driver/Src/stm32h7xx_hal_uart_ex.o
 .ARM.attributes
                0x00000587       0x32 /opt/st/stm32cubeide_1.19.0/plugins/com.st.stm32cube.ide.mcu.externaltools.gnu-tools-for-stm32.13.3.rel1.linux64_1.0.0.202410170706/tools/bin/../lib/gcc/arm-none-eabi/13.3.1/../../../../arm-none-eabi/lib/thumb/v7e-m+dp/hard/libc_nano.a(libc_a-atoi.o)
 .ARM.attributes
                0x000005b9       0x32 /opt/st/stm32cubeide_1.19.0/plugins/com.st.stm32cube.ide.mcu.externaltools.gnu-tools-for-stm32.13.3.rel1.linux64_1.0.0.202410170706/tools/bin/../lib/gcc/arm-none-eabi/13.3.1/../../../../arm-none-eabi/lib/thumb/v7e-m+dp/hard/libc_nano.a(libc_a-strtol.o)
 .ARM.attributes
                0x000005eb       0x32 /opt/st/stm32cubeide_1.19.0/plugins/com.st.stm32cube.ide.mcu.externaltools.gnu-tools-for-stm32.13.3.rel1.linux64_1.0.0.202410170706/tools/bin/../lib/gcc/arm-none-eabi/13.3.1/../../../../arm-none-eabi/lib/thumb/v7e-m+dp/hard/libc_nano.a(libc_a-ctype_.o)
 .ARM.attributes
                0x0000061d       0x32 /opt/st/stm32cubeide_1.19.0/plugins/com.st.stm32cube.ide.mcu.externaltools.gnu-tools-for-stm32.13.3.rel1.linux64_1.0.0.202410170706/tools/bin/../lib/gcc/arm-none-eabi/13.3.1/../../../../arm-none-eabi/lib/thumb/v7e-m+dp/hard/libc_nano.a(libc_a-findfp.o)
 .ARM.attributes
                0x0000064f       0x32 /opt/st/stm32cubeide_1.19.0/plugins/com.st.stm32cube.ide.mcu.externaltools.gnu-tools-for-stm32.13.3.rel1.linux64_1.0.0.202410170706/tools/bin/../lib/gcc/arm-none-eabi/13.3.1/../../../../arm-none-eabi/lib/thumb/v7e-m+dp/hard/libc_nano.a(libc_a-snprintf.o)
 .ARM.attributes
                0x00000681       0x32 /opt/st/stm32cubeide_1.19.0/plugins/com.st.stm32cube.ide.mcu.externaltools.gnu-tools-for-stm32.13.3.rel1.linux64_1.0.0.202410170706/tools/bin/../lib/gcc/arm-none-eabi/13.3.1/../../../../arm-none-eabi/lib/thumb/v7e-m+dp/hard/libc_nano.a(libc_a-memset.o)
 .ARM.attributes
                0x000006b3       0x32 /opt/st/stm32cubeide_1.19.0/plugins/com.st.stm32cube.ide.mcu.externaltools.gnu-tools-for-stm32.13.3.rel1.linux64_1.0.0.202410170706/tools/bin/../lib/gcc/arm-none-eabi/13.3.1/../../../../arm-none-eabi/lib/thumb/v7e-m+dp/hard/libc_nano.a(libc_a-strncpy.o)
 .ARM.attributes
                0x000006e5       0x32 /opt/st/stm32cubeide_1.19.0/plugins/com.st.stm32cube.ide.mcu.externaltools.gnu-tools-for-stm32.13.3.rel1.linux64_1.0.0.202410170706/tools/bin/../lib/gcc/arm-none-eabi/13.3.1/../../../../arm-none-eabi/lib/thumb/v7e-m+dp/hard/libc_nano.a(libc_a-reent.o)
 .ARM.attributes
                0x00000717       0x32 /opt/st/stm32cubeide_1.19.0/plugins/com.st.stm32cube.ide.mcu.externaltools.gnu-tools-for-stm32.13.3.rel1.linux64_1.0.0.202410170706/tools/bin/../lib/gcc/arm-none-eabi/13.3.1/../../../../arm-none-eabi/lib/thumb/v7e-m+dp/hard/libc_nano.a(libc_a-impure.o)
 .ARM.attributes
                0x00000749       0x32 /opt/st/stm32cubeide_1.19.0/plugins/com.st.stm32cube.ide.mcu.externaltools.gnu-tools-for-stm32.13.3.rel1.linux64_1.0.0.202410170706/tools/bin/../lib/gcc/arm-none-eabi/13.3.1/../../../../arm-none-eabi/lib/thumb/v7e-m+dp/hard/libc_nano.a(libc_a-errno.o)
 .ARM.attributes
                0x0000077b       0x32 /opt/st/stm32cubeide_1.19.0/plugins/com.st.stm32cube.ide.mcu.externaltools.gnu-tools-for-stm32.13.3.rel1.linux64_1.0.0.202410170706/tools/bin/../lib/gcc/arm-none-eabi/13.3.1/../../../../arm-none-eabi/lib/thumb/v7e-m+dp/hard/libc_nano.a(libc_a-init.o)
 .ARM.attributes
                0x000007ad       0x32 /opt/st/stm32cubeide_1.19.0/plugins/com.st.stm32cube.ide.mcu.externaltools.gnu-tools-for-stm32.13.3.rel1.linux64_1.0.0.202410170706/tools/bin/../lib/gcc/arm-none-eabi/13.3.1/../../../../arm-none-eabi/lib/thumb/v7e-m+dp/hard/libc_nano.a(libc_a-lock.o)
 .ARM.attributes
                0x000007df       0x1e /opt/st/stm32cubeide_1.19.0/plugins/com.st.stm32cube.ide.mcu.externaltools.gnu-tools-for-stm32.13.3.rel1.linux64_1.0.0.202410170706/tools/bin/../lib/gcc/arm-none-eabi/13.3.1/../../../../arm-none-eabi/lib/thumb/v7e-m+dp/hard/libc_nano.a(libc_a-strcmp.o)
 .ARM.attributes
                0x000007fd       0x32 /opt/st/stm32cubeide_1.19.0/plugins/com.st.stm32cube.ide.mcu.externaltools.gnu-tools-for-stm32.13.3.rel1.linux64_1.0.0.202410170706/tools/bin/../lib/gcc/arm-none-eabi/13.3.1/../../../../arm-none-eabi/lib/thumb/v7e-m+dp/hard/libc_nano.a(libc_a-memcpy-stub.o)
 .ARM.attributes
                0x0000082f       0x17 /opt/st/stm32cubeide_1.19.0/plugins/com.st.stm32cube.ide.mcu.externaltools.gnu-tools-for-stm32.13.3.rel1.linux64_1.0.0.202410170706/tools/bin/../lib/gcc/arm-none-eabi/13.3.1/../../../../arm-none-eabi/lib/thumb/v7e-m+dp/hard/libc_nano.a(libc_a-strlen.o)
 .ARM.attributes
                0x00000846       0x32 /opt/st/stm32cubeide_1.19.0/plugins/com.st.stm32cube.ide.mcu.externaltools.gnu-tools-for-stm32.13.3.rel1.linux64_1.0.0.202410170706/tools/bin/../lib/gcc/arm-none-eabi/13.3.1/../../../../arm-none-eabi/lib/thumb/v7e-m+dp/hard/libc_nano.a(libc_a-freer.o)
 .ARM.attributes
                0x00000878       0x32 /opt/st/stm32cubeide_1.19.0/plugins/com.st.stm32cube.ide.mcu.externaltools.gnu-tools-for-stm32.13.3.rel1.linux64_1.0.0.202410170706/tools/bin/../lib/gcc/arm-none-eabi/13.3.1/../../../../arm-none-eabi/lib/thumb/v7e-m+dp/hard/libc_nano.a(libc_a-mallocr.o)
 .ARM.attributes
                0x000008aa       0x32 /opt/st/stm32cubeide_1.19.0/plugins/com.st.stm32cube.ide.mcu.externaltools.gnu-tools-for-stm32.13.3.rel1.linux64_1.0.0.202410170706/tools/bin/../lib/gcc/arm-none-eabi/13.3.1/../../../../arm-none-eabi/lib/thumb/v7e-m+dp/hard/libc_nano.a(libc_a-mlock.o)
 .ARM.attributes
                0x000008dc       0x32 /opt/st/stm32cubeide_1.19.0/plugins/com.st.stm32cube.ide.mcu.externaltools.gnu-tools-for-stm32.13.3.rel1.linux64_1.0.0.202410170706/tools/bin/../lib/gcc/arm-none-eabi/13.3.1/../../../../arm-none-eabi/lib/thumb/v7e-m+dp/hard/libc_nano.a(libc_a-nano-svfprintf.o)
 .ARM.attributes
                0x0000090e       0x32 /opt/st/stm32cubeide_1.19.0/plugins/com.st.stm32cube.ide.mcu.externaltools.gnu-tools-for-stm32.13.3.rel1.linux64_1.0.0.202410170706/tools/bin/../lib/gcc/arm-none-eabi/13.3.1/../../../../arm-none-eabi/lib/thumb/v7e-m+dp/hard/libc_nano.a(libc_a-nano-vfprintf_i.o)
 .ARM.attributes
                0x00000940       0x32 /opt/st/stm32cubeide_1.19.0/plugins/com.st.stm32cube.ide.mcu.externaltools.gnu-tools-for-stm32.13.3.rel1.linux64_1.0.0.202410170706/tools/bin/../lib/gcc/arm-none-eabi/13.3.1/../../../../arm-none-eabi/lib/thumb/v7e-m+dp/hard/libc_nano.a(libc_a-memmove.o)
 .ARM.attributes
                0x00000972       0x32 /opt/st/stm32cubeide_1.19.0/plugins/com.st.stm32cube.ide.mcu.externaltools.gnu-tools-for-stm32.13.3.rel1.linux64_1.0.0.202410170706/tools/bin/../lib/gcc/arm-none-eabi/13.3.1/../../../../arm-none-eabi/lib/thumb/v7e-m+dp/hard/libc_nano.a(libc_a-sbrkr.o)
 .ARM.attributes
                0x000009a4       0x1c /opt/st/stm32cubeide_1.19.0/plugins/com.st.stm32cube.ide.mcu.externaltools.gnu-tools-for-stm32.13.3.rel1.linux64_1.0.0.202410170706/tools/bin/../lib/gcc/arm-none-eabi/13.3.1/../../../../arm-none-eabi/lib/thumb/v7e-m+dp/hard/libc_nano.a(libc_a-memchr.o)
 .ARM.attributes
                0x000009c0       0x32 /opt/st/stm32cubeide_1.19.0/plugins/com.st.stm32cube.ide.mcu.externaltools.gnu-tools-for-stm32.13.3.rel1.linux64_1.0.0.202410170706/tools/bin/../lib/gcc/arm-none-eabi/13.3.1/../../../../arm-none-eabi/lib/thumb/v7e-m+dp/hard/libc_nano.a(libc_a-reallocr.o)
 .ARM.attributes
                0x000009f2       0x32 /opt/st/stm32cubeide_1.19.0/plugins/com.st.stm32cube.ide.mcu.externaltools.gnu-tools-for-stm32.13.3.rel1.linux64_1.0.0.202410170706/tools/bin/../lib/gcc/arm-none-eabi/13.3.1/../../../../arm-none-eabi/lib/thumb/v7e-m+dp/hard/libc_nano.a(libc_a-msizer.o)
 .ARM.attributes
                0x00000a24       0x20 /opt/st/stm32cubeide_1.19.0/plugins/com.st.stm32cube.ide.mcu.externaltools.gnu-tools-for-stm32.13.3.rel1.linux64_1.0.0.202410170706/tools/bin/../lib/gcc/arm-none-eabi/13.3.1/thumb/v7e-m+dp/hard/libgcc.a(_aeabi_uldivmod.o)
 .ARM.attributes
                0x00000a44       0x32 /opt/st/stm32cubeide_1.19.0/plugins/com.st.stm32cube.ide.mcu.externaltools.gnu-tools-for-stm32.13.3.rel1.linux64_1.0.0.202410170706/tools/bin/../lib/gcc/arm-none-eabi/13.3.1/thumb/v7e-m+dp/hard/libgcc.a(_udivmoddi4.o)
 .ARM.attributes
                0x00000a76       0x20 /opt/st/stm32cubeide_1.19.0/plugins/com.st.stm32cube.ide.mcu.externaltools.gnu-tools-for-stm32.13.3.rel1.linux64_1.0.0.202410170706/tools/bin/../lib/gcc/arm-none-eabi/13.3.1/thumb/v7e-m+dp/hard/libgcc.a(_dvmd_tls.o)
 .ARM.attributes
                0x00000a96       0x20 /opt/st/stm32cubeide_1.19.0/plugins/com.st.stm32cube.ide.mcu.externaltools.gnu-tools-for-stm32.13.3.rel1.linux64_1.0.0.202410170706/tools/bin/../lib/gcc/arm-none-eabi/13.3.1/thumb/v7e-m+dp/hard/crtn.o
OUTPUT(rc_car_integrated_II.elf elf32-littlearm)
LOAD linker stubs
LOAD /opt/st/stm32cubeide_1.19.0/plugins/com.st.stm32cube.ide.mcu.externaltools.gnu-tools-for-stm32.13.3.rel1.linux64_1.0.0.202410170706/tools/bin/../lib/gcc/arm-none-eabi/13.3.1/../../../../arm-none-eabi/lib/thumb/v7e-m+dp/hard/libc.a
LOAD /opt/st/stm32cubeide_1.19.0/plugins/com.st.stm32cube.ide.mcu.externaltools.gnu-tools-for-stm32.13.3.rel1.linux64_1.0.0.202410170706/tools/bin/../lib/gcc/arm-none-eabi/13.3.1/../../../../arm-none-eabi/lib/thumb/v7e-m+dp/hard/libm.a
LOAD /opt/st/stm32cubeide_1.19.0/plugins/com.st.stm32cube.ide.mcu.externaltools.gnu-tools-for-stm32.13.3.rel1.linux64_1.0.0.202410170706/tools/bin/../lib/gcc/arm-none-eabi/13.3.1/thumb/v7e-m+dp/hard/libgcc.a

.debug_info     0x00000000    0x2239b
 .debug_info    0x00000000      0xf7b ./Core/Src/GarminLidarLiteV3.o
 .debug_info    0x00000f7b     0x12dc ./Core/Src/GarminLidarV3_Config.o
 .debug_info    0x00002257     0x15c7 ./Core/Src/LIS3DH.o
 .debug_info    0x0000381e     0x15fa ./Core/Src/LIS3DH_Config.o
 .debug_info    0x00004e18     0x12d2 ./Core/Src/NRF24.o
 .debug_info    0x000060ea      0x14e ./Core/Src/commandReader.o
 .debug_info    0x00006238      0x806 ./Core/Src/delay.o
 .debug_info    0x00006a3e     0x2da8 ./Core/Src/main.o
 .debug_info    0x000097e6     0x217b ./Core/Src/stm32h7xx_hal_msp.o
 .debug_info    0x0000b961      0xc4b ./Core/Src/stm32h7xx_it.o
 .debug_info    0x0000c5ac      0x168 ./Core/Src/sysmem.o
 .debug_info    0x0000c714      0xbf0 ./Core/Src/system_stm32h7xx.o
 .debug_info    0x0000d304       0x30 ./Core/Startup/startup_stm32h723zgtx.o
 .debug_info    0x0000d334     0x1698 ./Drivers/STM32H7xx_HAL_Driver/Src/stm32h7xx_hal.o
 .debug_info    0x0000e9cc     0x10a5 ./Drivers/STM32H7xx_HAL_Driver/Src/stm32h7xx_hal_cortex.o
 .debug_info    0x0000fa71      0xb71 ./Drivers/STM32H7xx_HAL_Driver/Src/stm32h7xx_hal_dma.o
 .debug_info    0x000105e2      0xc6b ./Drivers/STM32H7xx_HAL_Driver/Src/stm32h7xx_hal_gpio.o
 .debug_info    0x0001124d     0x22c9 ./Drivers/STM32H7xx_HAL_Driver/Src/stm32h7xx_hal_i2c.o
 .debug_info    0x00013516      0xd95 ./Drivers/STM32H7xx_HAL_Driver/Src/stm32h7xx_hal_i2c_ex.o
 .debug_info    0x000142ab      0xdce ./Drivers/STM32H7xx_HAL_Driver/Src/stm32h7xx_hal_pwr_ex.o
 .debug_info    0x00015079      0xd82 ./Drivers/STM32H7xx_HAL_Driver/Src/stm32h7xx_hal_rcc.o
 .debug_info    0x00015dfb     0x120b ./Drivers/STM32H7xx_HAL_Driver/Src/stm32h7xx_hal_rcc_ex.o
 .debug_info    0x00017006     0x144a ./Drivers/STM32H7xx_HAL_Driver/Src/stm32h7xx_hal_spi.o
 .debug_info    0x00018450     0x2bae ./Drivers/STM32H7xx_HAL_Driver/Src/stm32h7xx_hal_tim.o
 .debug_info    0x0001affe     0x18c1 ./Drivers/STM32H7xx_HAL_Driver/Src/stm32h7xx_hal_tim_ex.o
 .debug_info    0x0001c8bf     0x4b1d ./Drivers/STM32H7xx_HAL_Driver/Src/stm32h7xx_hal_uart.o
 .debug_info    0x000213dc      0xfbf ./Drivers/STM32H7xx_HAL_Driver/Src/stm32h7xx_hal_uart_ex.o

.debug_abbrev   0x00000000     0x3cc8
 .debug_abbrev  0x00000000      0x215 ./Core/Src/GarminLidarLiteV3.o
 .debug_abbrev  0x00000215      0x27e ./Core/Src/GarminLidarV3_Config.o
 .debug_abbrev  0x00000493      0x2bb ./Core/Src/LIS3DH.o
 .debug_abbrev  0x0000074e      0x296 ./Core/Src/LIS3DH_Config.o
 .debug_abbrev  0x000009e4      0x318 ./Core/Src/NRF24.o
 .debug_abbrev  0x00000cfc       0x9e ./Core/Src/commandReader.o
 .debug_abbrev  0x00000d9a      0x1a3 ./Core/Src/delay.o
 .debug_abbrev  0x00000f3d      0x34b ./Core/Src/main.o
 .debug_abbrev  0x00001288      0x283 ./Core/Src/stm32h7xx_hal_msp.o
 .debug_abbrev  0x0000150b      0x199 ./Core/Src/stm32h7xx_it.o
 .debug_abbrev  0x000016a4       0xbc ./Core/Src/sysmem.o
 .debug_abbrev  0x00001760      0x153 ./Core/Src/system_stm32h7xx.o
 .debug_abbrev  0x000018b3       0x24 ./Core/Startup/startup_stm32h723zgtx.o
 .debug_abbrev  0x000018d7      0x29e ./Drivers/STM32H7xx_HAL_Driver/Src/stm32h7xx_hal.o
 .debug_abbrev  0x00001b75      0x339 ./Drivers/STM32H7xx_HAL_Driver/Src/stm32h7xx_hal_cortex.o
 .debug_abbrev  0x00001eae      0x248 ./Drivers/STM32H7xx_HAL_Driver/Src/stm32h7xx_hal_dma.o
 .debug_abbrev  0x000020f6      0x205 ./Drivers/STM32H7xx_HAL_Driver/Src/stm32h7xx_hal_gpio.o
 .debug_abbrev  0x000022fb      0x25d ./Drivers/STM32H7xx_HAL_Driver/Src/stm32h7xx_hal_i2c.o
 .debug_abbrev  0x00002558      0x1f5 ./Drivers/STM32H7xx_HAL_Driver/Src/stm32h7xx_hal_i2c_ex.o
 .debug_abbrev  0x0000274d      0x295 ./Drivers/STM32H7xx_HAL_Driver/Src/stm32h7xx_hal_pwr_ex.o
 .debug_abbrev  0x000029e2      0x2b1 ./Drivers/STM32H7xx_HAL_Driver/Src/stm32h7xx_hal_rcc.o
 .debug_abbrev  0x00002c93      0x269 ./Drivers/STM32H7xx_HAL_Driver/Src/stm32h7xx_hal_rcc_ex.o
 .debug_abbrev  0x00002efc      0x2b1 ./Drivers/STM32H7xx_HAL_Driver/Src/stm32h7xx_hal_spi.o
 .debug_abbrev  0x000031ad      0x276 ./Drivers/STM32H7xx_HAL_Driver/Src/stm32h7xx_hal_tim.o
 .debug_abbrev  0x00003423      0x296 ./Drivers/STM32H7xx_HAL_Driver/Src/stm32h7xx_hal_tim_ex.o
 .debug_abbrev  0x000036b9      0x33d ./Drivers/STM32H7xx_HAL_Driver/Src/stm32h7xx_hal_uart.o
 .debug_abbrev  0x000039f6      0x2d2 ./Drivers/STM32H7xx_HAL_Driver/Src/stm32h7xx_hal_uart_ex.o

.debug_aranges  0x00000000     0x1ba8
 .debug_aranges