Archive member included to satisfy reference by file (symbol)

/opt/st/stm32cubeide_1.19.0/plugins/com.st.stm32cube.ide.mcu.externaltools.gnu-tools-for-stm32.13.3.rel1.linux64_1.0.0.202410170706/tools/bin/../lib/gcc/arm-none-eabi/13.3.1/../../../../arm-none-eabi/lib/thumb/v7e-m+dp/hard/libc_nano.a(libc_a-atoi.o)
                              ./Core/Src/main.o (atoi)
/opt/st/stm32cubeide_1.19.0/plugins/com.st.stm32cube.ide.mcu.externaltools.gnu-tools-for-stm32.13.3.rel1.linux64_1.0.0.202410170706/tools/bin/../lib/gcc/arm-none-eabi/13.3.1/../../../../arm-none-eabi/lib/thumb/v7e-m+dp/hard/libc_nano.a(libc_a-exit.o)
                              /opt/st/stm32cubeide_1.19.0/plugins/com.st.stm32cube.ide.mcu.externaltools.gnu-tools-for-stm32.13.3.rel1.linux64_1.0.0.202410170706/tools/bin/../lib/gcc/arm-none-eabi/13.3.1/../../../../arm-none-eabi/lib/thumb/v7e-m+dp/hard/crt0.o (exit)
/opt/st/stm32cubeide_1.19.0/plugins/com.st.stm32cube.ide.mcu.externaltools.gnu-tools-for-stm32.13.3.rel1.linux64_1.0.0.202410170706/tools/bin/../lib/gcc/arm-none-eabi/13.3.1/../../../../arm-none-eabi/lib/thumb/v7e-m+dp/hard/libc_nano.a(libc_a-strtol.o)
                              /opt/st/stm32cubeide_1.19.0/plugins/com.st.stm32cube.ide.mcu.externaltools.gnu-tools-for-stm32.13.3.rel1.linux64_1.0.0.202410170706/tools/bin/../lib/gcc/arm-none-eabi/13.3.1/../../../../arm-none-eabi/lib/thumb/v7e-m+dp/hard/libc_nano.a(libc_a-atoi.o) (_strtol_r)
/opt/st/stm32cubeide_1.19.0/plugins/com.st.stm32cube.ide.mcu.externaltools.gnu-tools-for-stm32.13.3.rel1.linux64_1.0.0.202410170706/tools/bin/../lib/gcc/arm-none-eabi/13.3.1/../../../../arm-none-eabi/lib/thumb/v7e-m+dp/hard/libc_nano.a(libc_a-ctype_.o)
                              /opt/st/stm32cubeide_1.19.0/plugins/com.st.stm32cube.ide.mcu.externaltools.gnu-tools-for-stm32.13.3.rel1.linux64_1.0.0.202410170706/tools/bin/../lib/gcc/arm-none-eabi/13.3.1/../../../../arm-none-eabi/lib/thumb/v7e-m+dp/hard/libc_nano.a(libc_a-strtol.o) (_ctype_)
/opt/st/stm32cubeide_1.19.0/plugins/com.st.stm32cube.ide.mcu.externaltools.gnu-tools-for-stm32.13.3.rel1.linux64_1.0.0.202410170706/tools/bin/../lib/gcc/arm-none-eabi/13.3.1/../../../../arm-none-eabi/lib/thumb/v7e-m+dp/hard/libc_nano.a(libc_a-findfp.o)
                              /opt/st/stm32cubeide_1.19.0/plugins/com.st.stm32cube.ide.mcu.externaltools.gnu-tools-for-stm32.13.3.rel1.linux64_1.0.0.202410170706/tools/bin/../lib/gcc/arm-none-eabi/13.3.1/../../../../arm-none-eabi/lib/thumb/v7e-m+dp/hard/libc_nano.a(libc_a-exit.o) (__stdio_exit_handler)
/opt/st/stm32cubeide_1.19.0/plugins/com.st.stm32cube.ide.mcu.externaltools.gnu-tools-for-stm32.13.3.rel1.linux64_1.0.0.202410170706/tools/bin/../lib/gcc/arm-none-eabi/13.3.1/../../../../arm-none-eabi/lib/thumb/v7e-m+dp/hard/libc_nano.a(libc_a-fwalk.o)
                              /opt/st/stm32cubeide_1.19.0/plugins/com.st.stm32cube.ide.mcu.externaltools.gnu-tools-for-stm32.13.3.rel1.linux64_1.0.0.202410170706/tools/bin/../lib/gcc/arm-none-eabi/13.3.1/../../../../arm-none-eabi/lib/thumb/v7e-m+dp/hard/libc_nano.a(libc_a-findfp.o) (_fwalk_sglue)
/opt/st/stm32cubeide_1.19.0/plugins/com.st.stm32cube.ide.mcu.externaltools.gnu-tools-for-stm32.13.3.rel1.linux64_1.0.0.202410170706/tools/bin/../lib/gcc/arm-none-eabi/13.3.1/../../../../arm-none-eabi/lib/thumb/v7e-m+dp/hard/libc_nano.a(libc_a-snprintf.o)
                              ./Core/Src/GarminLidarLiteV3.o (snprintf)
/opt/st/stm32cubeide_1.19.0/plugins/com.st.stm32cube.ide.mcu.externaltools.gnu-tools-for-stm32.13.3.rel1.linux64_1.0.0.202410170706/tools/bin/../lib/gcc/arm-none-eabi/13.3.1/../../../../arm-none-eabi/lib/thumb/v7e-m+dp/hard/libc_nano.a(libc_a-stdio.o)
                              /opt/st/stm32cubeide_1.19.0/plugins/com.st.stm32cube.ide.mcu.externaltools.gnu-tools-for-stm32.13.3.rel1.linux64_1.0.0.202410170706/tools/bin/../lib/gcc/arm-none-eabi/13.3.1/../../../../arm-none-eabi/lib/thumb/v7e-m+dp/hard/libc_nano.a(libc_a-findfp.o) (__sread)
/opt/st/stm32cubeide_1.19.0/plugins/com.st.stm32cube.ide.mcu.externaltools.gnu-tools-for-stm32.13.3.rel1.linux64_1.0.0.202410170706/tools/bin/../lib/gcc/arm-none-eabi/13.3.1/../../../../arm-none-eabi/lib/thumb/v7e-m+dp/hard/libc_nano.a(libc_a-memset.o)
                              /opt/st/stm32cubeide_1.19.0/plugins/com.st.stm32cube.ide.mcu.externaltools.gnu-tools-for-stm32.13.3.rel1.linux64_1.0.0.202410170706/tools/bin/../lib/gcc/arm-none-eabi/13.3.1/../../../../arm-none-eabi/lib/thumb/v7e-m+dp/hard/crt0.o (memset)
/opt/st/stm32cubeide_1.19.0/plugins/com.st.stm32cube.ide.mcu.externaltools.gnu-tools-for-stm32.13.3.rel1.linux64_1.0.0.202410170706/tools/bin/../lib/gcc/arm-none-eabi/13.3.1/../../../../arm-none-eabi/lib/thumb/v7e-m+dp/hard/libc_nano.a(libc_a-strncpy.o)
                              ./Core/Src/main.o (strncpy)
[...]
Memory Configuration

Name             Origin             Length             Attributes
ITCMRAM          0x00000000         0x00010000         xrw
DTCMRAM          0x20000000         0x00020000         xrw
FLASH            0x08000000         0x00100000         xr
RAM_D1           0x24000000         0x00050000         xrw
RAM_D2           0x30000000         0x00008000         xrw
RAM_D3           0x38000000         0x00004000         xrw
*default*        0x00000000         0xffffffff

Linker script and memory map

LOAD /opt/st/stm32cubeide_1.19.0/plugins/com.st.stm32cube.ide.mcu.externaltools.gnu-tools-for-stm32.13.3.rel1.linux64_1.0.0.202410170706/tools/bin/../lib/gcc/arm-none-eabi/13.3.1/thumb/v7e-m+dp/hard/crti.o
LOAD /opt/st/stm32cubeide_1.19.0/plugins/com.st.stm32cube.ide.mcu.externaltools.gnu-tools-for-stm32.13.3.rel1.linux64_1.0.0.202410170706/tools/bin/../lib/gcc/arm-none-eabi/13.3.1/thumb/v7e-m+dp/hard/crtbegin.o
LOAD /opt/st/stm32cubeide_1.19.0/plugins/com.st.stm32cube.ide.mcu.externaltools.gnu-tools-for-stm32.13.3.rel1.linux64_1.0.0.202410170706/tools/bin/../lib/gcc/arm-none-eabi/13.3.1/../../../../arm-none-eabi/lib/thumb/v7e-m+dp/hard/crt0.o
LOAD ./Core/Src/GarminLidarLiteV3.o
LOAD ./Core/Src/GarminLidarV3_Config.o
LOAD ./Core/Src/LIS3DH.o
LOAD ./Core/Src/LIS3DH_Config.o
LOAD ./Core/Src/NRF24.o
LOAD ./Core/Src/commandReader.o
LOAD ./Core/Src/delay.o
LOAD ./Core/Src/ledAdapter.o
LOAD ./Core/Src/main.o
LOAD ./Core/Src/stm32h7xx_hal_msp.o
LOAD ./Core/Src/stm32h7xx_it.o
LOAD ./Core/Src/syscalls.o
LOAD ./Core/Src/sysmem.o
LOAD ./Core/Src/system_stm32h7xx.o
LOAD ./Core/Startup/startup_stm32h723zgtx.o
LOAD ./Drivers/STM32H7xx_HAL_Driver/Src/stm32h7xx_hal.o
LOAD ./Drivers/STM32H7xx_HAL_Driver/Src/stm32h7xx_hal_cortex.o
LOAD ./Drivers/STM32H7xx_HAL_Driver/Src/stm32h7xx_hal_dma.o
LOAD ./Drivers/STM32H7xx_HAL_Driver/Src/stm32h7xx_hal_dma_ex.o
LOAD ./Drivers/STM32H7xx_HAL_Driver/Src/stm32h7xx_hal_exti.o
LOAD ./Drivers/STM32H7xx_HAL_Driver/Src/stm32h7xx_hal_flash.o
LOAD ./Drivers/STM32H7xx_HAL_Driver/Src/stm32h7xx_hal_flash_ex.o
LOAD ./Drivers/STM32H7xx_HAL_Driver/Src/stm32h7xx_hal_gpio.o
LOAD ./Drivers/STM32H7xx_HAL_Driver/Src/stm32h7xx_hal_hsem.o
LOAD ./Drivers/STM32H7xx_HAL_Driver/Src/stm32h7xx_hal_i2c.o
LOAD ./Drivers/STM32H7xx_HAL_Driver/Src/stm32h7xx_hal_i2c_ex.o
LOAD ./Drivers/STM32H7xx_HAL_Driver/Src/stm32h7xx_hal_mdma.o
LOAD ./Drivers/STM32H7xx_HAL_Driver/Src/stm32h7xx_hal_pwr.o
LOAD ./Drivers/STM32H7xx_HAL_Driver/Src/stm32h7xx_hal_pwr_ex.o
LOAD ./Drivers/STM32H7xx_HAL_Driver/Src/stm32h7xx_hal_rcc.o
LOAD ./Drivers/STM32H7xx_HAL_Driver/Src/stm32h7xx_hal_rcc_ex.o
LOAD ./Drivers/STM32H7xx_HAL_Driver/Src/stm32h7xx_hal_spi.o
LOAD ./Drivers/STM32H7xx_HAL_Driver/Src/stm32h7xx_hal_spi_ex.o
LOAD ./Drivers/STM32H7xx_HAL_Driver/Src/stm32h7xx_hal_tim.o
LOAD ./Drivers/STM32H7xx_HAL_Driver/Src/stm32h7xx_hal_tim_ex.o
LOAD ./Drivers/STM32H7xx_HAL_Driver/Src/stm32h7xx_hal_uart.o
LOAD ./Drivers/STM32H7xx_HAL_Driver/Src/stm32h7xx_hal_uart_ex.o
START GROUP
LOAD /opt/st/stm32cubeide_1.19.0/plugins/com.st.stm32cube.ide.mcu.externaltools.gnu-tools-for-stm32.13.3.rel1.linux64_1.0.0.202410170706/tools/bin/../lib/gcc/arm-none-eabi/13.3.1/../../../../arm-none-eabi/lib/thumb/v7e-m+dp/hard/libc_nano.a
LOAD /opt/st/stm32cubeide_1.19.0/plugins/com.st.stm32cube.ide.mcu.externaltools.gnu-tools-for-stm32.13.3.rel1.linux64_1.0.0.202410170706/tools/bin/../lib/gcc/arm-none-eabi/13.3.1/../../../../arm-none-eabi/lib/thumb/v7e-m+dp/hard/libm.a
END GROUP
START GROUP
LOAD /opt/st/stm32cubeide_1.19.0/plugins/com.st.stm32cube.ide.mcu.externaltools.gnu-tools-for-stm32.13.3.rel1.linux64_1.0.0.202410170706/tools/bin/../lib/gcc/arm-none-eabi/13.3.1/thumb/v7e-m+dp/hard/libgcc.a
LOAD /opt/st/stm32cubeide_1.19.0/plugins/com.st.stm32cube.ide.mcu.externaltools.gnu-tools-for-stm32.13.3.rel1.linux64_1.0.0.202410170706/tools/bin/../lib/gcc/arm-none-eabi/13.3.1/../../../../arm-none-eabi/lib/thumb/v7e-m+dp/hard/libc_nano.a
END GROUP
START GROUP
LOAD /opt/st/stm32cubeide_1.19.0/plugins/com.st.stm32cube.ide.mcu.externaltools.gnu-tools-for-stm32.13.3.rel1.linux64_1.0.0.202410170706/tools/bin/../lib/gcc/arm-none-eabi/13.3.1/thumb/v7e-m+dp/hard/libgcc.a
LOAD /opt/st/stm32cubeide_1.19.0/plugins/com.st.stm32cube.ide.mcu.externaltools.gnu-tools-for-stm32.13.3.rel1.linux64_1.0.0.202410170706/tools/bin/../lib/gcc/arm-none-eabi/13.3.1/../../../../arm-none-eabi/lib/thumb/v7e-m+dp/hard/libc_nano.a
LOAD /opt/st/stm32cubeide_1.19.0/plugins/com.st.stm32cube.ide.mcu.externaltools.gnu-tools-for-stm32.13.3.rel1.linux64_1.0.0.202410170706/tools/bin/../lib/gcc/arm-none-eabi/13.3.1/../../../../arm-none-eabi/lib/thumb/v7e-m+dp/hard/libnosys.a
END GROUP
START GROUP
LOAD /opt/st/stm32cubeide_1.19.0/plugins/com.st.stm32cube.ide.mcu.externaltools.gnu-tools-for-stm32.13.3.rel1.linux64_1.0.0.202410170706/tools/bin/../lib/gcc/arm-none-eabi/13.3.1/thumb/v7e-m+dp/hard/libgcc.a
LOAD /opt/st/stm32cubeide_1.19.0/plugins/com.st.stm32cube.ide.mcu.externaltools.gnu-tools-for-stm32.13.3.rel1.linux64_1.0.0.202410170706/tools/bin/../lib/gcc/arm-none-eabi/13.3.1/../../../../arm-none-eabi/lib/thumb/v7e-m+dp/hard/libc_nano.a
LOAD /opt/st/stm32cubeide_1.19.0/plugins/com.st.stm32cube.ide.mcu.externaltools.gnu-tools-for-stm32.13.3.rel1.linux64_1.0.0.202410170706/tools/bin/../lib/gcc/arm-none-eabi/13.3.1/../../../../arm-none-eabi/lib/thumb/v7e-m+dp/hard/libnosys.a
END GROUP
LOAD /opt/st/stm32cubeide_1.19.0/plugins/com.st.stm32cube.ide.mcu.externaltools.gnu-tools-for-stm32.13.3.rel1.linux64_1.0.0.202410170706/tools/bin/../lib/gcc/arm-none-eabi/13.3.1/thumb/v7e-m+dp/hard/crtend.o
LOAD /opt/st/stm32cubeide_1.19.0/plugins/com.st.stm32cube.ide.mcu.externaltools.gnu-tools-for-stm32.13.3.rel1.linux64_1.0.0.202410170706/tools/bin/../lib/gcc/arm-none-eabi/13.3.1/thumb/v7e-m+dp/hard/crtn.o
                0x24050000                        _estack = (ORIGIN (RAM_D1) + LENGTH (RAM_D1))
                0x00000200                        _Min_Heap_Size = 0x200
                0x00000400                        _Min_Stack_Size = 0x400

.isr_vector     0x08000000      0x2cc
                0x08000000                        . = ALIGN (0x4)
 *(.isr_vector)
 .isr_vector    0x08000000      0x2cc ./Core/Startup/startup_stm32h723zgtx.o
                0x08000000                g_pfnVectors
                0x080002cc                        . = ALIGN (0x4)

.text           0x080002d0    0x1049c
                0x080002d0                        . = ALIGN (0x4)
 *(.text)
 .text          0x080002d0       0x40 /opt/st/stm32cubeide_1.19.0/plugins/com.st.stm32cube.ide.mcu.externaltools.gnu-tools-for-stm32.13.3.rel1.linux64_1.0.0.202410170706/tools/bin/../lib/gcc/arm-none-eabi/13.3.1/thumb/v7e-m+dp/hard/crtbegin.o
 .text          0x08000310       0x14 /opt/st/stm32cubeide_1.19.0/plugins/com.st.stm32cube.ide.mcu.externaltools.gnu-tools-for-stm32.13.3.rel1.linux64_1.0.0.202410170706/tools/bin/../lib/gcc/arm-none-eabi/13.3.1/../../../../arm-none-eabi/lib/thumb/v7e-m+dp/hard/libc_nano.a(libc_a-strcmp.o)
                0x08000310                strcmp
 .text          0x08000324       0x10 /opt/st/stm32cubeide_1.19.0/plugins/com.st.stm32cube.ide.mcu.externaltools.gnu-tools-for-stm32.13.3.rel1.linux64_1.0.0.202410170706/tools/bin/../lib/gcc/arm-none-eabi/13.3.1/../../../../arm-none-eabi/lib/thumb/v7e-m+dp/hard/libc_nano.a(libc_a-strlen.o)
                0x08000324                strlen
 *fill*         0x08000334        0xc 
 .text          0x08000340       0xa0 /opt/st/stm32cubeide_1.19.0/plugins/com.st.stm32cube.ide.mcu.externaltools.gnu-tools-for-stm32.13.3.rel1.linux64_1.0.0.202410170706/tools/bin/../lib/gcc/arm-none-eabi/13.3.1/../../../../arm-none-eabi/lib/thumb/v7e-m+dp/hard/libc_nano.a(libc_a-memchr.o)
                0x08000340                memchr
 .text          0x080003e0       0x30 /opt/st/stm32cubeide_1.19.0/plugins/com.st.stm32cube.ide.mcu.externaltools.gnu-tools-for-stm32.13.3.rel1.linux64_1.0.0.202410170706/tools/bin/../lib/gcc/arm-none-eabi/13.3.1/thumb/v7e-m+dp/hard/libgcc.a(_aeabi_uldivmod.o)
                0x080003e0                __aeabi_uldivmod
 .text          0x08000410      0x2f8 /opt/st/stm32cubeide_1.19.0/plugins/com.st.stm32cube.ide.mcu.externaltools.gnu-tools-for-stm32.13.3.rel1.linux64_1.0.0.202410170706/tools/bin/../lib/gcc/arm-none-eabi/13.3.1/thumb/v7e-m+dp/hard/libgcc.a(_udivmoddi4.o)
                0x08000410                __udivmoddi4
 .text          0x08000708        0x4 /opt/st/stm32cubeide_1.19.0/plugins/com.st.stm32cube.ide.mcu.externaltools.gnu-tools-for-stm32.13.3.rel1.linux64_1.0.0.202410170706/tools/bin/../lib/gcc/arm-none-eabi/13.3.1/thumb/v7e-m+dp/hard/libgcc.a(_dvmd_tls.o)
                0x08000708                __aeabi_ldiv0
                0x08000708                __aeabi_idiv0
 *(.text*)
 .text.GarLiteV3_i2c_write
                0x0800070c       0x58 ./Core/Src/GarminLidarLiteV3.o
                0x0800070c                GarLiteV3_i2c_write
 .text.GarLiteV3_i2c_read
                0x08000764       0x58 ./Core/Src/GarminLidarLiteV3.o
                0x08000764                GarLiteV3_i2c_read
 .text.GarLiteV3_Init
                0x080007bc       0x70 ./Core/Src/GarminLidarLiteV3.o
                0x080007bc                GarLiteV3_Init
 .text.simple_measurement_NB
                0x0800082c      0x124 ./Core/Src/GarminLidarLiteV3.o
                0x0800082c                simple_measurement_NB
 .text.config_ACQ_COMMAND_reg
                0x08000950       0x2e ./Core/Src/GarminLidarV3_Config.o
                0x08000950                config_ACQ_COMMAND_reg
 *fill*         0x0800097e        0x2 
 .text.print_config_ACQ_COMMAND_reg
                0x08000980      0x118 ./Core/Src/GarminLidarV3_Config.o
                0x08000980                print_config_ACQ_COMMAND_reg
 .text.config_THRESHOLD_BYPASS_reg
                0x08000a98      0x104 ./Core/Src/GarminLidarV3_Config.o
                0x08000a98                config_THRESHOLD_BYPASS_reg
 .text.lis3dh_i2c_write
                0x08000b9c       0x80 ./Core/Src/LIS3DH.o
                0x08000b9c                lis3dh_i2c_write
 .text.lis3dh_i2c_read
                0x08000c1c       0x84 ./Core/Src/LIS3DH.o
                0x08000c1c                lis3dh_i2c_read
 .text.lis3dh_init
                0x08000ca0       0xbe ./Core/Src/LIS3DH.o
                0x08000ca0                lis3dh_init
 *fill*         0x08000d5e        0x2 
 .text.lis3dh_raw_to_mg_int
                0x08000d60      0x120 ./Core/Src/LIS3DH.o
 .text.measure_XYZ_Acceleration
                0x08000e80       0xa6 ./Core/Src/LIS3DH.o
                0x08000e80                measure_XYZ_Acceleration
 .text.config_temp_cfg_reg
                0x08000f26       0x38 ./Core/Src/LIS3DH_Config.o
                0x08000f26                config_temp_cfg_reg
 *fill*         0x08000f5e        0x2 
 .text.print_config_temp_cfg_reg
                0x08000f60       0xe8 ./Core/Src/LIS3DH_Config.o
                0x08000f60                print_config_temp_cfg_reg
 .text.config_ctrl_reg1
                0x08001048       0x58 ./Core/Src/LIS3DH_Config.o
                0x08001048                config_ctrl_reg1
 .text.read_ctrl_reg1
                0x080010a0       0x20 ./Core/Src/LIS3DH_Config.o
                0x080010a0                read_ctrl_reg1
 .text.print_config_ctrl_reg1
                0x080010c0      0x384 ./Core/Src/LIS3DH_Config.o
                0x080010c0                print_config_ctrl_reg1
 .text.config_ctrl_reg2
                0x08001444       0x70 ./Core/Src/LIS3DH_Config.o
                0x08001444                config_ctrl_reg2
 .text.print_config_ctrl_reg2
                0x080014b4      0x254 ./Core/Src/LIS3DH_Config.o
                0x080014b4                print_config_ctrl_reg2
 .text.config_ctrl_reg3
                0x08001708       0x78 ./Core/Src/LIS3DH_Config.o
                0x08001708                config_ctrl_reg3
 .text.print_config_ctrl_reg3
                0x08001780      0x270 ./Core/Src/LIS3DH_Config.o
                0x08001780                print_config_ctrl_reg3
 .text.config_ctrl_reg4
                0x080019f0       0x70 ./Core/Src/LIS3DH_Config.o
                0x080019f0                config_ctrl_reg4
 .text.read_ctrl_reg4
                0x08001a60       0x20 ./Core/Src/LIS3DH_Config.o
                0x08001a60                read_ctrl_reg4
 .text.print_config_ctrl_reg4
                0x08001a80      0x2f0 ./Core/Src/LIS3DH_Config.o
                0x08001a80                print_config_ctrl_reg4
 .text.config_ctrl_reg5
                0x08001d70       0x60 ./Core/Src/LIS3DH_Config.o
                0x08001d70                config_ctrl_reg5
 .text.print_config_ctrl_reg5
                0x08001dd0      0x1b8 ./Core/Src/LIS3DH_Config.o
                0x08001dd0                print_config_ctrl_reg5
 .text.config_ctrl_reg6
                0x08001f88       0x70 ./Core/Src/LIS3DH_Config.o
                0x08001f88                config_ctrl_reg6
 .text.print_config_ctrl_reg6
                0x08001ff8      0x200 ./Core/Src/LIS3DH_Config.o
                0x08001ff8                print_config_ctrl_reg6
 .text.csn_high
                0x080021f8       0x18 ./Core/Src/NRF24.o
                0x080021f8                csn_high
 .text.csn_low  0x08002210       0x18 ./Core/Src/NRF24.o
                0x08002210                csn_low
 .text.ce_high  0x08002228       0x18 ./Core/Src/NRF24.o
                0x08002228                ce_high
 .text.ce_low   0x08002240       0x18 ./Core/Src/NRF24.o
                0x08002240                ce_low
 .text.nrf24_w_reg
                0x08002258       0x50 ./Core/Src/NRF24.o
                0x08002258                nrf24_w_reg
 .text.nrf24_r_reg
                0x080022a8       0x50 ./Core/Src/NRF24.o
                0x080022a8                nrf24_r_reg
 .text.nrf24_w_spec_cmd
                0x080022f8       0x24 ./Core/Src/NRF24.o
                0x080022f8                nrf24_w_spec_cmd
 .text.nrf24_pwr_up
                0x0800231c       0x34 ./Core/Src/NRF24.o
                0x0800231c                nrf24_pwr_up
 .text.nrf24_tx_pwr
                0x08002350       0x4e ./Core/Src/NRF24.o
                0x08002350                nrf24_tx_pwr
 .text.nrf24_data_rate
                0x0800239e       0x5c ./Core/Src/NRF24.o
                0x0800239e                nrf24_data_rate
 .text.nrf24_set_channel
                0x080023fa       0x1e ./Core/Src/NRF24.o
                0x080023fa                nrf24_set_channel
 .text.nrf24_open_tx_pipe
                0x08002418       0x1a ./Core/Src/NRF24.o
                0x08002418                nrf24_open_tx_pipe
 *fill*         0x08002432        0x2 
 .text.nrf24_pipe_pld_size
                0x08002434       0x9c ./Core/Src/NRF24.o
                0x08002434                nrf24_pipe_pld_size
 .text.nrf24_open_rx_pipe
                0x080024d0       0xdc ./Core/Src/NRF24.o
                0x080024d0                nrf24_open_rx_pipe
 .text.nrf24_set_crc
                0x080025ac       0x5c ./Core/Src/NRF24.o
                0x080025ac                nrf24_set_crc
 .text.nrf24_set_addr_width
                0x08002608       0x26 ./Core/Src/NRF24.o
                0x08002608                nrf24_set_addr_width
 .text.nrf24_flush_tx
                0x0800262e       0x16 ./Core/Src/NRF24.o
                0x0800262e                nrf24_flush_tx
 .text.nrf24_flush_rx
                0x08002644       0x16 ./Core/Src/NRF24.o
                0x08002644                nrf24_flush_rx
 *fill*         0x0800265a        0x2 
 .text.nrf24_r_status
                0x0800265c       0x38 ./Core/Src/NRF24.o
                0x0800265c                nrf24_r_status
 .text.nrf24_clear_rx_dr
                0x08002694       0x30 ./Core/Src/NRF24.o
                0x08002694                nrf24_clear_rx_dr
 .text.nrf24_clear_tx_ds
                0x080026c4       0x30 ./Core/Src/NRF24.o
                0x080026c4                nrf24_clear_tx_ds
 .text.nrf24_clear_max_rt
                0x080026f4       0x30 ./Core/Src/NRF24.o
                0x080026f4                nrf24_clear_max_rt
 .text.nrf24_listen
                0x08002724       0x38 ./Core/Src/NRF24.o
                0x08002724                nrf24_listen
 .text.nrf24_stop_listen
                0x0800275c       0x34 ./Core/Src/NRF24.o
                0x0800275c                nrf24_stop_listen
 .text.nrf24_dpl
                0x08002790       0x48 ./Core/Src/NRF24.o
                0x08002790                nrf24_dpl
 .text.nrf24_set_rx_dpl
                0x080027d8       0x74 ./Core/Src/NRF24.o
                0x080027d8                nrf24_set_rx_dpl
 .text.nrf24_auto_ack_all
                0x0800284c       0x3c ./Core/Src/NRF24.o
                0x0800284c                nrf24_auto_ack_all
 .text.nrf24_en_ack_pld
                0x08002888       0x48 ./Core/Src/NRF24.o
                0x08002888                nrf24_en_ack_pld
 .text.nrf24_auto_retr_delay
                0x080028d0       0x4a ./Core/Src/NRF24.o
                0x080028d0                nrf24_auto_retr_delay
 .text.nrf24_auto_retr_limit
                0x0800291a       0x40 ./Core/Src/NRF24.o
                0x0800291a                nrf24_auto_retr_limit
 *fill*         0x0800295a        0x2 
 .text.nrf24_transmit
                0x0800295c       0x8c ./Core/Src/NRF24.o
                0x0800295c                nrf24_transmit
 .text.nrf24_data_available
                0x080029e8       0x2a ./Core/Src/NRF24.o
                0x080029e8                nrf24_data_available
 *fill*         0x08002a12        0x2 
 .text.nrf24_receive
                0x08002a14       0x48 ./Core/Src/NRF24.o
                0x08002a14                nrf24_receive
 .text.nrf24_init
                0x08002a5c       0x20 ./Core/Src/NRF24.o
                0x08002a5c                nrf24_init
 .text.parse_uart_command
                0x08002a7c       0x62 ./Core/Src/commandReader.o
                0x08002a7c                parse_uart_command
 .text.parse_uart_value
                0x08002ade       0x76 ./Core/Src/commandReader.o
                0x08002ade                parse_uart_value
 .text.main     0x08002b54      0x758 ./Core/Src/main.o
                0x08002b54                main
 .text.SystemClock_Config
                0x080032ac       0xe0 ./Core/Src/main.o
                0x080032ac                SystemClock_Config
 .text.MX_I2C1_Init
                0x0800338c       0x80 ./Core/Src/main.o
 .text.MX_I2C2_Init
                0x0800340c       0x80 ./Core/Src/main.o
 .text.MX_SPI1_Init
                0x0800348c       0xac ./Core/Src/main.o
 .text.MX_TIM1_Init
                0x08003538      0x170 ./Core/Src/main.o
 .text.MX_TIM3_Init
                0x080036a8       0xa4 ./Core/Src/main.o
 .text.MX_TIM13_Init
                0x0800374c       0x9c ./Core/Src/main.o
 .text.MX_TIM24_Init
                0x080037e8       0x9c ./Core/Src/main.o
 .text.MX_USART3_UART_Init
                0x08003884       0x98 ./Core/Src/main.o
 .text.MX_DMA_Init
                0x0800391c       0x40 ./Core/Src/main.o
 .text.MX_GPIO_Init
                0x0800395c      0x1b8 ./Core/Src/main.o
 .text.HAL_TIM_PeriodElapsedCallback
                0x08003b14       0x48 ./Core/Src/main.o
                0x08003b14                HAL_TIM_PeriodElapsedCallback
 .text.nrf24_setup
                0x08003b5c       0xac ./Core/Src/main.o
                0x08003b5c                nrf24_setup
 .text.MPU_Config
                0x08003c08       0x58 ./Core/Src/main.o
 .text.Error_Handler
                0x08003c60        0xc ./Core/Src/main.o
                0x08003c60                Error_Handler
 .text.HAL_MspInit
                0x08003c6c       0x34 ./Core/Src/stm32h7xx_hal_msp.o
                0x08003c6c                HAL_MspInit
 .text.HAL_I2C_MspInit
                0x08003ca0      0x170 ./Core/Src/stm32h7xx_hal_msp.o
                0x08003ca0                HAL_I2C_MspInit
 .text.HAL_SPI_MspInit
                0x08003e10       0xd0 ./Core/Src/stm32h7xx_hal_msp.o
                0x08003e10                HAL_SPI_MspInit
 .text.HAL_TIM_Base_MspInit
                0x08003ee0       0xdc ./Core/Src/stm32h7xx_hal_msp.o
                0x08003ee0                HAL_TIM_Base_MspInit
 .text.HAL_TIM_MspPostInit
                0x08003fbc       0xcc ./Core/Src/stm32h7xx_hal_msp.o
                0x08003fbc                HAL_TIM_MspPostInit
 .text.HAL_UART_MspInit
                0x08004088      0x148 ./Core/Src/stm32h7xx_hal_msp.o
                0x08004088                HAL_UART_MspInit
 .text.NMI_Handler
                0x080041d0        0x8 ./Core/Src/stm32h7xx_it.o
                0x080041d0                NMI_Handler
 .text.HardFault_Handler
                0x080041d8        0xa ./Core/Src/stm32h7xx_it.o
                0x080041d8                HardFault_Handler
 .text.MemManage_Handler
                0x080041e2        0x8 ./Core/Src/stm32h7xx_it.o
                0x080041e2                MemManage_Handler
 .text.BusFault_Handler
                0x080041ea        0x8 ./Core/Src/stm32h7xx_it.o
                0x080041ea                BusFault_Handler
 .text.UsageFault_Handler
                0x080041f2        0x8 ./Core/Src/stm32h7xx_it.o
                0x080041f2                UsageFault_Handler
 .text.SVC_Handler
                0x080041fa        0xe ./Core/Src/stm32h7xx_it.o
                0x080041fa                SVC_Handler
 .text.DebugMon_Handler
                0x08004208        0xe ./Core/Src/stm32h7xx_it.o
                0x08004208                DebugMon_Handler
 .text.PendSV_Handler
                0x08004216        0xe ./Core/Src/stm32h7xx_it.o
                0x08004216                PendSV_Handler
 .text.SysTick_Handler
                0x08004224        0xc ./Core/Src/stm32h7xx_it.o
                0x08004224                SysTick_Handler
 .text.DMA1_Stream0_IRQHandler
                0x08004230       0x14 ./Core/Src/stm32h7xx_it.o
                0x08004230                DMA1_Stream0_IRQHandler
 .text.TIM3_IRQHandler
                0x08004244       0x14 ./Core/Src/stm32h7xx_it.o
                0x08004244                TIM3_IRQHandler
 .text.USART3_IRQHandler
                0x08004258       0x14 ./Core/Src/stm32h7xx_it.o
                0x08004258                USART3_IRQHandler
 .text._sbrk    0x0800426c       0x6c ./Core/Src/sysmem.o
                0x0800426c                _sbrk
 .text.SystemInit
                0x080042d8      0x120 ./Core/Src/system_stm32h7xx.o
                0x080042d8                SystemInit
 .text.ExitRun0Mode
                0x080043f8       0x30 ./Core/Src/system_stm32h7xx.o
                0x080043f8                ExitRun0Mode
 .text.Reset_Handler
                0x08004428       0x54 ./Core/Startup/startup_stm32h723zgtx.o
                0x08004428                Reset_Handler
 .text.Default_Handler
                0x0800447c        0x2 ./Core/Startup/startup_stm32h723zgtx.o
                0x0800447c                RTC_Alarm_IRQHandler
                0x0800447c                EXTI2_IRQHandler
                0x0800447c                TIM8_CC_IRQHandler
                0x0800447c                UART8_IRQHandler
                0x0800447c                SPI4_IRQHandler
                0x0800447c                FDCAN3_IT0_IRQHandler
                0x0800447c                TIM1_CC_IRQHandler
                0x0800447c                BDMA_Channel6_IRQHandler
                0x0800447c                DMA2_Stream5_IRQHandler
                0x0800447c                DMA1_Stream5_IRQHandler
                0x0800447c                CORDIC_IRQHandler
                0x0800447c                BDMA_Channel1_IRQHandler
                0x0800447c                TAMP_STAMP_IRQHandler
                0x0800447c                EXTI3_IRQHandler
                0x0800447c                LPTIM4_IRQHandler
                0x0800447c                TIM8_TRG_COM_TIM14_IRQHandler
                0x0800447c                LPTIM2_IRQHandler
                0x0800447c                DFSDM1_FLT1_IRQHandler
                0x0800447c                DMAMUX2_OVR_IRQHandler
                0x0800447c                TIM8_UP_TIM13_IRQHandler
                0x0800447c                I2C3_ER_IRQHandler
                0x0800447c                DFSDM1_FLT2_IRQHandler
                0x0800447c                I2C5_EV_IRQHandler
                0x0800447c                USART10_IRQHandler
                0x0800447c                MDMA_IRQHandler
                0x0800447c                LPTIM3_IRQHandler
                0x0800447c                HSEM1_IRQHandler
                0x0800447c                EXTI0_IRQHandler
                0x0800447c                I2C2_EV_IRQHandler
                0x0800447c                DMA1_Stream2_IRQHandler
                0x0800447c                FPU_IRQHandler
                0x0800447c                OTG_HS_WKUP_IRQHandler
                0x0800447c                FDCAN1_IT1_IRQHandler
                0x0800447c                LTDC_ER_IRQHandler
                0x0800447c                DMA2_Stream2_IRQHandler
                0x0800447c                SPI1_IRQHandler
                0x0800447c                OCTOSPI1_IRQHandler
                0x0800447c                TIM6_DAC_IRQHandler
                0x0800447c                DMA2_Stream3_IRQHandler
                0x0800447c                OCTOSPI2_IRQHandler
                0x0800447c                DFSDM1_FLT3_IRQHandler
                0x0800447c                TIM23_IRQHandler
                0x0800447c                USART6_IRQHandler
                0x0800447c                TIM17_IRQHandler
                0x0800447c                BDMA_Channel7_IRQHandler
                0x0800447c                LPTIM5_IRQHandler
                0x0800447c                UART5_IRQHandler
                0x0800447c                ADC3_IRQHandler
                0x0800447c                DMA2_Stream0_IRQHandler
                0x0800447c                TIM4_IRQHandler
                0x0800447c                BDMA_Channel2_IRQHandler
                0x0800447c                I2C1_EV_IRQHandler
                0x0800447c                DMA1_Stream6_IRQHandler
                0x0800447c                DMAMUX1_OVR_IRQHandler
                0x0800447c                DMA1_Stream1_IRQHandler
                0x0800447c                TIM16_IRQHandler
                0x0800447c                UART4_IRQHandler
                0x0800447c                BDMA_Channel5_IRQHandler
                0x0800447c                RCC_IRQHandler
                0x0800447c                UART9_IRQHandler
                0x0800447c                TIM8_BRK_TIM12_IRQHandler
                0x0800447c                TIM1_TRG_COM_IRQHandler
                0x0800447c                Default_Handler
                0x0800447c                ECC_IRQHandler
                0x0800447c                FMAC_IRQHandler
                0x0800447c                CEC_IRQHandler
                0x0800447c                EXTI15_10_IRQHandler
                0x0800447c                BDMA_Channel0_IRQHandler
                0x0800447c                ADC_IRQHandler
                0x0800447c                I2C5_ER_IRQHandler
                0x0800447c                DMA1_Stream7_IRQHandler
                0x0800447c                SPI5_IRQHandler
                0x0800447c                TIM7_IRQHandler
                0x0800447c                FDCAN3_IT1_IRQHandler
                0x0800447c                SDMMC1_IRQHandler
                0x0800447c                TIM5_IRQHandler
                0x0800447c                DMA2_Stream7_IRQHandler
                0x0800447c                TIM15_IRQHandler
                0x0800447c                PVD_AVD_IRQHandler
                0x0800447c                I2C3_EV_IRQHandler
                0x0800447c                EXTI9_5_IRQHandler
                0x0800447c                RTC_WKUP_IRQHandler
                0x0800447c                LTDC_IRQHandler
                0x0800447c                ETH_WKUP_IRQHandler
                0x0800447c                SPDIF_RX_IRQHandler
                0x0800447c                SPI2_IRQHandler
                0x0800447c                OTG_HS_EP1_IN_IRQHandler
                0x0800447c                TIM24_IRQHandler
                0x0800447c                CRS_IRQHandler
                0x0800447c                EXTI4_IRQHandler
                0x0800447c                RNG_IRQHandler
                0x0800447c                FDCAN2_IT1_IRQHandler
                0x0800447c                ETH_IRQHandler
                0x0800447c                TIM1_UP_IRQHandler
                0x0800447c                BDMA_Channel4_IRQHandler
                0x0800447c                OTG_HS_EP1_OUT_IRQHandler
                0x0800447c                WWDG_IRQHandler
                0x0800447c                SPI6_IRQHandler
                0x0800447c                MDIOS_IRQHandler
                0x0800447c                I2C4_EV_IRQHandler
                0x0800447c                FDCAN2_IT0_IRQHandler
                0x0800447c                LPUART1_IRQHandler
                0x0800447c                FDCAN1_IT0_IRQHandler
                0x0800447c                TIM2_IRQHandler
                0x0800447c                OTG_HS_IRQHandler
                0x0800447c                DMA2D_IRQHandler
                0x0800447c                TIM1_BRK_IRQHandler
                0x0800447c                EXTI1_IRQHandler
                0x0800447c                SDMMC2_IRQHandler
                0x0800447c                BDMA_Channel3_IRQHandler
                0x0800447c                DTS_IRQHandler
                0x0800447c                UART7_IRQHandler
                0x0800447c                MDIOS_WKUP_IRQHandler
                0x0800447c                USART2_IRQHandler
                0x0800447c                DFSDM1_FLT0_IRQHandler
                0x0800447c                SAI4_IRQHandler
                0x0800447c                I2C2_ER_IRQHandler
                0x0800447c                DMA2_Stream1_IRQHandler
                0x0800447c                FLASH_IRQHandler
                0x0800447c                DMA2_Stream4_IRQHandler
                0x0800447c                USART1_IRQHandler
                0x0800447c                SPI3_IRQHandler
                0x0800447c                WAKEUP_PIN_IRQHandler
                0x0800447c                DMA1_Stream4_IRQHandler
                0x0800447c                I2C1_ER_IRQHandler
                0x0800447c                FMC_IRQHandler
                0x0800447c                FDCAN_CAL_IRQHandler
                0x0800447c                SWPMI1_IRQHandler
                0x0800447c                COMP1_IRQHandler
                0x0800447c                LPTIM1_IRQHandler
                0x0800447c                DCMI_PSSI_IRQHandler
                0x0800447c                I2C4_ER_IRQHandler
                0x0800447c                DMA2_Stream6_IRQHandler
                0x0800447c                SAI1_IRQHandler
                0x0800447c                DMA1_Stream3_IRQHandler
 *fill*         0x0800447e        0x2 
 .text.HAL_Init
                0x08004480       0x78 ./Drivers/STM32H7xx_HAL_Driver/Src/stm32h7xx_hal.o
                0x08004480                HAL_Init
 .text.HAL_InitTick
                0x080044f8       0x6c ./Drivers/STM32H7xx_HAL_Driver/Src/stm32h7xx_hal.o
                0x080044f8                HAL_InitTick
 .text.HAL_IncTick
                0x08004564       0x28 ./Drivers/STM32H7xx_HAL_Driver/Src/stm32h7xx_hal.o
                0x08004564                HAL_IncTick
 .text.HAL_GetTick
                0x0800458c       0x18 ./Drivers/STM32H7xx_HAL_Driver/Src/stm32h7xx_hal.o
                0x0800458c                HAL_GetTick
 .text.HAL_Delay
                0x080045a4       0x48 ./Drivers/STM32H7xx_HAL_Driver/Src/stm32h7xx_hal.o
                0x080045a4                HAL_Delay
 .text.__NVIC_SetPriorityGrouping
                0x080045ec       0x48 ./Drivers/STM32H7xx_HAL_Driver/Src/stm32h7xx_hal_cortex.o
 .text.__NVIC_GetPriorityGrouping
                0x08004634       0x1c ./Drivers/STM32H7xx_HAL_Driver/Src/stm32h7xx_hal_cortex.o
 .text.__NVIC_EnableIRQ
                0x08004650       0x3c ./Drivers/STM32H7xx_HAL_Driver/Src/stm32h7xx_hal_cortex.o
 .text.__NVIC_SetPriority
                0x0800468c       0x54 ./Drivers/STM32H7xx_HAL_Driver/Src/stm32h7xx_hal_cortex.o
 .text.NVIC_EncodePriority
                0x080046e0       0x66 ./Drivers/STM32H7xx_HAL_Driver/Src/stm32h7xx_hal_cortex.o
 *fill*         0x08004746        0x2 
 .text.SysTick_Config
                0x08004748       0x44 ./Drivers/STM32H7xx_HAL_Driver/Src/stm32h7xx_hal_cortex.o
 .text.HAL_NVIC_SetPriorityGrouping
                0x0800478c       0x16 ./Drivers/STM32H7xx_HAL_Driver/Src/stm32h7xx_hal_cortex.o
                0x0800478c                HAL_NVIC_SetPriorityGrouping
 .text.HAL_NVIC_SetPriority
                0x080047a2       0x34 ./Drivers/STM32H7xx_HAL_Driver/Src/stm32h7xx_hal_cortex.o
                0x080047a2                HAL_NVIC_SetPriority
 .text.HAL_NVIC_EnableIRQ
                0x080047d6       0x1c ./Drivers/STM32H7xx_HAL_Driver/Src/stm32h7xx_hal_cortex.o
                0x080047d6                HAL_NVIC_EnableIRQ
 .text.HAL_SYSTICK_Config
                0x080047f2       0x18 ./Drivers/STM32H7xx_HAL_Driver/Src/stm32h7xx_hal_cortex.o
                0x080047f2                HAL_SYSTICK_Config
 *fill*         0x0800480a        0x2 
 .text.HAL_MPU_Disable
                0x0800480c       0x30 ./Drivers/STM32H7xx_HAL_Driver/Src/stm32h7xx_hal_cortex.o
                0x0800480c                HAL_MPU_Disable
 .text.HAL_MPU_Enable
                0x0800483c       0x40 ./Drivers/STM32H7xx_HAL_Driver/Src/stm32h7xx_hal_cortex.o
                0x0800483c                HAL_MPU_Enable
 .text.HAL_MPU_ConfigRegion
                0x0800487c       0x80 ./Drivers/STM32H7xx_HAL_Driver/Src/stm32h7xx_hal_cortex.o
                0x0800487c                HAL_MPU_ConfigRegion
 .text.HAL_DMA_Init
                0x080048fc      0x6b0 ./Drivers/STM32H7xx_HAL_Driver/Src/stm32h7xx_hal_dma.o
                0x080048fc                HAL_DMA_Init
 .text.HAL_DMA_Start_IT
                0x08004fac      0x4d4 ./Drivers/STM32H7xx_HAL_Driver/Src/stm32h7xx_hal_dma.o
                0x08004fac                HAL_DMA_Start_IT
 .text.HAL_DMA_Abort
                0x08005480      0x63c ./Drivers/STM32H7xx_HAL_Driver/Src/stm32h7xx_hal_dma.o
                0x08005480                HAL_DMA_Abort
 .text.HAL_DMA_Abort_IT
                0x08005abc      0x48c ./Drivers/STM32H7xx_HAL_Driver/Src/stm32h7xx_hal_dma.o
                0x08005abc                HAL_DMA_Abort_IT
 .text.HAL_DMA_IRQHandler
                0x08005f48      0xe54 ./Drivers/STM32H7xx_HAL_Driver/Src/stm32h7xx_hal_dma.o
                0x08005f48                HAL_DMA_IRQHandler
 .text.DMA_SetConfig
                0x08006d9c      0x358 ./Drivers/STM32H7xx_HAL_Driver/Src/stm32h7xx_hal_dma.o
 .text.DMA_CalcBaseAndBitshift
                0x080070f4      0x164 ./Drivers/STM32H7xx_HAL_Driver/Src/stm32h7xx_hal_dma.o
 .text.DMA_CheckFifoParam
                0x08007258       0xf8 ./Drivers/STM32H7xx_HAL_Driver/Src/stm32h7xx_hal_dma.o
 .text.DMA_CalcDMAMUXChannelBaseAndMask
                0x08007350      0x134 ./Drivers/STM32H7xx_HAL_Driver/Src/stm32h7xx_hal_dma.o
 .text.DMA_CalcDMAMUXRequestGenBaseAndMask
                0x08007484       0xe8 ./Drivers/STM32H7xx_HAL_Driver/Src/stm32h7xx_hal_dma.o
 .text.HAL_GPIO_Init
                0x0800756c      0x350 ./Drivers/STM32H7xx_HAL_Driver/Src/stm32h7xx_hal_gpio.o
                0x0800756c                HAL_GPIO_Init
 .text.HAL_GPIO_WritePin
                0x080078bc       0x32 ./Drivers/STM32H7xx_HAL_Driver/Src/stm32h7xx_hal_gpio.o
                0x080078bc                HAL_GPIO_WritePin
 .text.HAL_GPIO_TogglePin
                0x080078ee       0x34 ./Drivers/STM32H7xx_HAL_Driver/Src/stm32h7xx_hal_gpio.o
                0x080078ee                HAL_GPIO_TogglePin
 *fill*         0x08007922        0x2 
 .text.HAL_I2C_Init
                0x08007924      0x138 ./Drivers/STM32H7xx_HAL_Driver/Src/stm32h7xx_hal_i2c.o
                0x08007924                HAL_I2C_Init
 .text.HAL_I2C_Mem_Write
                0x08007a5c      0x228 ./Drivers/STM32H7xx_HAL_Driver/Src/stm32h7xx_hal_i2c.o
                0x08007a5c                HAL_I2C_Mem_Write
 .text.HAL_I2C_Mem_Read
                0x08007c84      0x234 ./Drivers/STM32H7xx_HAL_Driver/Src/stm32h7xx_hal_i2c.o
                0x08007c84                HAL_I2C_Mem_Read
 .text.I2C_RequestMemoryWrite
                0x08007eb8       0xa8 ./Drivers/STM32H7xx_HAL_Driver/Src/stm32h7xx_hal_i2c.o
 .text.I2C_RequestMemoryRead
                0x08007f60       0xa8 ./Drivers/STM32H7xx_HAL_Driver/Src/stm32h7xx_hal_i2c.o
 .text.I2C_Flush_TXDR
                0x08008008       0x48 ./Drivers/STM32H7xx_HAL_Driver/Src/stm32h7xx_hal_i2c.o
 .text.I2C_WaitOnFlagUntilTimeout
                0x08008050       0xb2 ./Drivers/STM32H7xx_HAL_Driver/Src/stm32h7xx_hal_i2c.o
 .text.I2C_WaitOnTXISFlagUntilTimeout
                0x08008102       0x8e ./Drivers/STM32H7xx_HAL_Driver/Src/stm32h7xx_hal_i2c.o
 .text.I2C_WaitOnSTOPFlagUntilTimeout
                0x08008190       0x86 ./Drivers/STM32H7xx_HAL_Driver/Src/stm32h7xx_hal_i2c.o
 *fill*         0x08008216        0x2 
 .text.I2C_IsErrorOccurred
                0x08008218      0x1c0 ./Drivers/STM32H7xx_HAL_Driver/Src/stm32h7xx_hal_i2c.o
 .text.I2C_TransferConfig
                0x080083d8       0x64 ./Drivers/STM32H7xx_HAL_Driver/Src/stm32h7xx_hal_i2c.o
 .text.HAL_I2CEx_ConfigAnalogFilter
                0x0800843c       0x96 ./Drivers/STM32H7xx_HAL_Driver/Src/stm32h7xx_hal_i2c_ex.o
                0x0800843c                HAL_I2CEx_ConfigAnalogFilter
 .text.HAL_I2CEx_ConfigDigitalFilter
                0x080084d2       0x98 ./Drivers/STM32H7xx_HAL_Driver/Src/stm32h7xx_hal_i2c_ex.o
                0x080084d2                HAL_I2CEx_ConfigDigitalFilter
 *fill*         0x0800856a        0x2 
 .text.HAL_PWREx_ConfigSupply
                0x0800856c       0x74 ./Drivers/STM32H7xx_HAL_Driver/Src/stm32h7xx_hal_pwr_ex.o
                0x0800856c                HAL_PWREx_ConfigSupply
 .text.HAL_RCC_OscConfig
                0x080085e0      0x7b4 ./Drivers/STM32H7xx_HAL_Driver/Src/stm32h7xx_hal_rcc.o
                0x080085e0                HAL_RCC_OscConfig
 .text.HAL_RCC_ClockConfig
                0x08008d94      0x36c ./Drivers/STM32H7xx_HAL_Driver/Src/stm32h7xx_hal_rcc.o
                0x08008d94                HAL_RCC_ClockConfig
 .text.HAL_RCC_GetSysClockFreq
                0x08009100      0x2f4 ./Drivers/STM32H7xx_HAL_Driver/Src/stm32h7xx_hal_rcc.o
                0x08009100                HAL_RCC_GetSysClockFreq
 .text.HAL_RCC_GetHCLKFreq
                0x080093f4       0x60 ./Drivers/STM32H7xx_HAL_Driver/Src/stm32h7xx_hal_rcc.o
                0x080093f4                HAL_RCC_GetHCLKFreq
 .text.HAL_RCC_GetPCLK1Freq
                0x08009454       0x2c ./Drivers/STM32H7xx_HAL_Driver/Src/stm32h7xx_hal_rcc.o
                0x08009454                HAL_RCC_GetPCLK1Freq
 .text.HAL_RCC_GetPCLK2Freq
                0x08009480       0x2c ./Drivers/STM32H7xx_HAL_Driver/Src/stm32h7xx_hal_rcc.o
                0x08009480                HAL_RCC_GetPCLK2Freq
 .text.HAL_RCCEx_PeriphCLKConfig
                0x080094ac     0x1340 ./Drivers/STM32H7xx_HAL_Driver/Src/stm32h7xx_hal_rcc_ex.o
                0x080094ac                HAL_RCCEx_PeriphCLKConfig
 .text.HAL_RCCEx_GetD3PCLK1Freq
                0x0800a7ec       0x2c ./Drivers/STM32H7xx_HAL_Driver/Src/stm32h7xx_hal_rcc_ex.o
                0x0800a7ec                HAL_RCCEx_GetD3PCLK1Freq
 .text.HAL_RCCEx_GetPLL2ClockFreq
                0x0800a818      0x2a8 ./Drivers/STM32H7xx_HAL_Driver/Src/stm32h7xx_hal_rcc_ex.o
                0x0800a818                HAL_RCCEx_GetPLL2ClockFreq
 .text.HAL_RCCEx_GetPLL3ClockFreq
                0x0800aac0      0x2a8 ./Drivers/STM32H7xx_HAL_Driver/Src/stm32h7xx_hal_rcc_ex.o
                0x0800aac0                HAL_RCCEx_GetPLL3ClockFreq
 .text.RCCEx_PLL2_Config
                0x0800ad68      0x164 ./Drivers/STM32H7xx_HAL_Driver/Src/stm32h7xx_hal_rcc_ex.o
 .text.RCCEx_PLL3_Config
                0x0800aecc      0x164 ./Drivers/STM32H7xx_HAL_Driver/Src/stm32h7xx_hal_rcc_ex.o
 .text.HAL_SPI_Init
                0x0800b030      0x248 ./Drivers/STM32H7xx_HAL_Driver/Src/stm32h7xx_hal_spi.o
                0x0800b030                HAL_SPI_Init
 .text.HAL_SPI_Transmit
                0x0800b278      0x3dc ./Drivers/STM32H7xx_HAL_Driver/Src/stm32h7xx_hal_spi.o
                0x0800b278                HAL_SPI_Transmit
 .text.HAL_SPI_Receive
                0x0800b654      0x4e4 ./Drivers/STM32H7xx_HAL_Driver/Src/stm32h7xx_hal_spi.o
                0x0800b654                HAL_SPI_Receive
 .text.HAL_SPI_TransmitReceive
                0x0800bb38      0x674 ./Drivers/STM32H7xx_HAL_Driver/Src/stm32h7xx_hal_spi.o
                0x0800bb38                HAL_SPI_TransmitReceive
 .text.SPI_CloseTransfer
                0x0800c1ac      0x140 ./Drivers/STM32H7xx_HAL_Driver/Src/stm32h7xx_hal_spi.o
 .text.SPI_WaitOnFlagUntilTimeout
                0x0800c2ec       0x5c ./Drivers/STM32H7xx_HAL_Driver/Src/stm32h7xx_hal_spi.o
 .text.SPI_GetPacketSize
                0x0800c348       0x36 ./Drivers/STM32H7xx_HAL_Driver/Src/stm32h7xx_hal_spi.o
 .text.HAL_TIM_Base_Init
                0x0800c37e       0xae ./Drivers/STM32H7xx_HAL_Driver/Src/stm32h7xx_hal_tim.o
                0x0800c37e                HAL_TIM_Base_Init
 .text.HAL_TIM_Base_Start
                0x0800c42c       0xfc ./Drivers/STM32H7xx_HAL_Driver/Src/stm32h7xx_hal_tim.o
                0x0800c42c                HAL_TIM_Base_Start
 .text.HAL_TIM_Base_Start_IT
                0x0800c528      0x10c ./Drivers/STM32H7xx_HAL_Driver/Src/stm32h7xx_hal_tim.o
                0x0800c528                HAL_TIM_Base_Start_IT
 .text.HAL_TIM_PWM_Init
                0x0800c634       0xae ./Drivers/STM32H7xx_HAL_Driver/Src/stm32h7xx_hal_tim.o
                0x0800c634                HAL_TIM_PWM_Init
 .text.HAL_TIM_PWM_MspInit
                0x0800c6e2       0x14 ./Drivers/STM32H7xx_HAL_Driver/Src/stm32h7xx_hal_tim.o
                0x0800c6e2                HAL_TIM_PWM_MspInit
 *fill*         0x0800c6f6        0x2 
 .text.HAL_TIM_PWM_Start
                0x0800c6f8      0x238 ./Drivers/STM32H7xx_HAL_Driver/Src/stm32h7xx_hal_tim.o
                0x0800c6f8                HAL_TIM_PWM_Start
 .text.HAL_TIM_IRQHandler
                0x0800c930      0x20e ./Drivers/STM32H7xx_HAL_Driver/Src/stm32h7xx_hal_tim.o
                0x0800c930                HAL_TIM_IRQHandler
 *fill*         0x0800cb3e        0x2 
 .text.HAL_TIM_PWM_ConfigChannel
                0x0800cb40      0x228 ./Drivers/STM32H7xx_HAL_Driver/Src/stm32h7xx_hal_tim.o
                0x0800cb40                HAL_TIM_PWM_ConfigChannel
 .text.HAL_TIM_ConfigClockSource
                0x0800cd68      0x1f0 ./Drivers/STM32H7xx_HAL_Driver/Src/stm32h7xx_hal_tim.o
                0x0800cd68                HAL_TIM_ConfigClockSource
 .text.HAL_TIM_OC_DelayElapsedCallback
                0x0800cf58       0x14 ./Drivers/STM32H7xx_HAL_Driver/Src/stm32h7xx_hal_tim.o
                0x0800cf58                HAL_TIM_OC_DelayElapsedCallback
 .text.HAL_TIM_IC_CaptureCallback
                0x0800cf6c       0x14 ./Drivers/STM32H7xx_HAL_Driver/Src/stm32h7xx_hal_tim.o
                0x0800cf6c                HAL_TIM_IC_CaptureCallback
 .text.HAL_TIM_PWM_PulseFinishedCallback
                0x0800cf80       0x14 ./Drivers/STM32H7xx_HAL_Driver/Src/stm32h7xx_hal_tim.o
                0x0800cf80                HAL_TIM_PWM_PulseFinishedCallback
 .text.HAL_TIM_TriggerCallback
                0x0800cf94       0x14 ./Drivers/STM32H7xx_HAL_Driver/Src/stm32h7xx_hal_tim.o
                0x0800cf94                HAL_TIM_TriggerCallback
 .text.TIM_Base_SetConfig
                0x0800cfa8      0x158 ./Drivers/STM32H7xx_HAL_Driver/Src/stm32h7xx_hal_tim.o
                0x0800cfa8                TIM_Base_SetConfig
 .text.TIM_OC1_SetConfig
                0x0800d100      0x120 ./Drivers/STM32H7xx_HAL_Driver/Src/stm32h7xx_hal_tim.o
 .text.TIM_OC2_SetConfig
                0x0800d220      0x114 ./Drivers/STM32H7xx_HAL_Driver/Src/stm32h7xx_hal_tim.o
                0x0800d220                TIM_OC2_SetConfig
 .text.TIM_OC3_SetConfig
                0x0800d334      0x110 ./Drivers/STM32H7xx_HAL_Driver/Src/stm32h7xx_hal_tim.o
 .text.TIM_OC4_SetConfig
                0x0800d444       0xd4 ./Drivers/STM32H7xx_HAL_Driver/Src/stm32h7xx_hal_tim.o
 .text.TIM_OC5_SetConfig
                0x0800d518       0xc8 ./Drivers/STM32H7xx_HAL_Driver/Src/stm32h7xx_hal_tim.o
 .text.TIM_OC6_SetConfig
                0x0800d5e0       0xcc ./Drivers/STM32H7xx_HAL_Driver/Src/stm32h7xx_hal_tim.o
 .text.TIM_TI1_ConfigInputStage
                0x0800d6ac       0x5e ./Drivers/STM32H7xx_HAL_Driver/Src/stm32h7xx_hal_tim.o
 .text.TIM_TI2_ConfigInputStage
                0x0800d70a       0x60 ./Drivers/STM32H7xx_HAL_Driver/Src/stm32h7xx_hal_tim.o
 *fill*         0x0800d76a        0x2 
 .text.TIM_ITRx_SetConfig
                0x0800d76c       0x3c ./Drivers/STM32H7xx_HAL_Driver/Src/stm32h7xx_hal_tim.o
 .text.TIM_ETR_SetConfig
                0x0800d7a8       0x40 ./Drivers/STM32H7xx_HAL_Driver/Src/stm32h7xx_hal_tim.o
                0x0800d7a8                TIM_ETR_SetConfig
 .text.TIM_CCxChannelCmd
                0x0800d7e8       0x4a ./Drivers/STM32H7xx_HAL_Driver/Src/stm32h7xx_hal_tim.o
                0x0800d7e8                TIM_CCxChannelCmd
 *fill*         0x0800d832        0x2 
 .text.HAL_TIMEx_MasterConfigSynchronization
                0x0800d834      0x138 ./Drivers/STM32H7xx_HAL_Driver/Src/stm32h7xx_hal_tim_ex.o
                0x0800d834                HAL_TIMEx_MasterConfigSynchronization
 .text.HAL_TIMEx_ConfigBreakDeadTime
                0x0800d96c      0x118 ./Drivers/STM32H7xx_HAL_Driver/Src/stm32h7xx_hal_tim_ex.o
                0x0800d96c                HAL_TIMEx_ConfigBreakDeadTime
 .text.HAL_TIMEx_CommutCallback
                0x0800da84       0x14 ./Drivers/STM32H7xx_HAL_Driver/Src/stm32h7xx_hal_tim_ex.o
                0x0800da84                HAL_TIMEx_CommutCallback
 .text.HAL_TIMEx_BreakCallback
                0x0800da98       0x14 ./Drivers/STM32H7xx_HAL_Driver/Src/stm32h7xx_hal_tim_ex.o
                0x0800da98                HAL_TIMEx_BreakCallback
 .text.HAL_TIMEx_Break2Callback
                0x0800daac       0x14 ./Drivers/STM32H7xx_HAL_Driver/Src/stm32h7xx_hal_tim_ex.o
                0x0800daac                HAL_TIMEx_Break2Callback
 .text.HAL_UART_Init
                0x0800dac0       0xa0 ./Drivers/STM32H7xx_HAL_Driver/Src/stm32h7xx_hal_uart.o
                0x0800dac0                HAL_UART_Init
 .text.HAL_UART_Transmit
                0x0800db60      0x11c ./Drivers/STM32H7xx_HAL_Driver/Src/stm32h7xx_hal_uart.o
                0x0800db60                HAL_UART_Transmit
 .text.HAL_UART_Receive_DMA
                0x0800dc7c       0x98 ./Drivers/STM32H7xx_HAL_Driver/Src/stm32h7xx_hal_uart.o
                0x0800dc7c                HAL_UART_Receive_DMA
 .text.HAL_UART_IRQHandler
                0x0800dd14      0x7ac ./Drivers/STM32H7xx_HAL_Driver/Src/stm32h7xx_hal_uart.o
                0x0800dd14                HAL_UART_IRQHandler
 .text.HAL_UART_TxCpltCallback
                0x0800e4c0       0x14 ./Drivers/STM32H7xx_HAL_Driver/Src/stm32h7xx_hal_uart.o
                0x0800e4c0                HAL_UART_TxCpltCallback
 .text.HAL_UART_RxCpltCallback
                0x0800e4d4       0x14 ./Drivers/STM32H7xx_HAL_Driver/Src/stm32h7xx_hal_uart.o
                0x0800e4d4                HAL_UART_RxCpltCallback
 .text.HAL_UART_RxHalfCpltCallback
                0x0800e4e8       0x14 ./Drivers/STM32H7xx_HAL_Driver/Src/stm32h7xx_hal_uart.o
                0x0800e4e8                HAL_UART_RxHalfCpltCallback
 .text.HAL_UART_ErrorCallback
                0x0800e4fc       0x14 ./Drivers/STM32H7xx_HAL_Driver/Src/stm32h7xx_hal_uart.o
                0x0800e4fc                HAL_UART_ErrorCallback
 .text.HAL_UARTEx_RxEventCallback
                0x0800e510       0x18 ./Drivers/STM32H7xx_HAL_Driver/Src/stm32h7xx_hal_uart.o
                0x0800e510                HAL_UARTEx_RxEventCallback
 .text.UART_SetConfig
                0x0800e528      0xcd8 ./Drivers/STM32H7xx_HAL_Driver/Src/stm32h7xx_hal_uart.o
                0x0800e528                UART_SetConfig
 .text.UART_AdvFeatureConfig
                0x0800f200      0x144 ./Drivers/STM32H7xx_HAL_Driver/Src/stm32h7xx_hal_uart.o
                0x0800f200                UART_AdvFeatureConfig
 .text.UART_CheckIdleState
                0x0800f344      0x154 ./Drivers/STM32H7xx_HAL_Driver/Src/stm32h7xx_hal_uart.o
                0x0800f344                UART_CheckIdleState
 .text.UART_WaitOnFlagUntilTimeout
                0x0800f498       0xda ./Drivers/STM32H7xx_HAL_Driver/Src/stm32h7xx_hal_uart.o
                0x0800f498                UART_WaitOnFlagUntilTimeout
 *fill*         0x0800f572        0x2 
 .text.UART_Start_Receive_DMA
                0x0800f574      0x14c ./Drivers/STM32H7xx_HAL_Driver/Src/stm32h7xx_hal_uart.o
                0x0800f574                UART_Start_Receive_DMA
 .text.UART_EndTxTransfer
                0x0800f6c0       0x82 ./Drivers/STM32H7xx_HAL_Driver/Src/stm32h7xx_hal_uart.o
 *fill*         0x0800f742        0x2 
 .text.UART_EndRxTransfer
                0x0800f744       0xcc ./Drivers/STM32H7xx_HAL_Driver/Src/stm32h7xx_hal_uart.o
 .text.UART_DMAReceiveCplt
                0x0800f810      0x128 ./Drivers/STM32H7xx_HAL_Driver/Src/stm32h7xx_hal_uart.o
 .text.UART_DMARxHalfCplt
                0x0800f938       0x3e ./Drivers/STM32H7xx_HAL_Driver/Src/stm32h7xx_hal_uart.o
 .text.UART_DMAError
                0x0800f976       0x80 ./Drivers/STM32H7xx_HAL_Driver/Src/stm32h7xx_hal_uart.o
 .text.UART_DMAAbortOnError
                0x0800f9f6       0x24 ./Drivers/STM32H7xx_HAL_Driver/Src/stm32h7xx_hal_uart.o
 .text.UART_EndTransmit_IT
                0x0800fa1a       0x56 ./Drivers/STM32H7xx_HAL_Driver/Src/stm32h7xx_hal_uart.o
 .text.HAL_UARTEx_WakeupCallback
                0x0800fa70       0x14 ./Drivers/STM32H7xx_HAL_Driver/Src/stm32h7xx_hal_uart_ex.o
                0x0800fa70                HAL_UARTEx_WakeupCallback
 .text.HAL_UARTEx_RxFifoFullCallback
                0x0800fa84       0x14 ./Drivers/STM32H7xx_HAL_Driver/Src/stm32h7xx_hal_uart_ex.o
                0x0800fa84                HAL_UARTEx_RxFifoFullCallback
 .text.HAL_UARTEx_TxFifoEmptyCallback
                0x0800fa98       0x14 ./Drivers/STM32H7xx_HAL_Driver/Src/stm32h7xx_hal_uart_ex.o
                0x0800fa98                HAL_UARTEx_TxFifoEmptyCallback
 .text.HAL_UARTEx_DisableFifoMode
                0x0800faac       0x72 ./Drivers/STM32H7xx_HAL_Driver/Src/stm32h7xx_hal_uart_ex.o
                0x0800faac                HAL_UARTEx_DisableFifoMode
 .text.HAL_UARTEx_SetTxFifoThreshold
                0x0800fb1e       0x7c ./Drivers/STM32H7xx_HAL_Driver/Src/stm32h7xx_hal_uart_ex.o
                0x0800fb1e                HAL_UARTEx_SetTxFifoThreshold
 .text.HAL_UARTEx_SetRxFifoThreshold
                0x0800fb9a       0x7c ./Drivers/STM32H7xx_HAL_Driver/Src/stm32h7xx_hal_uart_ex.o
                0x0800fb9a                HAL_UARTEx_SetRxFifoThreshold
 *fill*         0x0800fc16        0x2 
 .text.UARTEx_SetNbDataToProcess
                0x0800fc18       0x9c ./Drivers/STM32H7xx_HAL_Driver/Src/stm32h7xx_hal_uart_ex.o
 .text.atoi     0x0800fcb4        0x8 /opt/st/stm32cubeide_1.19.0/plugins/com.st.stm32cube.ide.mcu.externaltools.gnu-tools-for-stm32.13.3.rel1.linux64_1.0.0.202410170706/tools/bin/../lib/gcc/arm-none-eabi/13.3.1/../../../../arm-none-eabi/lib/thumb/v7e-m+dp/hard/libc_nano.a(libc_a-atoi.o)
                0x0800fcb4                atoi
 .text._strtol_l.isra.0
                0x0800fcbc       0xf4 /opt/st/stm32cubeide_1.19.0/plugins/com.st.stm32cube.ide.mcu.externaltools.gnu-tools-for-stm32.13.3.rel1.linux64_1.0.0.202410170706/tools/bin/../lib/gcc/arm-none-eabi/13.3.1/../../../../arm-none-eabi/lib/thumb/v7e-m+dp/hard/libc_nano.a(libc_a-strtol.o)
 .text.strtol   0x0800fdb0       0x14 /opt/st/stm32cubeide_1.19.0/plugins/com.st.stm32cube.ide.mcu.externaltools.gnu-tools-for-stm32.13.3.rel1.linux64_1.0.0.202410170706/tools/bin/../lib/gcc/arm-none-eabi/13.3.1/../../../../arm-none-eabi/lib/thumb/v7e-m+dp/hard/libc_nano.a(libc_a-strtol.o)
                0x0800fdb0                strtol
 .text.snprintf
                0x0800fdc4       0x6c /opt/st/stm32cubeide_1.19.0/plugins/com.st.stm32cube.ide.mcu.externaltools.gnu-tools-for-stm32.13.3.rel1.linux64_1.0.0.202410170706/tools/bin/../lib/gcc/arm-none-eabi/13.3.1/../../../../arm-none-eabi/lib/thumb/v7e-m+dp/hard/libc_nano.a(libc_a-snprintf.o)
                0x0800fdc4                snprintf
                0x0800fdc4                sniprintf
 .text.memset   0x0800fe30       0x10 /opt/st/stm32cubeide_1.19.0/plugins/com.st.stm32cube.ide.mcu.externaltools.gnu-tools-for-stm32.13.3.rel1.linux64_1.0.0.202410170706/tools/bin/../lib/gcc/arm-none-eabi/13.3.1/../../../../arm-none-eabi/lib/thumb/v7e-m+dp/hard/libc_nano.a(libc_a-memset.o)
                0x0800fe30                memset
 .text.strncpy  0x0800fe40       0x26 /opt/st/stm32cubeide_1.19.0/plugins/com.st.stm32cube.ide.mcu.externaltools.gnu-tools-for-stm32.13.3.rel1.linux64_1.0.0.202410170706/tools/bin/../lib/gcc/arm-none-eabi/13.3.1/../../../../arm-none-eabi/lib/thumb/v7e-m+dp/hard/libc_nano.a(libc_a-strncpy.o)
                0x0800fe40                strncpy
 *fill*         0x0800fe66        0x2 
 .text.__errno  0x0800fe68        0xc /opt/st/stm32cubeide_1.19.0/plugins/com.st.stm32cube.ide.mcu.externaltools.gnu-tools-for-stm32.13.3.rel1.linux64_1.0.0.202410170706/tools/bin/../lib/gcc/arm-none-eabi/13.3.1/../../../../arm-none-eabi/lib/thumb/v7e-m+dp/hard/libc_nano.a(libc_a-errno.o)
                0x0800fe68                __errno
 .text.__libc_init_array
                0x0800fe74       0x48 /opt/st/stm32cubeide_1.19.0/plugins/com.st.stm32cube.ide.mcu.externaltools.gnu-tools-for-stm32.13.3.rel1.linux64_1.0.0.202410170706/tools/bin/../lib/gcc/arm-none-eabi/13.3.1/../../../../arm-none-eabi/lib/thumb/v7e-m+dp/hard/libc_nano.a(libc_a-init.o)
                0x0800fe74                __libc_init_array
 .text.__retarget_lock_acquire_recursive
                0x0800febc        0x2 /opt/st/stm32cubeide_1.19.0/plugins/com.st.stm32cube.ide.mcu.externaltools.gnu-tools-for-stm32.13.3.rel1.linux64_1.0.0.202410170706/tools/bin/../lib/gcc/arm-none-eabi/13.3.1/../../../../arm-none-eabi/lib/thumb/v7e-m+dp/hard/libc_nano.a(libc_a-lock.o)
                0x0800febc                __retarget_lock_acquire_recursive
 .text.__retarget_lock_release_recursive
                0x0800febe        0x2 /opt/st/stm32cubeide_1.19.0/plugins/com.st.stm32cube.ide.mcu.externaltools.gnu-tools-for-stm32.13.3.rel1.linux64_1.0.0.202410170706/tools/bin/../lib/gcc/arm-none-eabi/13.3.1/../../../../arm-none-eabi/lib/thumb/v7e-m+dp/hard/libc_nano.a(libc_a-lock.o)
                0x0800febe                __retarget_lock_release_recursive
 .text.memcpy   0x0800fec0       0x1c /opt/st/stm32cubeide_1.19.0/plugins/com.st.stm32cube.ide.mcu.externaltools.gnu-tools-for-stm32.13.3.rel1.linux64_1.0.0.202410170706/tools/bin/../lib/gcc/arm-none-eabi/13.3.1/../../../../arm-none-eabi/lib/thumb/v7e-m+dp/hard/libc_nano.a(libc_a-memcpy-stub.o)
                0x0800fec0                memcpy
 .text._free_r  0x0800fedc       0x94 /opt/st/stm32cubeide_1.19.0/plugins/com.st.stm32cube.ide.mcu.externaltools.gnu-tools-for-stm32.13.3.rel1.linux64_1.0.0.202410170706/tools/bin/../lib/gcc/arm-none-eabi/13.3.1/../../../../arm-none-eabi/lib/thumb/v7e-m+dp/hard/libc_nano.a(libc_a-freer.o)
                0x0800fedc                _free_r
 .text.sbrk_aligned
                0x0800ff70       0x44 /opt/st/stm32cubeide_1.19.0/plugins/com.st.stm32cube.ide.mcu.externaltools.gnu-tools-for-stm32.13.3.rel1.linux64_1.0.0.202410170706/tools/bin/../lib/gcc/arm-none-eabi/13.3.1/../../../../arm-none-eabi/lib/thumb/v7e-m+dp/hard/libc_nano.a(libc_a-mallocr.o)
 .text._malloc_r
                0x0800ffb4      0x100 /opt/st/stm32cubeide_1.19.0/plugins/com.st.stm32cube.ide.mcu.externaltools.gnu-tools-for-stm32.13.3.rel1.linux64_1.0.0.202410170706/tools/bin/../lib/gcc/arm-none-eabi/13.3.1/../../../../arm-none-eabi/lib/thumb/v7e-m+dp/hard/libc_nano.a(libc_a-mallocr.o)
                0x0800ffb4                _malloc_r
 .text.__malloc_lock
                0x080100b4        0xc /opt/st/stm32cubeide_1.19.0/plugins/com.st.stm32cube.ide.mcu.externaltools.gnu-tools-for-stm32.13.3.rel1.linux64_1.0.0.202410170706/tools/bin/../lib/gcc/arm-none-eabi/13.3.1/../../../../arm-none-eabi/lib/thumb/v7e-m+dp/hard/libc_nano.a(libc_a-mlock.o)
                0x080100b4                __malloc_lock
 .text.__malloc_unlock
                0x080100c0        0xc /opt/st/stm32cubeide_1.19.0/plugins/com.st.stm32cube.ide.mcu.externaltools.gnu-tools-for-stm32.13.3.rel1.linux64_1.0.0.202410170706/tools/bin/../lib/gcc/arm-none-eabi/13.3.1/../../../../arm-none-eabi/lib/thumb/v7e-m+dp/hard/libc_nano.a(libc_a-mlock.o)
                0x080100c0                __malloc_unlock
 .text.__ssputs_r
                0x080100cc       0xb6 /opt/st/stm32cubeide_1.19.0/plugins/com.st.stm32cube.ide.mcu.externaltools.gnu-tools-for-stm32.13.3.rel1.linux64_1.0.0.202410170706/tools/bin/../lib/gcc/arm-none-eabi/13.3.1/../../../../arm-none-eabi/lib/thumb/v7e-m+dp/hard/libc_nano.a(libc_a-nano-svfprintf.o)
                0x080100cc                __ssputs_r
 *fill*         0x08010182        0x2 
 .text._svfprintf_r
                0x08010184      0x1f8 /opt/st/stm32cubeide_1.19.0/plugins/com.st.stm32cube.ide.mcu.externaltools.gnu-tools-for-stm32.13.3.rel1.linux64_1.0.0.202410170706/tools/bin/../lib/gcc/arm-none-eabi/13.3.1/../../../../arm-none-eabi/lib/thumb/v7e-m+dp/hard/libc_nano.a(libc_a-nano-svfprintf.o)
                0x08010184                _svfprintf_r
                0x08010184                _svfiprintf_r
 .text._printf_common
                0x0801037c       0xda /opt/st/stm32cubeide_1.19.0/plugins/com.st.stm32cube.ide.mcu.externaltools.gnu-tools-for-stm32.13.3.rel1.linux64_1.0.0.202410170706/tools/bin/../lib/gcc/arm-none-eabi/13.3.1/../../../../arm-none-eabi/lib/thumb/v7e-m+dp/hard/libc_nano.a(libc_a-nano-vfprintf_i.o)
                0x0801037c                _printf_common
 *fill*         0x08010456        0x2 
 .text._printf_i
                0x08010458      0x23c /opt/st/stm32cubeide_1.19.0/plugins/com.st.stm32cube.ide.mcu.externaltools.gnu-tools-for-stm32.13.3.rel1.linux64_1.0.0.202410170706/tools/bin/../lib/gcc/arm-none-eabi/13.3.1/../../../../arm-none-eabi/lib/thumb/v7e-m+dp/hard/libc_nano.a(libc_a-nano-vfprintf_i.o)
                0x08010458                _printf_i
 .text.memmove  0x08010694       0x34 /opt/st/stm32cubeide_1.19.0/plugins/com.st.stm32cube.ide.mcu.externaltools.gnu-tools-for-stm32.13.3.rel1.linux64_1.0.0.202410170706/tools/bin/../lib/gcc/arm-none-eabi/13.3.1/../../../../arm-none-eabi/lib/thumb/v7e-m+dp/hard/libc_nano.a(libc_a-memmove.o)
                0x08010694                memmove
 .text._sbrk_r  0x080106c8       0x20 /opt/st/stm32cubeide_1.19.0/plugins/com.st.stm32cube.ide.mcu.externaltools.gnu-tools-for-stm32.13.3.rel1.linux64_1.0.0.202410170706/tools/bin/../lib/gcc/arm-none-eabi/13.3.1/../../../../arm-none-eabi/lib/thumb/v7e-m+dp/hard/libc_nano.a(libc_a-sbrkr.o)
                0x080106c8                _sbrk_r
 .text._realloc_r
                0x080106e8       0x5c /opt/st/stm32cubeide_1.19.0/plugins/com.st.stm32cube.ide.mcu.externaltools.gnu-tools-for-stm32.13.3.rel1.linux64_1.0.0.202410170706/tools/bin/../lib/gcc/arm-none-eabi/13.3.1/../../../../arm-none-eabi/lib/thumb/v7e-m+dp/hard/libc_nano.a(libc_a-reallocr.o)
                0x080106e8                _realloc_r
 .text._malloc_usable_size_r
                0x08010744       0x10 /opt/st/stm32cubeide_1.19.0/plugins/com.st.stm32cube.ide.mcu.externaltools.gnu-tools-for-stm32.13.3.rel1.linux64_1.0.0.202410170706/tools/bin/../lib/gcc/arm-none-eabi/13.3.1/../../../../arm-none-eabi/lib/thumb/v7e-m+dp/hard/libc_nano.a(libc_a-msizer.o)
                0x08010744                _malloc_usable_size_r
 *(.glue_7)
 .glue_7        0x08010754        0x0 linker stubs
 *(.glue_7t)
 .glue_7t       0x08010754        0x0 linker stubs
 *(.eh_frame)
 .eh_frame      0x08010754        0x0 /opt/st/stm32cubeide_1.19.0/plugins/com.st.stm32cube.ide.mcu.externaltools.gnu-tools-for-stm32.13.3.rel1.linux64_1.0.0.202410170706/tools/bin/../lib/gcc/arm-none-eabi/13.3.1/thumb/v7e-m+dp/hard/crtbegin.o
 *(.init)
 .init          0x08010754        0x4 /opt/st/stm32cubeide_1.19.0/plugins/com.st.stm32cube.ide.mcu.externaltools.gnu-tools-for-stm32.13.3.rel1.linux64_1.0.0.202410170706/tools/bin/../lib/gcc/arm-none-eabi/13.3.1/thumb/v7e-m+dp/hard/crti.o
                0x08010754                _init
 .init          0x08010758        0x8 /opt/st/stm32cubeide_1.19.0/plugins/com.st.stm32cube.ide.mcu.externaltools.gnu-tools-for-stm32.13.3.rel1.linux64_1.0.0.202410170706/tools/bin/../lib/gcc/arm-none-eabi/13.3.1/thumb/v7e-m+dp/hard/crtn.o
 *(.fini)
 .fini          0x08010760        0x4 /opt/st/stm32cubeide_1.19.0/plugins/com.st.stm32cube.ide.mcu.externaltools.gnu-tools-for-stm32.13.3.rel1.linux64_1.0.0.202410170706/tools/bin/../lib/gcc/arm-none-eabi/13.3.1/thumb/v7e-m+dp/hard/crti.o
                0x08010760                _fini
 .fini          0x08010764        0x8 /opt/st/stm32cubeide_1.19.0/plugins/com.st.stm32cube.ide.mcu.externaltools.gnu-tools-for-stm32.13.3.rel1.linux64_1.0.0.202410170706/tools/bin/../lib/gcc/arm-none-eabi/13.3.1/thumb/v7e-m+dp/hard/crtn.o
                0x0801076c                        . = ALIGN (0x4)
                0x0801076c                        _etext = .

.vfp11_veneer   0x0801076c        0x0
 .vfp11_veneer  0x0801076c        0x0 linker stubs

.v4_bx          0x0801076c        0x0
 .v4_bx         0x0801076c        0x0 linker stubs

.iplt           0x0801076c        0x0
 .iplt          0x0801076c        0x0 /opt/st/stm32cubeide_1.19.0/plugins/com.st.stm32cube.ide.mcu.externaltools.gnu-tools-for-stm32.13.3.rel1.linux64_1.0.0.202410170706/tools/bin/../lib/gcc/arm-none-eabi/13.3.1/thumb/v7e-m+dp/hard/crtbegin.o

.rodata         0x0801076c     0x241c
                0x0801076c                        . = ALIGN (0x4)
 *(.rodata)
 .rodata        0x0801076c       0xe6 ./Core/Src/GarminLidarLiteV3.o
 *fill*         0x08010852        0x2 
 .rodata        0x08010854      0xead ./Core/Src/GarminLidarV3_Config.o
 *fill*         0x08011701        0x3 
 .rodata        0x08011704      0x33c ./Core/Src/LIS3DH.o
 .rodata        0x08011a40      0xf86 ./Core/Src/LIS3DH_Config.o
 *fill*         0x080129c6        0x2 
 .rodata        0x080129c8       0x4c ./Core/Src/main.o
 *(.rodata*)
 .rodata.D1CorePrescTable
                0x08012a14       0x10 ./Core/Src/system_stm32h7xx.o
                0x08012a14                D1CorePrescTable
 .rodata.flagBitshiftOffset.0
                0x08012a24        0x8 ./Drivers/STM32H7xx_HAL_Driver/Src/stm32h7xx_hal_dma.o
 .rodata.UARTPrescTable
                0x08012a2c       0x18 ./Drivers/STM32H7xx_HAL_Driver/Src/stm32h7xx_hal_uart.o
                0x08012a2c                UARTPrescTable
 .rodata.numerator.1
                0x08012a44        0x8 ./Drivers/STM32H7xx_HAL_Driver/Src/stm32h7xx_hal_uart_ex.o
 .rodata.denominator.0
                0x08012a4c        0x8 ./Drivers/STM32H7xx_HAL_Driver/Src/stm32h7xx_hal_uart_ex.o
 .rodata._ctype_
                0x08012a54      0x101 /opt/st/stm32cubeide_1.19.0/plugins/com.st.stm32cube.ide.mcu.externaltools.gnu-tools-for-stm32.13.3.rel1.linux64_1.0.0.202410170706/tools/bin/../lib/gcc/arm-none-eabi/13.3.1/../../../../arm-none-eabi/lib/thumb/v7e-m+dp/hard/libc_nano.a(libc_a-ctype_.o)
                0x08012a54                _ctype_
 .rodata._svfprintf_r.str1.1
                0x08012b55       0x33 /opt/st/stm32cubeide_1.19.0/plugins/com.st.stm32cube.ide.mcu.externaltools.gnu-tools-for-stm32.13.3.rel1.linux64_1.0.0.202410170706/tools/bin/../lib/gcc/arm-none-eabi/13.3.1/../../../../arm-none-eabi/lib/thumb/v7e-m+dp/hard/libc_nano.a(libc_a-nano-svfprintf.o)
                                 0x11 (size before relaxing)
 .rodata._printf_i.str1.1
                0x08012b88       0x22 /opt/st/stm32cubeide_1.19.0/plugins/com.st.stm32cube.ide.mcu.externaltools.gnu-tools-for-stm32.13.3.rel1.linux64_1.0.0.202410170706/tools/bin/../lib/gcc/arm-none-eabi/13.3.1/../../../../arm-none-eabi/lib/thumb/v7e-m+dp/hard/libc_nano.a(libc_a-nano-vfprintf_i.o)
                0x08012bac                        . = ALIGN (0x4)

.ARM.extab
 *(.ARM.extab* .gnu.linkonce.armextab.*)

.ARM            0x08012b88        0x8
                0x08012b88                        __exidx_start = .
 *(.ARM.exidx*)
 .ARM.exidx     0x08012b88        0x8 /opt/st/stm32cubeide_1.19.0/plugins/com.st.stm32cube.ide.mcu.externaltools.gnu-tools-for-stm32.13.3.rel1.linux64_1.0.0.202410170706/tools/bin/../lib/gcc/arm-none-eabi/13.3.1/../../../../arm-none-eabi/lib/thumb/v7e-m+dp/hard/libc_nano.a(libc_a-strcmp.o)
 .ARM.exidx     0x08012b90        0x0 /opt/st/stm32cubeide_1.19.0/plugins/com.st.stm32cube.ide.mcu.externaltools.gnu-tools-for-stm32.13.3.rel1.linux64_1.0.0.202410170706/tools/bin/../lib/gcc/arm-none-eabi/13.3.1/../../../../arm-none-eabi/lib/thumb/v7e-m+dp/hard/libc_nano.a(libc_a-strlen.o)
                                  0x8 (size before relaxing)
 .ARM.exidx     0x08012b90        0x0 /opt/st/stm32cubeide_1.19.0/plugins/com.st.stm32cube.ide.mcu.externaltools.gnu-tools-for-stm32.13.3.rel1.linux64_1.0.0.202410170706/tools/bin/../lib/gcc/arm-none-eabi/13.3.1/../../../../arm-none-eabi/lib/thumb/v7e-m+dp/hard/libc_nano.a(libc_a-memchr.o)
                                  0x8 (size before relaxing)
 .ARM.exidx     0x08012b90        0x0 /opt/st/stm32cubeide_1.19.0/plugins/com.st.stm32cube.ide.mcu.externaltools.gnu-tools-for-stm32.13.3.rel1.linux64_1.0.0.202410170706/tools/bin/../lib/gcc/arm-none-eabi/13.3.1/thumb/v7e-m+dp/hard/libgcc.a(_udivmoddi4.o)
                                  0x8 (size before relaxing)
                0x08012b90                        __exidx_end = .

.preinit_array  0x08012b90        0x0
                0x08012b90                        PROVIDE (__preinit_array_start = .)
 *(.preinit_array*)
                0x08012b90                        PROVIDE (__preinit_array_end = .)

.init_array     0x08012b90        0x4
                0x08012b90                        PROVIDE (__init_array_start = .)
 *(SORT_BY_NAME(.init_array.*))
 *(.init_array*)
 .init_array    0x08012b90        0x4 /opt/st/stm32cubeide_1.19.0/plugins/com.st.stm32cube.ide.mcu.externaltools.gnu-tools-for-stm32.13.3.rel1.linux64_1.0.0.202410170706/tools/bin/../lib/gcc/arm-none-eabi/13.3.1/thumb/v7e-m+dp/hard/crtbegin.o
                0x08012b94                        PROVIDE (__init_array_end = .)

.fini_array     0x08012b94        0x4
                [!provide]                        PROVIDE (__fini_array_start = .)
 *(SORT_BY_NAME(.fini_array.*))
 *(.fini_array*)
 .fini_array    0x08012b94        0x4 /opt/st/stm32cubeide_1.19.0/plugins/com.st.stm32cube.ide.mcu.externaltools.gnu-tools-for-stm32.13.3.rel1.linux64_1.0.0.202410170706/tools/bin/../lib/gcc/arm-none-eabi/13.3.1/thumb/v7e-m+dp/hard/crtbegin.o
                [!provide]                        PROVIDE (__fini_array_end = .)
                0x08012b98                        _sidata = LOADADDR (.data)

.rel.dyn        0x08012b98        0x0
 .rel.iplt      0x08012b98        0x0 /opt/st/stm32cubeide_1.19.0/plugins/com.st.stm32cube.ide.mcu.externaltools.gnu-tools-for-stm32.13.3.rel1.linux64_1.0.0.202410170706/tools/bin/../lib/gcc/arm-none-eabi/13.3.1/thumb/v7e-m+dp/hard/crtbegin.o

.data           0x24000000       0x84 load address 0x08012b98
                0x24000000                        . = ALIGN (0x4)
                0x24000000                        _sdata = .
 *(.data)
 *(.data*)
 .data.currentCommState
                0x24000000        0x1 ./Core/Src/main.o
                0x24000000                currentCommState
 *fill*         0x24000001        0x3 
 .data.Tset     0x24000004       0x14 ./Core/Src/main.o
                0x24000004                Tset
 .data.acq_cmd_param
                0x24000018        0x1 ./Core/Src/main.o
                0x24000018                acq_cmd_param
 *fill*         0x24000019        0x3 
 .data.tx_addr  0x2400001c        0x5 ./Core/Src/main.o
                0x2400001c                tx_addr
 *fill*         0x24000021        0x3 
 .data.SystemCoreClock
                0x24000024        0x4 ./Core/Src/system_stm32h7xx.o
                0x24000024                SystemCoreClock
 .data.SystemD2Clock
                0x24000028        0x4 ./Core/Src/system_stm32h7xx.o
                0x24000028                SystemD2Clock
 .data.uwTickPrio
                0x2400002c        0x4 ./Drivers/STM32H7xx_HAL_Driver/Src/stm32h7xx_hal.o
                0x2400002c                uwTickPrio
 .data.uwTickFreq
                0x24000030        0x1 ./Drivers/STM32H7xx_HAL_Driver/Src/stm32h7xx_hal.o
                0x24000030                uwTickFreq
 *fill*         0x24000031        0x3 
 .data._impure_ptr
                0x24000034        0x4 /opt/st/stm32cubeide_1.19.0/plugins/com.st.stm32cube.ide.mcu.externaltools.gnu-tools-for-stm32.13.3.rel1.linux64_1.0.0.202410170706/tools/bin/../lib/gcc/arm-none-eabi/13.3.1/../../../../arm-none-eabi/lib/thumb/v7e-m+dp/hard/libc_nano.a(libc_a-impure.o)
                0x24000034                _impure_ptr
 .data._impure_data
                0x24000038       0x4c /opt/st/stm32cubeide_1.19.0/plugins/com.st.stm32cube.ide.mcu.externaltools.gnu-tools-for-stm32.13.3.rel1.linux64_1.0.0.202410170706/tools/bin/../lib/gcc/arm-none-eabi/13.3.1/../../../../arm-none-eabi/lib/thumb/v7e-m+dp/hard/libc_nano.a(libc_a-impure.o)
                0x24000038                _impure_data
 *(.RamFunc)
 *(.RamFunc*)
                0x24000084                        . = ALIGN (0x4)
                0x24000084                        _edata = .

.igot.plt       0x24000084        0x0 load address 0x08012c1c
 .igot.plt      0x24000084        0x0 /opt/st/stm32cubeide_1.19.0/plugins/com.st.stm32cube.ide.mcu.externaltools.gnu-tools-for-stm32.13.3.rel1.linux64_1.0.0.202410170706/tools/bin/../lib/gcc/arm-none-eabi/13.3.1/thumb/v7e-m+dp/hard/crtbegin.o
                0x24000084                        . = ALIGN (0x4)

.bss            0x24000084     0x827c load address 0x08012c1c
                0x24000084                        _sbss = .
                0x24000084                        __bss_start__ = _sbss
 *(.bss)
 .bss           0x24000084       0x1c /opt/st/stm32cubeide_1.19.0/plugins/com.st.stm32cube.ide.mcu.externaltools.gnu-tools-for-stm32.13.3.rel1.linux64_1.0.0.202410170706/tools/bin/../lib/gcc/arm-none-eabi/13.3.1/thumb/v7e-m+dp/hard/crtbegin.o
 *(.bss*)
 .bss._last_good_dist
                0x240000a0        0x2 ./Core/Src/GarminLidarLiteV3.o
 .bss._acq_pending
                0x240000a2        0x1 ./Core/Src/GarminLidarLiteV3.o
 *fill*         0x240000a3        0x1 
 .bss._acq_trigger_tick
                0x240000a4        0x4 ./Core/Src/GarminLidarLiteV3.o
 .bss.hi2c1     0x240000a8       0x54 ./Core/Src/main.o
                0x240000a8                hi2c1
 .bss.hi2c2     0x240000fc       0x54 ./Core/Src/main.o
                0x240000fc                hi2c2
 .bss.hspi1     0x24000150       0x88 ./Core/Src/main.o
                0x24000150                hspi1
 .bss.htim1     0x240001d8       0x4c ./Core/Src/main.o
                0x240001d8                htim1
 .bss.htim3     0x24000224       0x4c ./Core/Src/main.o
                0x24000224                htim3
 .bss.htim13    0x24000270       0x4c ./Core/Src/main.o
                0x24000270                htim13
 .bss.htim24    0x240002bc       0x4c ./Core/Src/main.o
                0x240002bc                htim24
 .bss.huart3    0x24000308       0x94 ./Core/Src/main.o
                0x24000308                huart3
 .bss.hdma_usart3_rx
                0x2400039c       0x78 ./Core/Src/main.o
                0x2400039c                hdma_usart3_rx
 .bss.currentState
                0x24000414        0x1 ./Core/Src/main.o
                0x24000414                currentState
 .bss.nextState
                0x24000415        0x1 ./Core/Src/main.o
                0x24000415                nextState
 *fill*         0x24000416        0x2 
 .bss.UART3_rxBuffer
                0x24000418       0x20 ./Core/Src/main.o
                0x24000418                UART3_rxBuffer
 .bss.Transmit  0x24000438       0x38 ./Core/Src/main.o
                0x24000438                Transmit
 .bss.Receive   0x24000470       0x40 ./Core/Src/main.o
                0x24000470                Receive
 .bss.TxData    0x240004b0     0x7d00 ./Core/Src/main.o
                0x240004b0                TxData
 .bss.__sbrk_heap_end
                0x240081b0        0x4 ./Core/Src/sysmem.o
 .bss.uwTick    0x240081b4        0x4 ./Drivers/STM32H7xx_HAL_Driver/Src/stm32h7xx_hal.o
                0x240081b4                uwTick
 .bss.__sf      0x240081b8      0x138 /opt/st/stm32cubeide_1.19.0/plugins/com.st.stm32cube.ide.mcu.externaltools.gnu-tools-for-stm32.13.3.rel1.linux64_1.0.0.202410170706/tools/bin/../lib/gcc/arm-none-eabi/13.3.1/../../../../arm-none-eabi/lib/thumb/v7e-m+dp/hard/libc_nano.a(libc_a-findfp.o)
                0x240081b8                __sf
 .bss.errno     0x240082f0        0x4 /opt/st/stm32cubeide_1.19.0/plugins/com.st.stm32cube.ide.mcu.externaltools.gnu-tools-for-stm32.13.3.rel1.linux64_1.0.0.202410170706/tools/bin/../lib/gcc/arm-none-eabi/13.3.1/../../../../arm-none-eabi/lib/thumb/v7e-m+dp/hard/libc_nano.a(libc_a-reent.o)
                0x240082f0                errno
 .bss.__lock___malloc_recursive_mutex
                0x240082f4        0x1 /opt/st/stm32cubeide_1.19.0/plugins/com.st.stm32cube.ide.mcu.externaltools.gnu-tools-for-stm32.13.3.rel1.linux64_1.0.0.202410170706/tools/bin/../lib/gcc/arm-none-eabi/13.3.1/../../../../arm-none-eabi/lib/thumb/v7e-m+dp/hard/libc_nano.a(libc_a-lock.o)
                0x240082f4                __lock___malloc_recursive_mutex
 *fill*         0x240082f5        0x3 
 .bss.__malloc_sbrk_start
                0x240082f8        0x4 /opt/st/stm32cubeide_1.19.0/plugins/com.st.stm32cube.ide.mcu.externaltools.gnu-tools-for-stm32.13.3.rel1.linux64_1.0.0.202410170706/tools/bin/../lib/gcc/arm-none-eabi/13.3.1/../../../../arm-none-eabi/lib/thumb/v7e-m+dp/hard/libc_nano.a(libc_a-mallocr.o)
                0x240082f8                __malloc_sbrk_start
 .bss.__malloc_free_list
                0x240082fc        0x4 /opt/st/stm32cubeide_1.19.0/plugins/com.st.stm32cube.ide.mcu.externaltools.gnu-tools-for-stm32.13.3.rel1.linux64_1.0.0.202410170706/tools/bin/../lib/gcc/arm-none-eabi/13.3.1/../../../../arm-none-eabi/lib/thumb/v7e-m+dp/hard/libc_nano.a(libc_a-mallocr.o)
                0x240082fc                __malloc_free_list
 *(COMMON)
                0x24008300                        . = ALIGN (0x4)
                0x24008300                        _ebss = .
                0x24008300                        __bss_end__ = _ebss

._user_heap_stack
                0x24008300      0x600 load address 0x08012c1c
                0x24008300                        . = ALIGN (0x8)
                [!provide]                        PROVIDE (end = .)
                0x24008300                        PROVIDE (_end = .)
                0x24008500                        . = (. + _Min_Heap_Size)
 *fill*         0x24008300      0x200 
                0x24008900                        . = (. + _Min_Stack_Size)
 *fill*         0x24008500      0x400 
                0x24008900                        . = ALIGN (0x8)

/DISCARD/
 libc.a(*)
 libm.a(*)
 libgcc.a(*)

.ARM.attributes
                0x00000000       0x2e
 *(.ARM.attributes)
 .ARM.attributes
                0x00000000       0x20 /opt/st/stm32cubeide_1.19.0/plugins/com.st.stm32cube.ide.mcu.externaltools.gnu-tools-for-stm32.13.3.rel1.linux64_1.0.0.202410170706/tools/bin/../lib/gcc/arm-none-eabi/13.3.1/thumb/v7e-m+dp/hard/crti.o
 .ARM.attributes
                0x00000020       0x32 /opt/st/stm32cubeide_1.19.0/plugins/com.st.stm32cube.ide.mcu.externaltools.gnu-tools-for-stm32.13.3.rel1.linux64_1.0.0.202410170706/tools/bin/../lib/gcc/arm-none-eabi/13.3.1/thumb/v7e-m+dp/hard/crtbegin.o
 .ARM.attributes
                0x00000052       0x32 ./Core/Src/GarminLidarLiteV3.o
 .ARM.attributes
                0x00000084       0x32 ./Core/Src/GarminLidarV3_Config.o
 .ARM.attributes
                0x000000b6       0x32 ./Core/Src/LIS3DH.o
 .ARM.attributes
                0x000000e8       0x32 ./Core/Src/LIS3DH_Config.o
 .ARM.attributes
                0x0000011a       0x32 ./Core/Src/NRF24.o
 .ARM.attributes
                0x0000014c       0x32 ./Core/Src/commandReader.o
 .ARM.attributes
                0x0000017e       0x32 ./Core/Src/main.o
 .ARM.attributes
                0x000001b0       0x32 ./Core/Src/stm32h7xx_hal_msp.o
 .ARM.attributes
                0x000001e2       0x32 ./Core/Src/stm32h7xx_it.o
 .ARM.attributes
                0x00000214       0x32 ./Core/Src/sysmem.o
 .ARM.attributes
                0x00000246       0x32 ./Core/Src/system_stm32h7xx.o
 .ARM.attributes
                0x00000278       0x21 ./Core/Startup/startup_stm32h723zgtx.o
 .ARM.attributes
                0x00000299       0x32 ./Drivers/STM32H7xx_HAL_Driver/Src/stm32h7xx_hal.o
 .ARM.attributes
                0x000002cb       0x32 ./Drivers/STM32H7xx_HAL_Driver/Src/stm32h7xx_hal_cortex.o
 .ARM.attributes
                0x000002fd       0x32 ./Drivers/STM32H7xx_HAL_Driver/Src/stm32h7xx_hal_dma.o
 .ARM.attributes
                0x0000032f       0x32 ./Drivers/STM32H7xx_HAL_Driver/Src/stm32h7xx_hal_gpio.o
 .ARM.attributes
                0x00000361       0x32 ./Drivers/STM32H7xx_HAL_Driver/Src/stm32h7xx_hal_i2c.o
 .ARM.attributes
                0x00000393       0x32 ./Drivers/STM32H7xx_HAL_Driver/Src/stm32h7xx_hal_i2c_ex.o
 .ARM.attributes
                0x000003c5       0x32 ./Drivers/STM32H7xx_HAL_Driver/Src/stm32h7xx_hal_pwr_ex.o
 .ARM.attributes
                0x000003f7       0x32 ./Drivers/STM32H7xx_HAL_Driver/Src/stm32h7xx_hal_rcc.o
 .ARM.attributes
                0x00000429       0x32 ./Drivers/STM32H7xx_HAL_Driver/Src/stm32h7xx_hal_rcc_ex.o
 .ARM.attributes
                0x0000045b       0x32 ./Drivers/STM32H7xx_HAL_Driver/Src/stm32h7xx_hal_spi.o
 .ARM.attributes
                0x0000048d       0x32 ./Drivers/STM32H7xx_HAL_Driver/Src/stm32h7xx_hal_tim.o
 .ARM.attributes
                0x000004bf       0x32 ./Drivers/STM32H7xx_HAL_Driver/Src/stm32h7xx_hal_tim_ex.o
 .ARM.attributes
                0x000004f1       0x32 ./Drivers/STM32H7xx_HAL_Driver/Src/stm32h7xx_hal_uart.o
 .ARM.attributes
                0x00000523       0x32 ./Drivers/STM32H7xx_HAL_Driver/Src/stm32h7xx_hal_uart_ex.o
 .ARM.attributes
                0x00000555       0x32 /opt/st/stm32cubeide_1.19.0/plugins/com.st.stm32cube.ide.mcu.externaltools.gnu-tools-for-stm32.13.3.rel1.linux64_1.0.0.202410170706/tools/bin/../lib/gcc/arm-none-eabi/13.3.1/../../../../arm-none-eabi/lib/thumb/v7e-m+dp/hard/libc_nano.a(libc_a-atoi.o)
 .ARM.attributes
                0x00000587       0x32 /opt/st/stm32cubeide_1.19.0/plugins/com.st.stm32cube.ide.mcu.externaltools.gnu-tools-for-stm32.13.3.rel1.linux64_1.0.0.202410170706/tools/bin/../lib/gcc/arm-none-eabi/13.3.1/../../../../arm-none-eabi/lib/thumb/v7e-m+dp/hard/libc_nano.a(libc_a-strtol.o)
 .ARM.attributes
                0x000005b9       0x32 /opt/st/stm32cubeide_1.19.0/plugins/com.st.stm32cube.ide.mcu.externaltools.gnu-tools-for-stm32.13.3.rel1.linux64_1.0.0.202410170706/tools/bin/../lib/gcc/arm-none-eabi/13.3.1/../../../../arm-none-eabi/lib/thumb/v7e-m+dp/hard/libc_nano.a(libc_a-ctype_.o)
 .ARM.attributes
                0x000005eb       0x32 /opt/st/stm32cubeide_1.19.0/plugins/com.st.stm32cube.ide.mcu.externaltools.gnu-tools-for-stm32.13.3.rel1.linux64_1.0.0.202410170706/tools/bin/../lib/gcc/arm-none-eabi/13.3.1/../../../../arm-none-eabi/lib/thumb/v7e-m+dp/hard/libc_nano.a(libc_a-findfp.o)
 .ARM.attributes
                0x0000061d       0x32 /opt/st/stm32cubeide_1.19.0/plugins/com.st.stm32cube.ide.mcu.externaltools.gnu-tools-for-stm32.13.3.rel1.linux64_1.0.0.202410170706/tools/bin/../lib/gcc/arm-none-eabi/13.3.1/../../../../arm-none-eabi/lib/thumb/v7e-m+dp/hard/libc_nano.a(libc_a-snprintf.o)
 .ARM.attributes
                0x0000064f       0x32 /opt/st/stm32cubeide_1.19.0/plugins/com.st.stm32cube.ide.mcu.externaltools.gnu-tools-for-stm32.13.3.rel1.linux64_1.0.0.202410170706/tools/bin/../lib/gcc/arm-none-eabi/13.3.1/../../../../arm-none-eabi/lib/thumb/v7e-m+dp/hard/libc_nano.a(libc_a-memset.o)
 .ARM.attributes
                0x00000681       0x32 /opt/st/stm32cubeide_1.19.0/plugins/com.st.stm32cube.ide.mcu.externaltools.gnu-tools-for-stm32.13.3.rel1.linux64_1.0.0.202410170706/tools/bin/../lib/gcc/arm-none-eabi/13.3.1/../../../../arm-none-eabi/lib/thumb/v7e-m+dp/hard/libc_nano.a(libc_a-strncpy.o)
 .ARM.attributes
                0x000006b3       0x32 /opt/st/stm32cubeide_1.19.0/plugins/com.st.stm32cube.ide.mcu.externaltools.gnu-tools-for-stm32.13.3.rel1.linux64_1.0.0.202410170706/tools/bin/../lib/gcc/arm-none-eabi/13.3.1/../../../../arm-none-eabi/lib/thumb/v7e-m+dp/hard/libc_nano.a(libc_a-reent.o)
 .ARM.attributes
                0x000006e5       0x32 /opt/st/stm32cubeide_1.19.0/plugins/com.st.stm32cube.ide.mcu.externaltools.gnu-tools-for-stm32.13.3.rel1.linux64_1.0.0.202410170706/tools/bin/../lib/gcc/arm-none-eabi/13.3.1/../../../../arm-none-eabi/lib/thumb/v7e-m+dp/hard/libc_nano.a(libc_a-impure.o)
 .ARM.attributes
                0x00000717       0x32 /opt/st/stm32cubeide_1.19.0/plugins/com.st.stm32cube.ide.mcu.externaltools.gnu-tools-for-stm32.13.3.rel1.linux64_1.0.0.202410170706/tools/bin/../lib/gcc/arm-none-eabi/13.3.1/../../../../arm-none-eabi/lib/thumb/v7e-m+dp/hard/libc_nano.a(libc_a-errno.o)
 .ARM.attributes
                0x00000749       0x32 /opt/st/stm32cubeide_1.19.0/plugins/com.st.stm32cube.ide.mcu.externaltools.gnu-tools-for-stm32.13.3.rel1.linux64_1.0.0.202410170706/tools/bin/../lib/gcc/arm-none-eabi/13.3.1/../../../../arm-none-eabi/lib/thumb/v7e-m+dp/hard/libc_nano.a(libc_a-init.o)
 .ARM.attributes
                0x0000077b       0x32 /opt/st/stm32cubeide_1.19.0/plugins/com.st.stm32cube.ide.mcu.externaltools.gnu-tools-for-stm32.13.3.rel1.linux64_1.0.0.202410170706/tools/bin/../lib/gcc/arm-none-eabi/13.3.1/../../../../arm-none-eabi/lib/thumb/v7e-m+dp/hard/libc_nano.a(libc_a-lock.o)
 .ARM.attributes
                0x000007ad       0x1e /opt/st/stm32cubeide_1.19.0/plugins/com.st.stm32cube.ide.mcu.externaltools.gnu-tools-for-stm32.13.3.rel1.linux64_1.0.0.202410170706/tools/bin/../lib/gcc/arm-none-eabi/13.3.1/../../../../arm-none-eabi/lib/thumb/v7e-m+dp/hard/libc_nano.a(libc_a-strcmp.o)
 .ARM.attributes
                0x000007cb       0x32 /opt/st/stm32cubeide_1.19.0/plugins/com.st.stm32cube.ide.mcu.externaltools.gnu-tools-for-stm32.13.3.rel1.linux64_1.0.0.202410170706/tools/bin/../lib/gcc/arm-none-eabi/13.3.1/../../../../arm-none-eabi/lib/thumb/v7e-m+dp/hard/libc_nano.a(libc_a-memcpy-stub.o)
 .ARM.attributes
                0x000007fd       0x17 /opt/st/stm32cubeide_1.19.0/plugins/com.st.stm32cube.ide.mcu.externaltools.gnu-tools-for-stm32.13.3.rel1.linux64_1.0.0.202410170706/tools/bin/../lib/gcc/arm-none-eabi/13.3.1/../../../../arm-none-eabi/lib/thumb/v7e-m+dp/hard/libc_nano.a(libc_a-strlen.o)
 .ARM.attributes
                0x00000814       0x32 /opt/st/stm32cubeide_1.19.0/plugins/com.st.stm32cube.ide.mcu.externaltools.gnu-tools-for-stm32.13.3.rel1.linux64_1.0.0.202410170706/tools/bin/../lib/gcc/arm-none-eabi/13.3.1/../../../../arm-none-eabi/lib/thumb/v7e-m+dp/hard/libc_nano.a(libc_a-freer.o)
 .ARM.attributes
                0x00000846       0x32 /opt/st/stm32cubeide_1.19.0/plugins/com.st.stm32cube.ide.mcu.externaltools.gnu-tools-for-stm32.13.3.rel1.linux64_1.0.0.202410170706/tools/bin/../lib/gcc/arm-none-eabi/13.3.1/../../../../arm-none-eabi/lib/thumb/v7e-m+dp/hard/libc_nano.a(libc_a-mallocr.o)
 .ARM.attributes
                0x00000878       0x32 /opt/st/stm32cubeide_1.19.0/plugins/com.st.stm32cube.ide.mcu.externaltools.gnu-tools-for-stm32.13.3.rel1.linux64_1.0.0.202410170706/tools/bin/../lib/gcc/arm-none-eabi/13.3.1/../../../../arm-none-eabi/lib/thumb/v7e-m+dp/hard/libc_nano.a(libc_a-mlock.o)
 .ARM.attributes
                0x000008aa       0x32 /opt/st/stm32cubeide_1.19.0/plugins/com.st.stm32cube.ide.mcu.externaltools.gnu-tools-for-stm32.13.3.rel1.linux64_1.0.0.202410170706/tools/bin/../lib/gcc/arm-none-eabi/13.3.1/../../../../arm-none-eabi/lib/thumb/v7e-m+dp/hard/libc_nano.a(libc_a-nano-svfprintf.o)
 .ARM.attributes
                0x000008dc       0x32 /opt/st/stm32cubeide_1.19.0/plugins/com.st.stm32cube.ide.mcu.externaltools.gnu-tools-for-stm32.13.3.rel1.linux64_1.0.0.202410170706/tools/bin/../lib/gcc/arm-none-eabi/13.3.1/../../../../arm-none-eabi/lib/thumb/v7e-m+dp/hard/libc_nano.a(libc_a-nano-vfprintf_i.o)
 .ARM.attributes
                0x0000090e       0x32 /opt/st/stm32cubeide_1.19.0/plugins/com.st.stm32cube.ide.mcu.externaltools.gnu-tools-for-stm32.13.3.rel1.linux64_1.0.0.202410170706/tools/bin/../lib/gcc/arm-none-eabi/13.3.1/../../../../arm-none-eabi/lib/thumb/v7e-m+dp/hard/libc_nano.a(libc_a-memmove.o)
 .ARM.attributes
                0x00000940       0x32 /opt/st/stm32cubeide_1.19.0/plugins/com.st.stm32cube.ide.mcu.externaltools.gnu-tools-for-stm32.13.3.rel1.linux64_1.0.0.202410170706/tools/bin/../lib/gcc/arm-none-eabi/13.3.1/../../../../arm-none-eabi/lib/thumb/v7e-m+dp/hard/libc_nano.a(libc_a-sbrkr.o)
 .ARM.attributes
                0x00000972       0x1c /opt/st/stm32cubeide_1.19.0/plugins/com.st.stm32cube.ide.mcu.externaltools.gnu-tools-for-stm32.13.3.rel1.linux64_1.0.0.202410170706/tools/bin/../lib/gcc/arm-none-eabi/13.3.1/../../../../arm-none-eabi/lib/thumb/v7e-m+dp/hard/libc_nano.a(libc_a-memchr.o)
 .ARM.attributes
                0x0000098e       0x32 /opt/st/stm32cubeide_1.19.0/plugins/com.st.stm32cube.ide.mcu.externaltools.gnu-tools-for-stm32.13.3.rel1.linux64_1.0.0.202410170706/tools/bin/../lib/gcc/arm-none-eabi/13.3.1/../../../../arm-none-eabi/lib/thumb/v7e-m+dp/hard/libc_nano.a(libc_a-reallocr.o)
 .ARM.attributes
                0x000009c0       0x32 /opt/st/stm32cubeide_1.19.0/plugins/com.st.stm32cube.ide.mcu.externaltools.gnu-tools-for-stm32.13.3.rel1.linux64_1.0.0.202410170706/tools/bin/../lib/gcc/arm-none-eabi/13.3.1/../../../../arm-none-eabi/lib/thumb/v7e-m+dp/hard/libc_nano.a(libc_a-msizer.o)
 .ARM.attributes
                0x000009f2       0x20 /opt/st/stm32cubeide_1.19.0/plugins/com.st.stm32cube.ide.mcu.externaltools.gnu-tools-for-stm32.13.3.rel1.linux64_1.0.0.202410170706/tools/bin/../lib/gcc/arm-none-eabi/13.3.1/thumb/v7e-m+dp/hard/libgcc.a(_aeabi_uldivmod.o)
 .ARM.attributes
                0x00000a12       0x32 /opt/st/stm32cubeide_1.19.0/plugins/com.st.stm32cube.ide.mcu.externaltools.gnu-tools-for-stm32.13.3.rel1.linux64_1.0.0.202410170706/tools/bin/../lib/gcc/arm-none-eabi/13.3.1/thumb/v7e-m+dp/hard/libgcc.a(_udivmoddi4.o)
 .ARM.attributes
                0x00000a44       0x20 /opt/st/stm32cubeide_1.19.0/plugins/com.st.stm32cube.ide.mcu.externaltools.gnu-tools-for-stm32.13.3.rel1.linux64_1.0.0.202410170706/tools/bin/../lib/gcc/arm-none-eabi/13.3.1/thumb/v7e-m+dp/hard/libgcc.a(_dvmd_tls.o)
 .ARM.attributes
                0x00000a64       0x20 /opt/st/stm32cubeide_1.19.0/plugins/com.st.stm32cube.ide.mcu.externaltools.gnu-tools-for-stm32.13.3.rel1.linux64_1.0.0.202410170706/tools/bin/../lib/gcc/arm-none-eabi/13.3.1/thumb/v7e-m+dp/hard/crtn.o
OUTPUT(rc_car_integrated_II.elf elf32-littlearm)
LOAD linker stubs
LOAD /opt/st/stm32cubeide_1.19.0/plugins/com.st.stm32cube.ide.mcu.externaltools.gnu-tools-for-stm32.13.3.rel1.linux64_1.0.0.202410170706/tools/bin/../lib/gcc/arm-none-eabi/13.3.1/../../../../arm-none-eabi/lib/thumb/v7e-m+dp/hard/libc.a
LOAD /opt/st/stm32cubeide_1.19.0/plugins/com.st.stm32cube.ide.mcu.externaltools.gnu-tools-for-stm32.13.3.rel1.linux64_1.0.0.202410170706/tools/bin/../lib/gcc/arm-none-eabi/13.3.1/../../../../arm-none-eabi/lib/thumb/v7e-m+dp/hard/libm.a
LOAD /opt/st/stm32cubeide_1.19.0/plugins/com.st.stm32cube.ide.mcu.externaltools.gnu-tools-for-stm32.13.3.rel1.linux64_1.0.0.202410170706/tools/bin/../lib/gcc/arm-none-eabi/13.3.1/thumb/v7e-m+dp/hard/libgcc.a

.debug_info     0x00000000    0x21e2d
 .debug_info    0x00000000     0x1099 ./Core/Src/GarminLidarLiteV3.o
 .debug_info    0x00001099     0x12d9 ./Core/Src/GarminLidarV3_Config.o
 .debug_info    0x00002372     0x15c7 ./Core/Src/LIS3DH.o
 .debug_info    0x00003939     0x15fa ./Core/Src/LIS3DH_Config.o
 .debug_info    0x00004f33     0x1383 ./Core/Src/NRF24.o
 .debug_info    0x000062b6      0x14e ./Core/Src/commandReader.o
 .debug_info    0x00006404     0x2eac ./Core/Src/main.o
 .debug_info    0x000092b0     0x215e ./Core/Src/stm32h7xx_hal_msp.o
 .debug_info    0x0000b40e      0xc30 ./Core/Src/stm32h7xx_it.o
 .debug_info    0x0000c03e      0x168 ./Core/Src/sysmem.o
 .debug_info    0x0000c1a6      0xbf0 ./Core/Src/system_stm32h7xx.o
 .debug_info    0x0000cd96       0x30 ./Core/Startup/startup_stm32h723zgtx.o
 .debug_info    0x0000cdc6     0x1698 ./Drivers/STM32H7xx_HAL_Driver/Src/stm32h7xx_hal.o
 .debug_info    0x0000e45e     0x10a5 ./Drivers/STM32H7xx_HAL_Driver/Src/stm32h7xx_hal_cortex.o
 .debug_info    0x0000f503      0xb71 ./Drivers/STM32H7xx_HAL_Driver/Src/stm32h7xx_hal_dma.o
 .debug_info    0x00010074      0xc6b ./Drivers/STM32H7xx_HAL_Driver/Src/stm32h7xx_hal_gpio.o
 .debug_info    0x00010cdf     0x22c9 ./Drivers/STM32H7xx_HAL_Driver/Src/stm32h7xx_hal_i2c.o
 .debug_info    0x00012fa8      0xd95 ./Drivers/STM32H7xx_HAL_Driver/Src/stm32h7xx_hal_i2c_ex.o
 .debug_info    0x00013d3d      0xdce ./Drivers/STM32H7xx_HAL_Driver/Src/stm32h7xx_hal_pwr_ex.o
 .debug_info    0x00014b0b      0xd82 ./Drivers/STM32H7xx_HAL_Driver/Src/stm32h7xx_hal_rcc.o
 .debug_info    0x0001588d     0x120b ./Drivers/STM32H7xx_HAL_Driver/Src/stm32h7xx_hal_rcc_ex.o
 .debug_info    0x00016a98     0x144a ./Drivers/STM32H7xx_HAL_Driver/Src/stm32h7xx_hal_spi.o
 .debug_info    0x00017ee2     0x2bae ./Drivers/STM32H7xx_HAL_Driver/Src/stm32h7xx_hal_tim.o
 .debug_info    0x0001aa90     0x18c1 ./Drivers/STM32H7xx_HAL_Driver/Src/stm32h7xx_hal_tim_ex.o
 .debug_info    0x0001c351     0x4b1d ./Drivers/STM32H7xx_HAL_Driver/Src/stm32h7xx_hal_uart.o
 .debug_info    0x00020e6e      0xfbf ./Drivers/STM32H7xx_HAL_Driver/Src/stm32h7xx_hal_uart_ex.o

.debug_abbrev   0x00000000     0x3be9
 .debug_abbrev  0x00000000      0x288 ./Core/Src/GarminLidarLiteV3.o
 .debug_abbrev  0x00000288      0x294 ./Core/Src/GarminLidarV3_Config.o
 .debug_abbrev  0x0000051c      0x2bb ./Core/Src/LIS3DH.o
 .debug_abbrev  0x000007d7      0x296 ./Core/Src/LIS3DH_Config.o
 .debug_abbrev  0x00000a6d      0x318 ./Core/Src/NRF24.o
 .debug_abbrev  0x00000d85       0x9e ./Core/Src/commandReader.o
 .debug_abbrev  0x00000e23      0x386 ./Core/Src/main.o
 .debug_abbrev  0x000011a9      0x283 ./Core/Src/stm32h7xx_hal_msp.o
 .debug_abbrev  0x0000142c      0x199 ./Core/Src/stm32h7xx_it.o
 .debug_abbrev  0x000015c5       0xbc ./Core/Src/sysmem.o
 .debug_abbrev  0x00001681      0x153 ./Core/Src/system_stm32h7xx.o
 .debug_abbrev  0x000017d4       0x24 ./Core/Startup/startup_stm32h723zgtx.o
 .debug_abbrev  0x000017f8      0x29e ./Drivers/STM32H7xx_HAL_Driver/Src/stm32h7xx_hal.o
 .debug_abbrev  0x00001a96      0x339 ./Drivers/STM32H7xx_HAL_Driver/Src/stm32h7xx_hal_cortex.o
 .debug_abbrev  0x00001dcf      0x248 ./Drivers/STM32H7xx_HAL_Driver/Src/stm32h7xx_hal_dma.o
 .debug_abbrev  0x00002017      0x205 ./Drivers/STM32H7xx_HAL_Driver/Src/stm32h7xx_hal_gpio.o
 .debug_abbrev  0x0000221c      0x25d ./Drivers/STM32H7xx_HAL_Driver/Src/stm32h7xx_hal_i2c.o
 .debug_abbrev  0x00002479      0x1f5 ./Drivers/STM32H7xx_HAL_Driver/Src/stm32h7xx_hal_i2c_ex.o
 .debug_abbrev  0x0000266e      0x295 ./Drivers/STM32H7xx_HAL_Driver/Src/stm32h7xx_hal_pwr_ex.o
 .debug_abbrev  0x00002903      0x2b1 ./Drivers/STM32H7xx_HAL_Driver/Src/stm32h7xx_hal_rcc.o
 .debug_abbrev  0x00002bb4      0x269 ./Drivers/STM32H7xx_HAL_Driver/Src/stm32h7xx_hal_rcc_ex.o
 .debug_abbrev  0x00002e1d      0x2b1 ./Drivers/STM32H7xx_HAL_Driver/Src/stm32h7xx_hal_spi.o
 .debug_abbrev  0x000030ce      0x276 ./Drivers/STM32H7xx_HAL_Driver/Src/stm32h7xx_hal_tim.o
 .debug_abbrev  0x00003344      0x296 ./Drivers/STM32H7xx_HAL_Driver/Src/stm32h7xx_hal_tim_ex.o
 .debug_abbrev  0x000035da      0x33d ./Drivers/STM32H7xx_HAL_Driver/Src/stm32h7xx_hal_uart.o
 .debug_abbrev  0x00003917      0x2d2 ./Drivers/STM32H7xx_HAL_Driver/Src/stm32h7xx_hal_uart_ex.o

.debug_aranges  0x00000000     0x1b70
 .debug_aranges
                0x00000000       0x50 ./Core/Src/GarminLidarLiteV3.o
 .debug_aranges
                0x00000050      0x118 ./Core/Src/GarminLidarV3_Config.o
 .debug_aranges
                0x00000168       0xd8 ./Core/Src/LIS3DH.o
 .debug_aranges
                0x00000240      0x1c8 ./Core/Src/LIS3DH_Config.o
 .debug_aranges
                0x00000408      0x1a0 ./Core/Src/NRF24.o
 .debug_aranges
                0x000005a8       0x28 ./Core/Src/commandReader.o
 .debug_aranges
                0x000005d0       0x98 ./Core/Src/main.o
 .debug_aranges
                0x00000668       0x68 ./Core/Src/stm32h7xx_hal_msp.o
 .debug_aranges
                0x000006d0       0x78 ./Core/Src/stm32h7xx_it.o
 .debug_aranges
                0x00000748       0x20 ./Core/Src/sysmem.o
 .debug_aranges
                0x00000768       0x30 ./Core/Src/system_stm32h7xx.o
 .debug_aranges
                0x00000798       0x28 ./Core/Startup/startup_stm32h723zgtx.o
 .debug_aranges
                0x000007c0      0x1c8 ./Drivers/STM32H7xx_HAL_Driver/Src/stm32h7xx_hal.o
 .debug_aranges
                0x00000988      0x130 ./Drivers/STM32H7xx_HAL_Driver/Src/stm32h7xx_hal_cortex.o
 .debug_aranges
                0x00000ab8       0xa0 ./Drivers/STM32H7xx_HAL_Driver/Src/stm32h7xx_hal_dma.o
 .debug_aranges
                0x00000b58       0x58 ./Drivers/STM32H7xx_HAL_Driver/Src/stm32h7xx_hal_gpio.o
 .debug_aranges
                0x00000bb0      0x2a0 ./Drivers/STM32H7xx_HAL_Driver/Src/stm32h7xx_hal_i2c.o