../Core/Src/GarminLidarV3_Config.c:19:6:config_ACQ_COMMAND_reg	16	static
../Core/Src/GarminLidarV3_Config.c:31:9:read_ACQ_COMMAND_reg	16	static
../Core/Src/GarminLidarV3_Config.c:40:6:print_config_ACQ_COMMAND_reg	144	static
../Core/Src/GarminLidarV3_Config.c:79:9:read_STATUS_reg	24	static
../Core/Src/GarminLidarV3_Config.c:93:6:print_STATUS_reg	144	static
../Core/Src/GarminLidarV3_Config.c:161:6:config_SIG_COUNT_VAL_reg	88	static
../Core/Src/GarminLidarV3_Config.c:191:9:read_SIG_COUNT_VAL_reg	88	static
../Core/Src/GarminLidarV3_Config.c:219:6:config_ACQ_CONFIG_REG	32	static
../Core/Src/GarminLidarV3_Config.c:234:6:print_config_ACQ_CONFIG_REG	272	static
../Core/Src/GarminLidarV3_Config.c:309:9:read_VELOCITY_reg	88	static
../Core/Src/GarminLidarV3_Config.c:338:9:read_PEAK_CORR_reg	88	static
../Core/Src/GarminLidarV3_Config.c:367:9:read_NOISE_PEAK_reg	88	static
../Core/Src/GarminLidarV3_Config.c:396:9:read_SIGNAL_STRENGTH_reg	88	static
../Core/Src/GarminLidarV3_Config.c:425:9:read_FULL_DELAY_HIGH_reg	88	static
../Core/Src/GarminLidarV3_Config.c:454:9:read_FULL_DELAY_LOW_reg	88	static
../Core/Src/GarminLidarV3_Config.c:481:6:config_OUTER_LOOP_COUNT_reg	152	static
../Core/Src/GarminLidarV3_Config.c:544:9:read_REF_COUNT_VAL_reg	88	static
../Core/Src/GarminLidarV3_Config.c:573:9:read_LAST_DELAY_HIGH_reg	88	static
../Core/Src/GarminLidarV3_Config.c:602:9:read_LAST_DELAY_LOW_reg	88	static
../Core/Src/GarminLidarV3_Config.c:631:6:read_UNIT_ID_HIGH_reg	88	static
../Core/Src/GarminLidarV3_Config.c:659:6:read_UNIT_ID_LOW_reg	88	static
../Core/Src/GarminLidarV3_Config.c:687:6:read_I2C_ID_HIGH_reg	88	static
../Core/Src/GarminLidarV3_Config.c:715:6:read_I2C_ID_LOW_reg	88	static
../Core/Src/GarminLidarV3_Config.c:743:6:read_I2C_SEC_ADDR_reg	88	static
../Core/Src/GarminLidarV3_Config.c:771:6:config_THRESHOLD_BYPASS_reg	88	static
../Core/Src/GarminLidarV3_Config.c:801:6:config_COMMAND_reg	88	static
../Core/Src/GarminLidarV3_Config.c:842:6:config_MEASURE_DELAY_reg	88	static
../Core/Src/GarminLidarV3_Config.c:872:9:read_PEAK_BCK_reg	88	static
../Core/Src/GarminLidarV3_Config.c:901:9:read_CORR_DATA_reg	88	static
../Core/Src/GarminLidarV3_Config.c:930:9:read_CORR_DATA_SIGN_reg	88	static
../Core/Src/GarminLidarV3_Config.c:959:6:config_ACQ_SETTINGS_reg	88	static
../Core/Src/GarminLidarV3_Config.c:993:6:config_POWER_CONTROL_reg	88	static
