../Core/Src/main.c:231:5:main	160	static
../Core/Src/main.c:594:6:SystemClock_Config	120	static
../Core/Src/main.c:654:13:MX_I2C1_Init	8	static
../Core/Src/main.c:702:13:MX_I2C2_Init	8	static
../Core/Src/main.c:750:13:MX_SPI1_Init	8	static
../Core/Src/main.c:798:13:MX_TIM1_Init	120	static
../Core/Src/main.c:882:13:MX_TIM3_Init	40	static
../Core/Src/main.c:927:13:MX_TIM13_Init	40	static
../Core/Src/main.c:973:13:MX_TIM24_Init	40	static
../Core/Src/main.c:1018:13:MX_USART3_UART_Init	8	static
../Core/Src/main.c:1064:13:MX_DMA_Init	16	static
../Core/Src/main.c:1082:13:MX_GPIO_Init	56	static
../Core/Src/main.c:1158:6:HAL_TIM_PeriodElapsedCallback	16	static
../Core/Src/main.c:1180:6:nrf24_setup	8	static
../Core/Src/main.c:1222:13:formatAccelPrint	80	static
../Core/Src/main.c:1234:13:formatAccelPacket	40	static
../Core/Src/main.c:1243:13:formatSensorPrint	80	static
../Core/Src/main.c:1255:13:formatSensorPacket	40	static
../Core/Src/main.c:1270:6:MPU_Config	24	static
../Core/Src/main.c:1301:6:Error_Handler	4	static,ignoring_inline_asm
