../Core/Src/main.c:221:5:main	176	static
../Core/Src/main.c:609:6:SystemClock_Config	120	static
../Core/Src/main.c:669:13:MX_I2C1_Init	8	static
../Core/Src/main.c:717:13:MX_I2C2_Init	8	static
../Core/Src/main.c:765:13:MX_SPI1_Init	8	static
../Core/Src/main.c:813:13:MX_TIM1_Init	120	static
../Core/Src/main.c:897:13:MX_TIM3_Init	40	static
../Core/Src/main.c:942:13:MX_TIM13_Init	40	static
../Core/Src/main.c:988:13:MX_TIM24_Init	40	static
../Core/Src/main.c:1033:13:MX_USART3_UART_Init	8	static
../Core/Src/main.c:1079:13:MX_DMA_Init	16	static
../Core/Src/main.c:1097:13:MX_GPIO_Init	56	static
../Core/Src/main.c:1173:6:HAL_TIM_PeriodElapsedCallback	16	static
../Core/Src/main.c:1192:6:nrf24_setup	8	static
../Core/Src/main.c:1241:6:MPU_Config	24	static
../Core/Src/main.c:1272:6:Error_Handler	4	static,ignoring_inline_asm
