../Core/Src/NRF24.c:24:6:csn_high	8	static
../Core/Src/NRF24.c:29:6:csn_low	8	static
../Core/Src/NRF24.c:34:6:ce_high	8	static
../Core/Src/NRF24.c:39:6:ce_low	8	static
../Core/Src/NRF24.c:44:6:nrf24_w_reg	24	static
../Core/Src/NRF24.c:57:9:nrf24_r_reg	24	static
../Core/Src/NRF24.c:72:6:nrf24_w_spec_cmd	16	static
../Core/Src/NRF24.c:77:6:nrf24_w_spec_reg	16	static
../Core/Src/NRF24.c:82:6:nrf24_r_spec_reg	16	static
../Core/Src/NRF24.c:87:6:nrf24_pwr_up	16	static
../Core/Src/NRF24.c:98:6:nrf24_pwr_dwn	16	static
../Core/Src/NRF24.c:109:6:nrf24_tx_pwr	24	static
../Core/Src/NRF24.c:122:6:nrf24_data_rate	24	static
../Core/Src/NRF24.c:139:6:nrf24_set_channel	16	static
../Core/Src/NRF24.c:144:6:nrf24_open_tx_pipe	16	static
../Core/Src/NRF24.c:149:6:nrf24_pipe_pld_size	16	static
../Core/Src/NRF24.c:184:6:nrf24_open_rx_pipe	24	static
../Core/Src/NRF24.c:228:6:nrf24_cls_rx_pipe	24	static
../Core/Src/NRF24.c:237:6:nrf24_set_crc	24	static
../Core/Src/NRF24.c:248:6:nrf24_set_addr_width	16	static
../Core/Src/NRF24.c:254:6:nrf24_flush_tx	8	static
../Core/Src/NRF24.c:261:6:nrf24_flush_rx	8	static
../Core/Src/NRF24.c:268:9:nrf24_r_status	24	static
../Core/Src/NRF24.c:280:6:nrf24_clear_rx_dr	16	static
../Core/Src/NRF24.c:291:6:nrf24_clear_tx_ds	16	static
../Core/Src/NRF24.c:302:6:nrf24_clear_max_rt	16	static
../Core/Src/NRF24.c:313:9:nrf24_read_bit	16	static
../Core/Src/NRF24.c:323:6:nrf24_set_bit	24	static
../Core/Src/NRF24.c:338:9:nrf24_r_pld_wid	16	static
../Core/Src/NRF24.c:350:6:nrf24_listen	16	static
../Core/Src/NRF24.c:363:6:nrf24_stop_listen	16	static
../Core/Src/NRF24.c:374:6:nrf24_dpl	24	static
../Core/Src/NRF24.c:387:6:nrf24_set_rx_dpl	24	static
../Core/Src/NRF24.c:405:6:nrf24_auto_ack	24	static
../Core/Src/NRF24.c:423:6:nrf24_auto_ack_all	24	static
../Core/Src/NRF24.c:436:6:nrf24_en_ack_pld	24	static
../Core/Src/NRF24.c:449:6:nrf24_en_dyn_ack	24	static
../Core/Src/NRF24.c:462:6:nrf24_auto_retr_delay	24	static
../Core/Src/NRF24.c:473:6:nrf24_auto_retr_limit	24	static
../Core/Src/NRF24.c:484:6:nrf24_type_to_uint8_t	32	static
../Core/Src/NRF24.c:492:8:nrf24_uint8_t_to_type	24	static
../Core/Src/NRF24.c:505:9:nrf24_transmit	24	static
../Core/Src/NRF24.c:536:6:nrf24_transmit_no_ack	24	static
../Core/Src/NRF24.c:553:6:nrf24_transmit_rx_ack_pld	24	static
../Core/Src/NRF24.c:570:9:nrf24_carrier_detect	8	static
../Core/Src/NRF24.c:575:9:nrf24_data_available	16	static
../Core/Src/NRF24.c:588:6:nrf24_receive	24	static
../Core/Src/NRF24.c:600:6:nrf24_defaults	16	static
../Core/Src/NRF24.c:634:6:nrf24_init	8	static
